./layer_0/database_tuning_record.json:
[
  [
    31,
    [
      49,
      4,
      2,
      1,
      2
    ]
  ],
  [
    33,
    [
      1,
      1,
      4,
      1,
      1
    ]
  ],
  [
    35,
    [
      5,
      1,
      2
    ]
  ],
  [
    62,
    2
  ],
  [
    68,
    0
  ],
  [
    74,
    1
  ],
  [
    101,
    0
  ]
]

./layer_1/database_tuning_record.json:
[
  [
    25,
    [
      7,
      28,
      1,
      1,
      1
    ]
  ],
  [
    27,
    [
      1,
      1,
      4,
      1,
      1
    ]
  ],
  [
    29,
    [
      4,
      3,
      3
    ]
  ],
  [
    56,
    2
  ],
  [
    62,
    0
  ],
  [
    68,
    2
  ],
  [
    95,
    2
  ]
]

./layer_2/database_tuning_record.json:
[
  [
    25,
    [
      7,
      14,
      2,
      1,
      1
    ]
  ],
  [
    27,
    [
      2,
      1,
      2,
      1,
      1
    ]
  ],
  [
    29,
    [
      2,
      2,
      1
    ]
  ],
  [
    56,
    2
  ],
  [
    62,
    2
  ],
  [
    68,
    3
  ],
  [
    95,
    4
  ]
]

./layer_3/database_tuning_record.json:
[
  [
    25,
    [
      49,
      1,
      1,
      1,
      1
    ]
  ],
  [
    27,
    [
      2,
      2,
      2,
      1,
      1
    ]
  ],
  [
    29,
    [
      6,
      3,
      2
    ]
  ],
  [
    56,
    2
  ],
  [
    62,
    0
  ],
  [
    68,
    1
  ],
  [
    95,
    2
  ]
]

./layer_4/database_tuning_record.json:
[
  [
    25,
    [
      49,
      1,
      1,
      1,
      1
    ]
  ],
  [
    27,
    [
      2,
      1,
      2,
      1,
      2
    ]
  ],
  [
    29,
    [
      2,
      2,
      1
    ]
  ],
  [
    56,
    1
  ],
  [
    62,
    0
  ],
  [
    68,
    2
  ],
  [
    95,
    1
  ]
]

./layer_5/database_tuning_record.json:
[
  [
    25,
    [
      49,
      1,
      1,
      1,
      1
    ]
  ],
  [
    27,
    [
      4,
      1,
      2,
      1,
      1
    ]
  ],
  [
    29,
    [
      8,
      3,
      3
    ]
  ],
  [
    56,
    2
  ],
  [
    62,
    0
  ],
  [
    68,
    2
  ],
  [
    95,
    2
  ]
]

./layer_6/database_tuning_record.json:
[
  [
    31,
    [
      13,
      1,
      1,
      1,
      1
    ]
  ],
  [
    33,
    [
      1,
      16,
      1,
      1,
      1
    ]
  ],
  [
    35,
    [
      8,
      3,
      3
    ]
  ],
  [
    62,
    2
  ],
  [
    68,
    1
  ],
  [
    74,
    2
  ],
  [
    101,
    3
  ]
]

./layer_7/database_tuning_record.json:
[
  [
    31,
    [
      13,
      1,
      1,
      1,
      1
    ]
  ],
  [
    33,
    [
      1,
      8,
      2,
      1,
      1
    ]
  ],
  [
    35,
    [
      2,
      4,
      1
    ]
  ],
  [
    62,
    2
  ],
  [
    68,
    2
  ],
  [
    74,
    3
  ],
  [
    101,
    1
  ]
]

./layer_8/database_tuning_record.json:
[
  [
    31,
    [
      13,
      1,
      1,
      1,
      1
    ]
  ],
  [
    33,
    [
      1,
      8,
      2,
      1,
      1
    ]
  ],
  [
    35,
    [
      16,
      3,
      3
    ]
  ],
  [
    62,
    0
  ],
  [
    68,
    0
  ],
  [
    74,
    3
  ],
  [
    101,
    3
  ]
]

./layer_9/database_tuning_record.json:
[
  [
    31,
    [
      2,
      1,
      2,
      1,
      1
    ]
  ],
  [
    33,
    [
      1,
      16,
      2,
      1,
      1
    ]
  ],
  [
    35,
    [
      12,
      12,
      1
    ]
  ],
  [
    62,
    2
  ],
  [
    68,
    0
  ],
  [
    74,
    0
  ],
  [
    101,
    2
  ]
]

