2025-10-07 10:34:47 [INFO] Logging directory: ./layer_7/logs
2025-10-07 10:34:47 [INFO] LocalBuilder: max_workers = 32
2025-10-07 10:34:48 [INFO] [task_scheduler.cc:159] Initializing Task #0: "main"
2025-10-07 10:34:48 [INFO] [task_scheduler.cc:320] 
 ID | Name |     FLOP | Weight | Speed (GFLOPS) | Latency (us) | Weighted Latency (us) | Trials | Done 
-------------------------------------------------------------------------------------------------------
  0 | main | 12845056 |      1 |            N/A |          N/A |                   N/A |      0 |      
-------------------------------------------------------------------------------------------------------
Total trials: 0
Total latency (us): 0

2025-10-07 10:34:48 [INFO] [task_scheduler.cc:180] TaskScheduler picks Task #0: "main"
2025-10-07 10:35:20 [INFO] [task_scheduler.cc:193] Sending 64 sample(s) to builder
2025-10-07 10:35:29 [INFO] [task_scheduler.cc:195] Sending 64 sample(s) to runner
2025-10-07 10:35:48 [DEBUG] XGB iter   0: tr-p-rmse: 0.538216	tr-a-peak@32: 0.960859	tr-rmse: 0.383373	tr-rmse: 0.383373
2025-10-07 10:35:48 [DEBUG] XGB iter  25: tr-p-rmse: 0.031192	tr-a-peak@32: 1.000000	tr-rmse: 0.457283	tr-rmse: 0.457283
2025-10-07 10:35:48 [DEBUG] XGB iter  50: tr-p-rmse: 0.031192	tr-a-peak@32: 1.000000	tr-rmse: 0.457283	tr-rmse: 0.457283
2025-10-07 10:35:48 [DEBUG] XGB stopped. Best iteration: [23] tr-p-rmse:0.03119	tr-a-peak@32:1.00000	tr-rmse:0.45728	tr-rmse:0.45728 
2025-10-07 10:35:48 [INFO] [task_scheduler.cc:237] [Updated] Task #0: "main"
2025-10-07 10:35:48 [INFO] [task_scheduler.cc:320] 
 ID | Name |     FLOP | Weight | Speed (GFLOPS) | Latency (us) | Weighted Latency (us) | Trials | Done 
-------------------------------------------------------------------------------------------------------
  0 | main | 12845056 |      1 |      4270.9497 |       3.0075 |                3.0075 |     64 |      
-------------------------------------------------------------------------------------------------------
Total trials: 64
Total latency (us): 3.00754

2025-10-07 10:35:48 [INFO] [task_scheduler.cc:180] TaskScheduler picks Task #0: "main"
2025-10-07 10:36:21 [INFO] [task_scheduler.cc:193] Sending 64 sample(s) to builder
2025-10-07 10:36:29 [INFO] [task_scheduler.cc:195] Sending 64 sample(s) to runner
2025-10-07 10:36:48 [DEBUG] XGB validation: p-rmse: 0.199511	a-peak@32: 0.986033
2025-10-07 10:36:48 [DEBUG] XGB iter   0: tr-p-rmse: 0.510427	tr-a-peak@32: 0.976772	tr-rmse: 0.363068	tr-rmse: 0.363068
2025-10-07 10:36:48 [DEBUG] XGB iter  25: tr-p-rmse: 0.023933	tr-a-peak@32: 1.000000	tr-rmse: 0.442359	tr-rmse: 0.442359
2025-10-07 10:36:48 [DEBUG] XGB iter  50: tr-p-rmse: 0.023932	tr-a-peak@32: 1.000000	tr-rmse: 0.442359	tr-rmse: 0.442359
2025-10-07 10:36:48 [DEBUG] XGB iter  75: tr-p-rmse: 0.023932	tr-a-peak@32: 1.000000	tr-rmse: 0.442359	tr-rmse: 0.442359
2025-10-07 10:36:48 [DEBUG] XGB stopped. Best iteration: [26] tr-p-rmse:0.02393	tr-a-peak@32:1.00000	tr-rmse:0.44236	tr-rmse:0.44236 
2025-10-07 10:36:48 [INFO] [task_scheduler.cc:237] [Updated] Task #0: "main"
2025-10-07 10:36:48 [INFO] [task_scheduler.cc:320] 
 ID | Name |     FLOP | Weight | Speed (GFLOPS) | Latency (us) | Weighted Latency (us) | Trials | Done 
-------------------------------------------------------------------------------------------------------
  0 | main | 12845056 |      1 |      4270.9497 |       3.0075 |                3.0075 |    128 |      
-------------------------------------------------------------------------------------------------------
Total trials: 128
Total latency (us): 3.00754

2025-10-07 10:36:48 [INFO] [task_scheduler.cc:180] TaskScheduler picks Task #0: "main"
2025-10-07 10:37:27 [INFO] [task_scheduler.cc:193] Sending 64 sample(s) to builder
2025-10-07 10:37:35 [INFO] [task_scheduler.cc:195] Sending 64 sample(s) to runner
2025-10-07 10:37:57 [DEBUG] XGB validation: p-rmse: 0.101754	a-peak@32: 0.988144
2025-10-07 10:37:57 [DEBUG] XGB iter   0: tr-p-rmse: 0.446409	tr-a-peak@32: 0.991541	tr-rmse: 0.435417	tr-rmse: 0.435418
2025-10-07 10:37:57 [DEBUG] XGB iter  25: tr-p-rmse: 0.026703	tr-a-peak@32: 0.995758	tr-rmse: 0.515005	tr-rmse: 0.515005
2025-10-07 10:37:57 [DEBUG] XGB iter  50: tr-p-rmse: 0.026703	tr-a-peak@32: 0.995758	tr-rmse: 0.515005	tr-rmse: 0.515005
2025-10-07 10:37:57 [DEBUG] XGB stopped. Best iteration: [22] tr-p-rmse:0.02670	tr-a-peak@32:0.99576	tr-rmse:0.51501	tr-rmse:0.51501 
2025-10-07 10:37:57 [INFO] [task_scheduler.cc:237] [Updated] Task #0: "main"
2025-10-07 10:37:57 [INFO] [task_scheduler.cc:320] 
 ID | Name |     FLOP | Weight | Speed (GFLOPS) | Latency (us) | Weighted Latency (us) | Trials | Done 
-------------------------------------------------------------------------------------------------------
  0 | main | 12845056 |      1 |      4322.8870 |       2.9714 |                2.9714 |    192 |      
-------------------------------------------------------------------------------------------------------
Total trials: 192
Total latency (us): 2.97141

2025-10-07 10:37:57 [INFO] [task_scheduler.cc:180] TaskScheduler picks Task #0: "main"
2025-10-07 10:38:38 [INFO] [task_scheduler.cc:193] Sending 64 sample(s) to builder
2025-10-07 10:38:43 [INFO] [task_scheduler.cc:195] Sending 64 sample(s) to runner
2025-10-07 10:39:05 [DEBUG] XGB validation: p-rmse: 0.098343	a-peak@32: 0.982135
2025-10-07 10:39:05 [DEBUG] XGB iter   0: tr-p-rmse: 0.416623	tr-a-peak@32: 0.933966	tr-rmse: 0.440668	tr-rmse: 0.440668
2025-10-07 10:39:05 [DEBUG] XGB iter  25: tr-p-rmse: 0.035625	tr-a-peak@32: 0.995904	tr-rmse: 0.523275	tr-rmse: 0.523275
2025-10-07 10:39:05 [DEBUG] XGB iter  50: tr-p-rmse: 0.035625	tr-a-peak@32: 0.995904	tr-rmse: 0.523275	tr-rmse: 0.523275
2025-10-07 10:39:05 [DEBUG] XGB stopped. Best iteration: [17] tr-p-rmse:0.03562	tr-a-peak@32:0.99590	tr-rmse:0.52327	tr-rmse:0.52327 
2025-10-07 10:39:05 [INFO] [task_scheduler.cc:237] [Updated] Task #0: "main"
2025-10-07 10:39:05 [INFO] [task_scheduler.cc:320] 
 ID | Name |     FLOP | Weight | Speed (GFLOPS) | Latency (us) | Weighted Latency (us) | Trials | Done 
-------------------------------------------------------------------------------------------------------
  0 | main | 12845056 |      1 |      4513.9610 |       2.8456 |                2.8456 |    256 |      
-------------------------------------------------------------------------------------------------------
Total trials: 256
Total latency (us): 2.84563

2025-10-07 10:39:05 [INFO] [task_scheduler.cc:180] TaskScheduler picks Task #0: "main"
2025-10-07 10:39:46 [INFO] [task_scheduler.cc:193] Sending 64 sample(s) to builder
2025-10-07 10:39:52 [INFO] [task_scheduler.cc:195] Sending 64 sample(s) to runner
2025-10-07 10:40:13 [DEBUG] XGB validation: p-rmse: 0.089834	a-peak@32: 0.997613
2025-10-07 10:40:13 [DEBUG] XGB iter   0: tr-p-rmse: 0.386357	tr-a-peak@32: 0.982833	tr-rmse: 0.458250	tr-rmse: 0.458250
2025-10-07 10:40:13 [DEBUG] XGB iter  25: tr-p-rmse: 0.039975	tr-a-peak@32: 0.990827	tr-rmse: 0.540453	tr-rmse: 0.540454
2025-10-07 10:40:13 [DEBUG] XGB iter  50: tr-p-rmse: 0.039975	tr-a-peak@32: 0.990827	tr-rmse: 0.540454	tr-rmse: 0.540453
2025-10-07 10:40:13 [DEBUG] XGB stopped. Best iteration: [18] tr-p-rmse:0.03997	tr-a-peak@32:0.99083	tr-rmse:0.54045	tr-rmse:0.54045 
2025-10-07 10:40:13 [INFO] [task_scheduler.cc:237] [Updated] Task #0: "main"
2025-10-07 10:40:13 [INFO] [task_scheduler.cc:320] 
 ID | Name |     FLOP | Weight | Speed (GFLOPS) | Latency (us) | Weighted Latency (us) | Trials | Done 
-------------------------------------------------------------------------------------------------------
  0 | main | 12845056 |      1 |      4513.9610 |       2.8456 |                2.8456 |    320 |      
-------------------------------------------------------------------------------------------------------
Total trials: 320
Total latency (us): 2.84563

2025-10-07 10:40:13 [INFO] [task_scheduler.cc:180] TaskScheduler picks Task #0: "main"
2025-10-07 10:40:54 [INFO] [task_scheduler.cc:193] Sending 64 sample(s) to builder
2025-10-07 10:40:59 [INFO] [task_scheduler.cc:195] Sending 64 sample(s) to runner
2025-10-07 10:41:22 [DEBUG] XGB validation: p-rmse: 0.112790	a-peak@32: 0.950291
2025-10-07 10:41:22 [DEBUG] XGB iter   0: tr-p-rmse: 0.373604	tr-a-peak@32: 0.965367	tr-rmse: 0.465496	tr-rmse: 0.465496
2025-10-07 10:41:22 [DEBUG] XGB iter  25: tr-p-rmse: 0.045323	tr-a-peak@32: 0.991100	tr-rmse: 0.547499	tr-rmse: 0.547499
2025-10-07 10:41:22 [DEBUG] XGB iter  50: tr-p-rmse: 0.045323	tr-a-peak@32: 0.991100	tr-rmse: 0.547499	tr-rmse: 0.547499
2025-10-07 10:41:22 [DEBUG] XGB stopped. Best iteration: [21] tr-p-rmse:0.04532	tr-a-peak@32:0.99110	tr-rmse:0.54750	tr-rmse:0.54750 
2025-10-07 10:41:22 [INFO] [task_scheduler.cc:237] [Updated] Task #0: "main"
2025-10-07 10:41:22 [INFO] [task_scheduler.cc:320] 
 ID | Name |     FLOP | Weight | Speed (GFLOPS) | Latency (us) | Weighted Latency (us) | Trials | Done 
-------------------------------------------------------------------------------------------------------
  0 | main | 12845056 |      1 |      4513.9610 |       2.8456 |                2.8456 |    384 |      
-------------------------------------------------------------------------------------------------------
Total trials: 384
Total latency (us): 2.84563

2025-10-07 10:41:22 [INFO] [task_scheduler.cc:180] TaskScheduler picks Task #0: "main"
2025-10-07 10:42:02 [INFO] [task_scheduler.cc:193] Sending 64 sample(s) to builder
2025-10-07 10:42:16 [INFO] [task_scheduler.cc:195] Sending 64 sample(s) to runner
2025-10-07 10:42:38 [DEBUG] XGB validation: p-rmse: 0.098453	a-peak@32: 0.982096
2025-10-07 10:42:38 [DEBUG] XGB iter   0: tr-p-rmse: 0.365836	tr-a-peak@32: 0.964206	tr-rmse: 0.466107	tr-rmse: 0.466107
2025-10-07 10:42:38 [DEBUG] XGB iter  25: tr-p-rmse: 0.050223	tr-a-peak@32: 0.969583	tr-rmse: 0.549134	tr-rmse: 0.549134
2025-10-07 10:42:39 [DEBUG] XGB iter  50: tr-p-rmse: 0.050223	tr-a-peak@32: 0.969583	tr-rmse: 0.549134	tr-rmse: 0.549134
2025-10-07 10:42:39 [DEBUG] XGB stopped. Best iteration: [22] tr-p-rmse:0.05022	tr-a-peak@32:0.96958	tr-rmse:0.54913	tr-rmse:0.54913 
2025-10-07 10:42:39 [INFO] [task_scheduler.cc:237] [Updated] Task #0: "main"
2025-10-07 10:42:39 [INFO] [task_scheduler.cc:320] 
 ID | Name |     FLOP | Weight | Speed (GFLOPS) | Latency (us) | Weighted Latency (us) | Trials | Done 
-------------------------------------------------------------------------------------------------------
  0 | main | 12845056 |      1 |      4513.9610 |       2.8456 |                2.8456 |    448 |      
-------------------------------------------------------------------------------------------------------
Total trials: 448
Total latency (us): 2.84563

2025-10-07 10:42:39 [INFO] [task_scheduler.cc:180] TaskScheduler picks Task #0: "main"
2025-10-07 10:43:19 [INFO] [task_scheduler.cc:193] Sending 64 sample(s) to builder
2025-10-07 10:43:24 [INFO] [task_scheduler.cc:195] Sending 64 sample(s) to runner
2025-10-07 10:43:46 [DEBUG] XGB validation: p-rmse: 0.064173	a-peak@32: 0.930772
2025-10-07 10:43:46 [DEBUG] XGB iter   0: tr-p-rmse: 0.356163	tr-a-peak@32: 0.989900	tr-rmse: 0.470044	tr-rmse: 0.470045
2025-10-07 10:43:46 [DEBUG] XGB iter  25: tr-p-rmse: 0.051046	tr-a-peak@32: 0.982462	tr-rmse: 0.553174	tr-rmse: 0.553174
2025-10-07 10:43:46 [DEBUG] XGB iter  50: tr-p-rmse: 0.051046	tr-a-peak@32: 0.982462	tr-rmse: 0.553174	tr-rmse: 0.553174
2025-10-07 10:43:46 [DEBUG] XGB stopped. Best iteration: [21] tr-p-rmse:0.05105	tr-a-peak@32:0.98246	tr-rmse:0.55317	tr-rmse:0.55317 
2025-10-07 10:43:46 [INFO] [task_scheduler.cc:237] [Updated] Task #0: "main"
2025-10-07 10:43:46 [INFO] [task_scheduler.cc:320] 
 ID | Name |     FLOP | Weight | Speed (GFLOPS) | Latency (us) | Weighted Latency (us) | Trials | Done 
-------------------------------------------------------------------------------------------------------
  0 | main | 12845056 |      1 |      4513.9610 |       2.8456 |                2.8456 |    512 |      
-------------------------------------------------------------------------------------------------------
Total trials: 512
Total latency (us): 2.84563

2025-10-07 10:43:46 [INFO] [task_scheduler.cc:180] TaskScheduler picks Task #0: "main"
2025-10-07 10:44:26 [INFO] [task_scheduler.cc:193] Sending 64 sample(s) to builder
2025-10-07 10:44:35 [INFO] [task_scheduler.cc:195] Sending 64 sample(s) to runner
2025-10-07 10:44:56 [DEBUG] XGB validation: p-rmse: 0.098827	a-peak@32: 0.995931
2025-10-07 10:44:56 [DEBUG] XGB iter   0: tr-p-rmse: 0.349379	tr-a-peak@32: 0.965394	tr-rmse: 0.474772	tr-rmse: 0.474773
2025-10-07 10:44:56 [DEBUG] XGB iter  25: tr-p-rmse: 0.051312	tr-a-peak@32: 0.977236	tr-rmse: 0.557501	tr-rmse: 0.557501
2025-10-07 10:44:56 [DEBUG] XGB iter  50: tr-p-rmse: 0.050948	tr-a-peak@32: 0.976800	tr-rmse: 0.557499	tr-rmse: 0.557499
2025-10-07 10:44:56 [DEBUG] XGB iter  75: tr-p-rmse: 0.050948	tr-a-peak@32: 0.976800	tr-rmse: 0.557499	tr-rmse: 0.557499
2025-10-07 10:44:56 [DEBUG] XGB stopped. Best iteration: [30] tr-p-rmse:0.05095	tr-a-peak@32:0.97680	tr-rmse:0.55750	tr-rmse:0.55750 
2025-10-07 10:44:56 [INFO] [task_scheduler.cc:237] [Updated] Task #0: "main"
2025-10-07 10:44:56 [INFO] [task_scheduler.cc:320] 
 ID | Name |     FLOP | Weight | Speed (GFLOPS) | Latency (us) | Weighted Latency (us) | Trials | Done 
-------------------------------------------------------------------------------------------------------
  0 | main | 12845056 |      1 |      4513.9610 |       2.8456 |                2.8456 |    576 |      
-------------------------------------------------------------------------------------------------------
Total trials: 576
Total latency (us): 2.84563

2025-10-07 10:44:56 [INFO] [task_scheduler.cc:180] TaskScheduler picks Task #0: "main"
2025-10-07 10:45:37 [INFO] [task_scheduler.cc:193] Sending 64 sample(s) to builder
2025-10-07 10:45:43 [INFO] [task_scheduler.cc:195] Sending 64 sample(s) to runner
2025-10-07 10:46:04 [DEBUG] XGB validation: p-rmse: 0.073204	a-peak@32: 0.985224
2025-10-07 10:46:04 [DEBUG] XGB iter   0: tr-p-rmse: 0.342748	tr-a-peak@32: 0.949199	tr-rmse: 0.478320	tr-rmse: 0.478320
2025-10-07 10:46:04 [DEBUG] XGB iter  25: tr-p-rmse: 0.052633	tr-a-peak@32: 0.975935	tr-rmse: 0.560897	tr-rmse: 0.560897
2025-10-07 10:46:04 [DEBUG] XGB iter  50: tr-p-rmse: 0.052633	tr-a-peak@32: 0.975935	tr-rmse: 0.560897	tr-rmse: 0.560897
2025-10-07 10:46:04 [DEBUG] XGB iter  75: tr-p-rmse: 0.052633	tr-a-peak@32: 0.975935	tr-rmse: 0.560897	tr-rmse: 0.560897
2025-10-07 10:46:04 [DEBUG] XGB stopped. Best iteration: [25] tr-p-rmse:0.05263	tr-a-peak@32:0.97593	tr-rmse:0.56090	tr-rmse:0.56090 
2025-10-07 10:46:04 [INFO] [task_scheduler.cc:237] [Updated] Task #0: "main"
2025-10-07 10:46:04 [INFO] [task_scheduler.cc:320] 
 ID | Name |     FLOP | Weight | Speed (GFLOPS) | Latency (us) | Weighted Latency (us) | Trials | Done 
-------------------------------------------------------------------------------------------------------
  0 | main | 12845056 |      1 |      4513.9610 |       2.8456 |                2.8456 |    640 |      
-------------------------------------------------------------------------------------------------------
Total trials: 640
Total latency (us): 2.84563

2025-10-07 10:46:04 [INFO] [task_scheduler.cc:180] TaskScheduler picks Task #0: "main"
2025-10-07 10:46:44 [INFO] [task_scheduler.cc:193] Sending 64 sample(s) to builder
2025-10-07 10:46:50 [INFO] [task_scheduler.cc:195] Sending 64 sample(s) to runner
2025-10-07 10:47:12 [DEBUG] XGB validation: p-rmse: 0.076159	a-peak@32: 0.982579
2025-10-07 10:47:12 [DEBUG] XGB iter   0: tr-p-rmse: 0.337103	tr-a-peak@32: 0.941532	tr-rmse: 0.480920	tr-rmse: 0.480920
2025-10-07 10:47:12 [DEBUG] XGB iter  25: tr-p-rmse: 0.051935	tr-a-peak@32: 0.976409	tr-rmse: 0.563405	tr-rmse: 0.563405
2025-10-07 10:47:12 [DEBUG] XGB iter  50: tr-p-rmse: 0.051601	tr-a-peak@32: 0.976478	tr-rmse: 0.563415	tr-rmse: 0.563415
2025-10-07 10:47:12 [DEBUG] XGB iter  75: tr-p-rmse: 0.051601	tr-a-peak@32: 0.976478	tr-rmse: 0.563415	tr-rmse: 0.563415
2025-10-07 10:47:12 [DEBUG] XGB stopped. Best iteration: [30] tr-p-rmse:0.05160	tr-a-peak@32:0.97648	tr-rmse:0.56341	tr-rmse:0.56341 
2025-10-07 10:47:12 [INFO] [task_scheduler.cc:237] [Updated] Task #0: "main"
2025-10-07 10:47:12 [INFO] [task_scheduler.cc:320] 
 ID | Name |     FLOP | Weight | Speed (GFLOPS) | Latency (us) | Weighted Latency (us) | Trials | Done 
-------------------------------------------------------------------------------------------------------
  0 | main | 12845056 |      1 |      4513.9610 |       2.8456 |                2.8456 |    704 |      
-------------------------------------------------------------------------------------------------------
Total trials: 704
Total latency (us): 2.84563

2025-10-07 10:47:12 [INFO] [task_scheduler.cc:180] TaskScheduler picks Task #0: "main"
2025-10-07 10:47:52 [INFO] [task_scheduler.cc:193] Sending 64 sample(s) to builder
2025-10-07 10:47:59 [INFO] [task_scheduler.cc:195] Sending 64 sample(s) to runner
2025-10-07 10:48:20 [DEBUG] XGB validation: p-rmse: 0.063282	a-peak@32: 0.982497
2025-10-07 10:48:20 [DEBUG] XGB iter   0: tr-p-rmse: 0.332764	tr-a-peak@32: 0.968265	tr-rmse: 0.483078	tr-rmse: 0.483078
2025-10-07 10:48:20 [DEBUG] XGB iter  25: tr-p-rmse: 0.051233	tr-a-peak@32: 0.976963	tr-rmse: 0.565388	tr-rmse: 0.565388
2025-10-07 10:48:20 [DEBUG] XGB iter  50: tr-p-rmse: 0.051100	tr-a-peak@32: 0.976963	tr-rmse: 0.565401	tr-rmse: 0.565401
2025-10-07 10:48:20 [DEBUG] XGB iter  75: tr-p-rmse: 0.051100	tr-a-peak@32: 0.976963	tr-rmse: 0.565401	tr-rmse: 0.565401
2025-10-07 10:48:20 [DEBUG] XGB stopped. Best iteration: [29] tr-p-rmse:0.05110	tr-a-peak@32:0.97696	tr-rmse:0.56540	tr-rmse:0.56540 
2025-10-07 10:48:20 [INFO] [task_scheduler.cc:237] [Updated] Task #0: "main"
2025-10-07 10:48:20 [INFO] [task_scheduler.cc:320] 
 ID | Name |     FLOP | Weight | Speed (GFLOPS) | Latency (us) | Weighted Latency (us) | Trials | Done 
-------------------------------------------------------------------------------------------------------
  0 | main | 12845056 |      1 |      4513.9610 |       2.8456 |                2.8456 |    768 |      
-------------------------------------------------------------------------------------------------------
Total trials: 768
Total latency (us): 2.84563

2025-10-07 10:48:20 [INFO] [task_scheduler.cc:180] TaskScheduler picks Task #0: "main"
2025-10-07 10:49:00 [INFO] [task_scheduler.cc:193] Sending 64 sample(s) to builder
2025-10-07 10:49:09 [INFO] [task_scheduler.cc:195] Sending 64 sample(s) to runner
2025-10-07 10:49:30 [DEBUG] XGB validation: p-rmse: 0.074860	a-peak@32: 0.964426
2025-10-07 10:49:30 [DEBUG] XGB iter   0: tr-p-rmse: 0.331294	tr-a-peak@32: 0.952553	tr-rmse: 0.479749	tr-rmse: 0.479749
2025-10-07 10:49:30 [DEBUG] XGB iter  25: tr-p-rmse: 0.051784	tr-a-peak@32: 0.969014	tr-rmse: 0.562839	tr-rmse: 0.562839
2025-10-07 10:49:30 [DEBUG] XGB iter  50: tr-p-rmse: 0.051477	tr-a-peak@32: 0.969485	tr-rmse: 0.562839	tr-rmse: 0.562839
2025-10-07 10:49:31 [DEBUG] XGB iter  75: tr-p-rmse: 0.051477	tr-a-peak@32: 0.969485	tr-rmse: 0.562839	tr-rmse: 0.562839
2025-10-07 10:49:31 [DEBUG] XGB stopped. Best iteration: [32] tr-p-rmse:0.05148	tr-a-peak@32:0.96949	tr-rmse:0.56284	tr-rmse:0.56284 
2025-10-07 10:49:31 [INFO] [task_scheduler.cc:237] [Updated] Task #0: "main"
2025-10-07 10:49:31 [INFO] [task_scheduler.cc:320] 
 ID | Name |     FLOP | Weight | Speed (GFLOPS) | Latency (us) | Weighted Latency (us) | Trials | Done 
-------------------------------------------------------------------------------------------------------
  0 | main | 12845056 |      1 |      4548.5604 |       2.8240 |                2.8240 |    832 |      
-------------------------------------------------------------------------------------------------------
Total trials: 832
Total latency (us): 2.82398

2025-10-07 10:49:31 [INFO] [task_scheduler.cc:180] TaskScheduler picks Task #0: "main"
2025-10-07 10:50:11 [INFO] [task_scheduler.cc:193] Sending 64 sample(s) to builder
2025-10-07 10:50:16 [INFO] [task_scheduler.cc:195] Sending 64 sample(s) to runner
2025-10-07 10:50:38 [DEBUG] XGB validation: p-rmse: 0.088719	a-peak@32: 0.981961
2025-10-07 10:50:38 [DEBUG] XGB iter   0: tr-p-rmse: 0.328977	tr-a-peak@32: 0.919051	tr-rmse: 0.480507	tr-rmse: 0.480507
2025-10-07 10:50:38 [DEBUG] XGB iter  25: tr-p-rmse: 0.051644	tr-a-peak@32: 0.966568	tr-rmse: 0.563750	tr-rmse: 0.563750
2025-10-07 10:50:38 [DEBUG] XGB iter  50: tr-p-rmse: 0.051644	tr-a-peak@32: 0.966568	tr-rmse: 0.563751	tr-rmse: 0.563751
2025-10-07 10:50:38 [DEBUG] XGB stopped. Best iteration: [23] tr-p-rmse:0.05164	tr-a-peak@32:0.96657	tr-rmse:0.56375	tr-rmse:0.56375 
2025-10-07 10:50:38 [INFO] [task_scheduler.cc:237] [Updated] Task #0: "main"
2025-10-07 10:50:38 [INFO] [task_scheduler.cc:320] 
 ID | Name |     FLOP | Weight | Speed (GFLOPS) | Latency (us) | Weighted Latency (us) | Trials | Done 
-------------------------------------------------------------------------------------------------------
  0 | main | 12845056 |      1 |      4548.5604 |       2.8240 |                2.8240 |    896 |      
-------------------------------------------------------------------------------------------------------
Total trials: 896
Total latency (us): 2.82398

2025-10-07 10:50:38 [INFO] [task_scheduler.cc:180] TaskScheduler picks Task #0: "main"
2025-10-07 10:51:18 [INFO] [task_scheduler.cc:193] Sending 64 sample(s) to builder
2025-10-07 10:51:24 [INFO] [task_scheduler.cc:195] Sending 64 sample(s) to runner
2025-10-07 10:51:46 [DEBUG] XGB validation: p-rmse: 0.071445	a-peak@32: 0.984092
2025-10-07 10:51:46 [DEBUG] XGB iter   0: tr-p-rmse: 0.326242	tr-a-peak@32: 0.920345	tr-rmse: 0.482133	tr-rmse: 0.482133
2025-10-07 10:51:47 [DEBUG] XGB iter  25: tr-p-rmse: 0.050164	tr-a-peak@32: 0.975671	tr-rmse: 0.565187	tr-rmse: 0.565187
2025-10-07 10:51:47 [DEBUG] XGB iter  50: tr-p-rmse: 0.049978	tr-a-peak@32: 0.976198	tr-rmse: 0.565195	tr-rmse: 0.565195
2025-10-07 10:51:47 [DEBUG] XGB iter  75: tr-p-rmse: 0.049978	tr-a-peak@32: 0.976198	tr-rmse: 0.565195	tr-rmse: 0.565195
2025-10-07 10:51:47 [DEBUG] XGB stopped. Best iteration: [29] tr-p-rmse:0.04998	tr-a-peak@32:0.97620	tr-rmse:0.56519	tr-rmse:0.56519 
2025-10-07 10:51:47 [INFO] [task_scheduler.cc:237] [Updated] Task #0: "main"
2025-10-07 10:51:47 [INFO] [task_scheduler.cc:320] 
 ID | Name |     FLOP | Weight | Speed (GFLOPS) | Latency (us) | Weighted Latency (us) | Trials | Done 
-------------------------------------------------------------------------------------------------------
  0 | main | 12845056 |      1 |      4548.5604 |       2.8240 |                2.8240 |    960 |      
-------------------------------------------------------------------------------------------------------
Total trials: 960
Total latency (us): 2.82398

2025-10-07 10:51:47 [INFO] [task_scheduler.cc:180] TaskScheduler picks Task #0: "main"
2025-10-07 10:52:28 [INFO] [task_scheduler.cc:193] Sending 40 sample(s) to builder
2025-10-07 10:52:34 [INFO] [task_scheduler.cc:195] Sending 40 sample(s) to runner
2025-10-07 10:52:48 [DEBUG] XGB validation: p-rmse: 0.049367	a-peak@32: 0.985195
2025-10-07 10:52:48 [DEBUG] XGB iter   0: tr-p-rmse: 0.324118	tr-a-peak@32: 0.927843	tr-rmse: 0.483855	tr-rmse: 0.483855
2025-10-07 10:52:48 [DEBUG] XGB iter  25: tr-p-rmse: 0.050782	tr-a-peak@32: 0.978079	tr-rmse: 0.566791	tr-rmse: 0.566791
2025-10-07 10:52:48 [DEBUG] XGB iter  50: tr-p-rmse: 0.050658	tr-a-peak@32: 0.977345	tr-rmse: 0.566799	tr-rmse: 0.566799
2025-10-07 10:52:48 [DEBUG] XGB iter  75: tr-p-rmse: 0.050658	tr-a-peak@32: 0.977345	tr-rmse: 0.566799	tr-rmse: 0.566799
2025-10-07 10:52:48 [DEBUG] XGB stopped. Best iteration: [28] tr-p-rmse:0.05066	tr-a-peak@32:0.97735	tr-rmse:0.56680	tr-rmse:0.56680 
2025-10-07 10:52:48 [INFO] [task_scheduler.cc:237] [Updated] Task #0: "main"
2025-10-07 10:52:48 [INFO] [task_scheduler.cc:320] 
 ID | Name |     FLOP | Weight | Speed (GFLOPS) | Latency (us) | Weighted Latency (us) | Trials | Done 
-------------------------------------------------------------------------------------------------------
  0 | main | 12845056 |      1 |      4548.5604 |       2.8240 |                2.8240 |   1000 |      
-------------------------------------------------------------------------------------------------------
Total trials: 1000
Total latency (us): 2.82398

2025-10-07 10:52:48 [INFO] [task_scheduler.cc:260] Task #0 has finished. Remaining task(s): 0
2025-10-07 10:52:48 [INFO] [task_scheduler.cc:320] 
 ID | Name |     FLOP | Weight | Speed (GFLOPS) | Latency (us) | Weighted Latency (us) | Trials | Done 
-------------------------------------------------------------------------------------------------------
  0 | main | 12845056 |      1 |      4548.5604 |       2.8240 |                2.8240 |   1000 |    Y 
-------------------------------------------------------------------------------------------------------
Total trials: 1000
Total latency (us): 2.82398

2025-10-07 10:52:49 [INFO] LocalRunner: max_workers = 1
