2025-10-11 01:22:11 [INFO] Logging directory: ./layer_9/logs
2025-10-11 01:22:18 [INFO] LocalBuilder: max_workers = 32
2025-10-11 01:22:19 [INFO] [task_scheduler.cc:159] Initializing Task #0: "main"
2025-10-11 01:22:19 [INFO] [task_scheduler.cc:320] 
 ID | Name |      FLOP | Weight | Speed (GFLOPS) | Latency (us) | Weighted Latency (us) | Trials | Done 
--------------------------------------------------------------------------------------------------------
  0 | main | 115605504 |      1 |            N/A |          N/A |                   N/A |      0 |      
--------------------------------------------------------------------------------------------------------
Total trials: 0
Total latency (us): 0

2025-10-11 01:22:19 [INFO] [task_scheduler.cc:180] TaskScheduler picks Task #0: "main"
2025-10-11 01:23:11 [INFO] [task_scheduler.cc:193] Sending 64 sample(s) to builder
2025-10-11 01:23:24 [INFO] [task_scheduler.cc:195] Sending 64 sample(s) to runner
2025-10-11 01:23:43 [DEBUG] XGB iter   0: tr-p-rmse: 0.629919	tr-a-peak@32: 0.950865	tr-rmse: 0.323873	tr-rmse: 0.323873
2025-10-11 01:23:43 [DEBUG] XGB iter  25: tr-p-rmse: 0.038146	tr-a-peak@32: 1.000000	tr-rmse: 0.359047	tr-rmse: 0.359046
2025-10-11 01:23:43 [DEBUG] XGB iter  50: tr-p-rmse: 0.038145	tr-a-peak@32: 1.000000	tr-rmse: 0.359046	tr-rmse: 0.359047
2025-10-11 01:23:43 [DEBUG] XGB iter  75: tr-p-rmse: 0.038145	tr-a-peak@32: 1.000000	tr-rmse: 0.359047	tr-rmse: 0.359047
2025-10-11 01:23:43 [DEBUG] XGB stopped. Best iteration: [35] tr-p-rmse:0.03814	tr-a-peak@32:1.00000	tr-rmse:0.35905	tr-rmse:0.35905 
2025-10-11 01:23:44 [INFO] [task_scheduler.cc:237] [Updated] Task #0: "main"
2025-10-11 01:23:44 [INFO] [task_scheduler.cc:320] 
 ID | Name |      FLOP | Weight | Speed (GFLOPS) | Latency (us) | Weighted Latency (us) | Trials | Done 
--------------------------------------------------------------------------------------------------------
  0 | main | 115605504 |      1 |      3091.4807 |      37.3949 |               37.3949 |     64 |      
--------------------------------------------------------------------------------------------------------
Total trials: 64
Total latency (us): 37.3949

2025-10-11 01:23:44 [INFO] [task_scheduler.cc:180] TaskScheduler picks Task #0: "main"
2025-10-11 01:24:35 [INFO] [task_scheduler.cc:193] Sending 64 sample(s) to builder
2025-10-11 01:24:47 [INFO] [task_scheduler.cc:195] Sending 64 sample(s) to runner
2025-10-11 01:25:08 [DEBUG] XGB validation: p-rmse: 0.370345	a-peak@32: 0.969422
2025-10-11 01:25:08 [DEBUG] XGB iter   0: tr-p-rmse: 0.644533	tr-a-peak@32: 1.000000	tr-rmse: 0.272480	tr-rmse: 0.272480
2025-10-11 01:25:08 [DEBUG] XGB iter  25: tr-p-rmse: 0.037843	tr-a-peak@32: 1.000000	tr-rmse: 0.321177	tr-rmse: 0.321177
2025-10-11 01:25:08 [DEBUG] XGB iter  50: tr-p-rmse: 0.037843	tr-a-peak@32: 1.000000	tr-rmse: 0.321177	tr-rmse: 0.321177
2025-10-11 01:25:08 [DEBUG] XGB stopped. Best iteration: [24] tr-p-rmse:0.03784	tr-a-peak@32:1.00000	tr-rmse:0.32118	tr-rmse:0.32118 
2025-10-11 01:25:08 [INFO] [task_scheduler.cc:237] [Updated] Task #0: "main"
2025-10-11 01:25:08 [INFO] [task_scheduler.cc:320] 
 ID | Name |      FLOP | Weight | Speed (GFLOPS) | Latency (us) | Weighted Latency (us) | Trials | Done 
--------------------------------------------------------------------------------------------------------
  0 | main | 115605504 |      1 |      5556.7153 |      20.8046 |               20.8046 |    128 |      
--------------------------------------------------------------------------------------------------------
Total trials: 128
Total latency (us): 20.8046

2025-10-11 01:25:08 [INFO] [task_scheduler.cc:180] TaskScheduler picks Task #0: "main"
2025-10-11 01:26:17 [INFO] [task_scheduler.cc:193] Sending 64 sample(s) to builder
2025-10-11 01:26:22 [INFO] [task_scheduler.cc:195] Sending 64 sample(s) to runner
2025-10-11 01:26:41 [DEBUG] XGB validation: p-rmse: 0.224875	a-peak@32: 0.983069
2025-10-11 01:26:41 [DEBUG] XGB iter   0: tr-p-rmse: 0.575976	tr-a-peak@32: 0.932504	tr-rmse: 0.372571	tr-rmse: 0.372571
2025-10-11 01:26:41 [DEBUG] XGB iter  25: tr-p-rmse: 0.045212	tr-a-peak@32: 0.998675	tr-rmse: 0.444946	tr-rmse: 0.444946
2025-10-11 01:26:41 [DEBUG] XGB iter  50: tr-p-rmse: 0.045212	tr-a-peak@32: 0.998675	tr-rmse: 0.444946	tr-rmse: 0.444946
2025-10-11 01:26:41 [DEBUG] XGB stopped. Best iteration: [22] tr-p-rmse:0.04521	tr-a-peak@32:0.99867	tr-rmse:0.44494	tr-rmse:0.44494 
2025-10-11 01:26:41 [INFO] [task_scheduler.cc:237] [Updated] Task #0: "main"
2025-10-11 01:26:41 [INFO] [task_scheduler.cc:320] 
 ID | Name |      FLOP | Weight | Speed (GFLOPS) | Latency (us) | Weighted Latency (us) | Trials | Done 
--------------------------------------------------------------------------------------------------------
  0 | main | 115605504 |      1 |      5996.8783 |      19.2776 |               19.2776 |    192 |      
--------------------------------------------------------------------------------------------------------
Total trials: 192
Total latency (us): 19.2776

2025-10-11 01:26:41 [INFO] [task_scheduler.cc:180] TaskScheduler picks Task #0: "main"
2025-10-11 01:27:50 [INFO] [task_scheduler.cc:193] Sending 64 sample(s) to builder
2025-10-11 01:27:55 [INFO] [task_scheduler.cc:195] Sending 64 sample(s) to runner
2025-10-11 01:28:14 [DEBUG] XGB validation: p-rmse: 0.078537	a-peak@32: 0.995172
2025-10-11 01:28:14 [DEBUG] XGB iter   0: tr-p-rmse: 0.525517	tr-a-peak@32: 0.988912	tr-rmse: 0.444272	tr-rmse: 0.444272
2025-10-11 01:28:14 [DEBUG] XGB iter  25: tr-p-rmse: 0.038256	tr-a-peak@32: 0.997003	tr-rmse: 0.517599	tr-rmse: 0.517599
2025-10-11 01:28:14 [DEBUG] XGB iter  50: tr-p-rmse: 0.038256	tr-a-peak@32: 0.997003	tr-rmse: 0.517600	tr-rmse: 0.517600
2025-10-11 01:28:14 [DEBUG] XGB stopped. Best iteration: [23] tr-p-rmse:0.03826	tr-a-peak@32:0.99700	tr-rmse:0.51760	tr-rmse:0.51760 
2025-10-11 01:28:14 [INFO] [task_scheduler.cc:237] [Updated] Task #0: "main"
2025-10-11 01:28:14 [INFO] [task_scheduler.cc:320] 
 ID | Name |      FLOP | Weight | Speed (GFLOPS) | Latency (us) | Weighted Latency (us) | Trials | Done 
--------------------------------------------------------------------------------------------------------
  0 | main | 115605504 |      1 |      6039.3465 |      19.1421 |               19.1421 |    256 |      
--------------------------------------------------------------------------------------------------------
Total trials: 256
Total latency (us): 19.1421

2025-10-11 01:28:14 [INFO] [task_scheduler.cc:180] TaskScheduler picks Task #0: "main"
2025-10-11 01:29:23 [INFO] [task_scheduler.cc:193] Sending 64 sample(s) to builder
2025-10-11 01:29:28 [INFO] [task_scheduler.cc:195] Sending 64 sample(s) to runner
2025-10-11 01:29:44 [DEBUG] XGB validation: p-rmse: 0.093205	a-peak@32: 0.969663
2025-10-11 01:29:46 [DEBUG] XGB iter   0: tr-p-rmse: 0.496600	tr-a-peak@32: 0.918300	tr-rmse: 0.449768	tr-rmse: 0.449768
2025-10-11 01:29:46 [DEBUG] XGB iter  25: tr-p-rmse: 0.037755	tr-a-peak@32: 0.971746	tr-rmse: 0.526904	tr-rmse: 0.526904
2025-10-11 01:29:46 [DEBUG] XGB iter  50: tr-p-rmse: 0.037749	tr-a-peak@32: 0.971746	tr-rmse: 0.526918	tr-rmse: 0.526918
2025-10-11 01:29:46 [DEBUG] XGB iter  75: tr-p-rmse: 0.037749	tr-a-peak@32: 0.971746	tr-rmse: 0.526918	tr-rmse: 0.526918
2025-10-11 01:29:46 [DEBUG] XGB stopped. Best iteration: [28] tr-p-rmse:0.03775	tr-a-peak@32:0.97175	tr-rmse:0.52692	tr-rmse:0.52692 
2025-10-11 01:29:46 [INFO] [task_scheduler.cc:237] [Updated] Task #0: "main"
2025-10-11 01:29:46 [INFO] [task_scheduler.cc:320] 
 ID | Name |      FLOP | Weight | Speed (GFLOPS) | Latency (us) | Weighted Latency (us) | Trials | Done 
--------------------------------------------------------------------------------------------------------
  0 | main | 115605504 |      1 |      6278.9073 |      18.4117 |               18.4117 |    320 |      
--------------------------------------------------------------------------------------------------------
Total trials: 320
Total latency (us): 18.4117

2025-10-11 01:29:46 [INFO] [task_scheduler.cc:180] TaskScheduler picks Task #0: "main"
2025-10-11 01:30:55 [INFO] [task_scheduler.cc:193] Sending 64 sample(s) to builder
2025-10-11 01:31:02 [INFO] [task_scheduler.cc:195] Sending 64 sample(s) to runner
2025-10-11 01:31:22 [DEBUG] XGB validation: p-rmse: 0.083890	a-peak@32: 0.975119
2025-10-11 01:31:22 [DEBUG] XGB iter   0: tr-p-rmse: 0.468880	tr-a-peak@32: 0.944675	tr-rmse: 0.469877	tr-rmse: 0.469877
2025-10-11 01:31:22 [DEBUG] XGB iter  25: tr-p-rmse: 0.043058	tr-a-peak@32: 0.999909	tr-rmse: 0.546985	tr-rmse: 0.546984
2025-10-11 01:31:23 [DEBUG] XGB iter  50: tr-p-rmse: 0.043052	tr-a-peak@32: 0.999909	tr-rmse: 0.546998	tr-rmse: 0.546998
2025-10-11 01:31:23 [DEBUG] XGB iter  75: tr-p-rmse: 0.043052	tr-a-peak@32: 0.999909	tr-rmse: 0.546998	tr-rmse: 0.546998
2025-10-11 01:31:23 [DEBUG] XGB stopped. Best iteration: [29] tr-p-rmse:0.04305	tr-a-peak@32:0.99991	tr-rmse:0.54700	tr-rmse:0.54700 
2025-10-11 01:31:23 [INFO] [task_scheduler.cc:237] [Updated] Task #0: "main"
2025-10-11 01:31:23 [INFO] [task_scheduler.cc:320] 
 ID | Name |      FLOP | Weight | Speed (GFLOPS) | Latency (us) | Weighted Latency (us) | Trials | Done 
--------------------------------------------------------------------------------------------------------
  0 | main | 115605504 |      1 |      6278.9073 |      18.4117 |               18.4117 |    384 |      
--------------------------------------------------------------------------------------------------------
Total trials: 384
Total latency (us): 18.4117

2025-10-11 01:31:23 [INFO] [task_scheduler.cc:180] TaskScheduler picks Task #0: "main"
2025-10-11 01:32:32 [INFO] [task_scheduler.cc:193] Sending 64 sample(s) to builder
2025-10-11 01:32:37 [INFO] [task_scheduler.cc:195] Sending 64 sample(s) to runner
2025-10-11 01:32:51 [DEBUG] XGB validation: p-rmse: 0.064595	a-peak@32: 0.977777
2025-10-11 01:32:51 [DEBUG] XGB iter   0: tr-p-rmse: 0.454760	tr-a-peak@32: 0.872416	tr-rmse: 0.457631	tr-rmse: 0.457632
2025-10-11 01:32:51 [DEBUG] XGB iter  25: tr-p-rmse: 0.043025	tr-a-peak@32: 1.000000	tr-rmse: 0.538328	tr-rmse: 0.538328
2025-10-11 01:32:52 [DEBUG] XGB iter  50: tr-p-rmse: 0.043025	tr-a-peak@32: 1.000000	tr-rmse: 0.538328	tr-rmse: 0.538329
2025-10-11 01:32:52 [DEBUG] XGB stopped. Best iteration: [24] tr-p-rmse:0.04303	tr-a-peak@32:1.00000	tr-rmse:0.53833	tr-rmse:0.53833 
2025-10-11 01:32:52 [INFO] [task_scheduler.cc:237] [Updated] Task #0: "main"
2025-10-11 01:32:52 [INFO] [task_scheduler.cc:320] 
 ID | Name |      FLOP | Weight | Speed (GFLOPS) | Latency (us) | Weighted Latency (us) | Trials | Done 
--------------------------------------------------------------------------------------------------------
  0 | main | 115605504 |      1 |      6489.9577 |      17.8130 |               17.8130 |    448 |      
--------------------------------------------------------------------------------------------------------
Total trials: 448
Total latency (us): 17.813

2025-10-11 01:32:52 [INFO] [task_scheduler.cc:180] TaskScheduler picks Task #0: "main"
2025-10-11 01:34:02 [INFO] [task_scheduler.cc:193] Sending 64 sample(s) to builder
2025-10-11 01:34:08 [INFO] [task_scheduler.cc:195] Sending 64 sample(s) to runner
2025-10-11 01:34:25 [DEBUG] XGB validation: p-rmse: 0.060687	a-peak@32: 0.973865
2025-10-11 01:34:25 [DEBUG] XGB iter   0: tr-p-rmse: 0.439954	tr-a-peak@32: 0.915658	tr-rmse: 0.465284	tr-rmse: 0.465284
2025-10-11 01:34:25 [DEBUG] XGB iter  25: tr-p-rmse: 0.044070	tr-a-peak@32: 0.974512	tr-rmse: 0.546065	tr-rmse: 0.546065
2025-10-11 01:34:25 [DEBUG] XGB iter  50: tr-p-rmse: 0.044070	tr-a-peak@32: 0.974512	tr-rmse: 0.546065	tr-rmse: 0.546065
2025-10-11 01:34:25 [DEBUG] XGB stopped. Best iteration: [24] tr-p-rmse:0.04407	tr-a-peak@32:0.97451	tr-rmse:0.54606	tr-rmse:0.54606 
2025-10-11 01:34:25 [INFO] [task_scheduler.cc:237] [Updated] Task #0: "main"
2025-10-11 01:34:25 [INFO] [task_scheduler.cc:320] 
 ID | Name |      FLOP | Weight | Speed (GFLOPS) | Latency (us) | Weighted Latency (us) | Trials | Done 
--------------------------------------------------------------------------------------------------------
  0 | main | 115605504 |      1 |      6489.9577 |      17.8130 |               17.8130 |    512 |      
--------------------------------------------------------------------------------------------------------
Total trials: 512
Total latency (us): 17.813

2025-10-11 01:34:25 [INFO] [task_scheduler.cc:180] TaskScheduler picks Task #0: "main"
2025-10-11 01:35:35 [INFO] [task_scheduler.cc:193] Sending 64 sample(s) to builder
2025-10-11 01:35:41 [INFO] [task_scheduler.cc:195] Sending 64 sample(s) to runner
2025-10-11 01:35:57 [DEBUG] XGB validation: p-rmse: 0.095324	a-peak@32: 0.988991
2025-10-11 01:35:57 [DEBUG] XGB iter   0: tr-p-rmse: 0.430243	tr-a-peak@32: 0.898353	tr-rmse: 0.449449	tr-rmse: 0.449449
2025-10-11 01:35:57 [DEBUG] XGB iter  25: tr-p-rmse: 0.047996	tr-a-peak@32: 0.989777	tr-rmse: 0.534322	tr-rmse: 0.534322
2025-10-11 01:35:57 [DEBUG] XGB iter  50: tr-p-rmse: 0.047996	tr-a-peak@32: 0.989777	tr-rmse: 0.534322	tr-rmse: 0.534322
2025-10-11 01:35:57 [DEBUG] XGB stopped. Best iteration: [23] tr-p-rmse:0.04800	tr-a-peak@32:0.98978	tr-rmse:0.53432	tr-rmse:0.53432 
2025-10-11 01:35:57 [INFO] [task_scheduler.cc:237] [Updated] Task #0: "main"
2025-10-11 01:35:57 [INFO] [task_scheduler.cc:320] 
 ID | Name |      FLOP | Weight | Speed (GFLOPS) | Latency (us) | Weighted Latency (us) | Trials | Done 
--------------------------------------------------------------------------------------------------------
  0 | main | 115605504 |      1 |      6686.6778 |      17.2889 |               17.2889 |    576 |      
--------------------------------------------------------------------------------------------------------
Total trials: 576
Total latency (us): 17.2889

2025-10-11 01:35:57 [INFO] [task_scheduler.cc:180] TaskScheduler picks Task #0: "main"
2025-10-11 01:37:08 [INFO] [task_scheduler.cc:193] Sending 64 sample(s) to builder
2025-10-11 01:37:17 [INFO] [task_scheduler.cc:195] Sending 64 sample(s) to runner
2025-10-11 01:37:30 [DEBUG] XGB validation: p-rmse: 0.121373	a-peak@32: 0.997821
2025-10-11 01:37:30 [DEBUG] XGB iter   0: tr-p-rmse: 0.423546	tr-a-peak@32: 0.908207	tr-rmse: 0.450856	tr-rmse: 0.450856
2025-10-11 01:37:30 [DEBUG] XGB iter  25: tr-p-rmse: 0.049639	tr-a-peak@32: 0.957932	tr-rmse: 0.535770	tr-rmse: 0.535770
2025-10-11 01:37:30 [DEBUG] XGB iter  50: tr-p-rmse: 0.049368	tr-a-peak@32: 0.957947	tr-rmse: 0.535783	tr-rmse: 0.535783
2025-10-11 01:37:30 [DEBUG] XGB iter  75: tr-p-rmse: 0.049368	tr-a-peak@32: 0.957947	tr-rmse: 0.535783	tr-rmse: 0.535783
2025-10-11 01:37:30 [DEBUG] XGB stopped. Best iteration: [31] tr-p-rmse:0.04937	tr-a-peak@32:0.95795	tr-rmse:0.53578	tr-rmse:0.53578 
2025-10-11 01:37:31 [INFO] [task_scheduler.cc:237] [Updated] Task #0: "main"
2025-10-11 01:37:31 [INFO] [task_scheduler.cc:320] 
 ID | Name |      FLOP | Weight | Speed (GFLOPS) | Latency (us) | Weighted Latency (us) | Trials | Done 
--------------------------------------------------------------------------------------------------------
  0 | main | 115605504 |      1 |      6686.6778 |      17.2889 |               17.2889 |    640 |      
--------------------------------------------------------------------------------------------------------
Total trials: 640
Total latency (us): 17.2889

2025-10-11 01:37:31 [INFO] [task_scheduler.cc:180] TaskScheduler picks Task #0: "main"
2025-10-11 01:38:41 [INFO] [task_scheduler.cc:193] Sending 64 sample(s) to builder
2025-10-11 01:38:54 [INFO] [task_scheduler.cc:195] Sending 64 sample(s) to runner
2025-10-11 01:39:07 [DEBUG] XGB validation: p-rmse: 0.059232	a-peak@32: 0.983976
2025-10-11 01:39:08 [DEBUG] XGB iter   0: tr-p-rmse: 0.417817	tr-a-peak@32: 0.898994	tr-rmse: 0.453573	tr-rmse: 0.453573
2025-10-11 01:39:08 [DEBUG] XGB iter  25: tr-p-rmse: 0.048813	tr-a-peak@32: 0.999073	tr-rmse: 0.538043	tr-rmse: 0.538043
2025-10-11 01:39:08 [DEBUG] XGB iter  50: tr-p-rmse: 0.048812	tr-a-peak@32: 0.999073	tr-rmse: 0.538045	tr-rmse: 0.538045
2025-10-11 01:39:08 [DEBUG] XGB iter  75: tr-p-rmse: 0.048812	tr-a-peak@32: 0.999073	tr-rmse: 0.538045	tr-rmse: 0.538045
2025-10-11 01:39:08 [DEBUG] XGB stopped. Best iteration: [26] tr-p-rmse:0.04881	tr-a-peak@32:0.99907	tr-rmse:0.53804	tr-rmse:0.53804 
2025-10-11 01:39:08 [INFO] [task_scheduler.cc:237] [Updated] Task #0: "main"
2025-10-11 01:39:08 [INFO] [task_scheduler.cc:320] 
 ID | Name |      FLOP | Weight | Speed (GFLOPS) | Latency (us) | Weighted Latency (us) | Trials | Done 
--------------------------------------------------------------------------------------------------------
  0 | main | 115605504 |      1 |      6686.6778 |      17.2889 |               17.2889 |    704 |      
--------------------------------------------------------------------------------------------------------
Total trials: 704
Total latency (us): 17.2889

2025-10-11 01:39:08 [INFO] [task_scheduler.cc:180] TaskScheduler picks Task #0: "main"
2025-10-11 01:40:20 [INFO] [task_scheduler.cc:193] Sending 64 sample(s) to builder
2025-10-11 01:40:26 [INFO] [task_scheduler.cc:195] Sending 64 sample(s) to runner
2025-10-11 01:40:41 [DEBUG] XGB validation: p-rmse: 0.078127	a-peak@32: 0.996408
2025-10-11 01:40:41 [DEBUG] XGB iter   0: tr-p-rmse: 0.411936	tr-a-peak@32: 0.928256	tr-rmse: 0.456967	tr-rmse: 0.456967
2025-10-11 01:40:41 [DEBUG] XGB iter  25: tr-p-rmse: 0.049990	tr-a-peak@32: 0.993428	tr-rmse: 0.541276	tr-rmse: 0.541276
2025-10-11 01:40:41 [DEBUG] XGB iter  50: tr-p-rmse: 0.049570	tr-a-peak@32: 0.993416	tr-rmse: 0.541287	tr-rmse: 0.541287
2025-10-11 01:40:41 [DEBUG] XGB iter  75: tr-p-rmse: 0.049570	tr-a-peak@32: 0.993416	tr-rmse: 0.541287	tr-rmse: 0.541287
2025-10-11 01:40:41 [DEBUG] XGB stopped. Best iteration: [32] tr-p-rmse:0.04957	tr-a-peak@32:0.99342	tr-rmse:0.54129	tr-rmse:0.54129 
2025-10-11 01:40:41 [INFO] [task_scheduler.cc:237] [Updated] Task #0: "main"
2025-10-11 01:40:41 [INFO] [task_scheduler.cc:320] 
 ID | Name |      FLOP | Weight | Speed (GFLOPS) | Latency (us) | Weighted Latency (us) | Trials | Done 
--------------------------------------------------------------------------------------------------------
  0 | main | 115605504 |      1 |      6686.6778 |      17.2889 |               17.2889 |    768 |      
--------------------------------------------------------------------------------------------------------
Total trials: 768
Total latency (us): 17.2889

2025-10-11 01:40:41 [INFO] [task_scheduler.cc:180] TaskScheduler picks Task #0: "main"
2025-10-11 01:41:53 [INFO] [task_scheduler.cc:193] Sending 64 sample(s) to builder
2025-10-11 01:42:00 [INFO] [task_scheduler.cc:195] Sending 64 sample(s) to runner
2025-10-11 01:42:13 [DEBUG] XGB validation: p-rmse: 0.082623	a-peak@32: 0.986681
2025-10-11 01:42:13 [DEBUG] XGB iter   0: tr-p-rmse: 0.404772	tr-a-peak@32: 0.962612	tr-rmse: 0.461673	tr-rmse: 0.461673
2025-10-11 01:42:14 [DEBUG] XGB iter  25: tr-p-rmse: 0.050452	tr-a-peak@32: 0.986137	tr-rmse: 0.545892	tr-rmse: 0.545892
2025-10-11 01:42:14 [DEBUG] XGB iter  50: tr-p-rmse: 0.050452	tr-a-peak@32: 0.986137	tr-rmse: 0.545892	tr-rmse: 0.545892
2025-10-11 01:42:14 [DEBUG] XGB stopped. Best iteration: [23] tr-p-rmse:0.05045	tr-a-peak@32:0.98614	tr-rmse:0.54589	tr-rmse:0.54589 
2025-10-11 01:42:14 [INFO] [task_scheduler.cc:237] [Updated] Task #0: "main"
2025-10-11 01:42:14 [INFO] [task_scheduler.cc:320] 
 ID | Name |      FLOP | Weight | Speed (GFLOPS) | Latency (us) | Weighted Latency (us) | Trials | Done 
--------------------------------------------------------------------------------------------------------
  0 | main | 115605504 |      1 |      6686.6778 |      17.2889 |               17.2889 |    832 |      
--------------------------------------------------------------------------------------------------------
Total trials: 832
Total latency (us): 17.2889

2025-10-11 01:42:14 [INFO] [task_scheduler.cc:180] TaskScheduler picks Task #0: "main"
2025-10-11 01:43:28 [INFO] [task_scheduler.cc:193] Sending 64 sample(s) to builder
2025-10-11 01:43:37 [INFO] [task_scheduler.cc:195] Sending 64 sample(s) to runner
2025-10-11 01:43:51 [DEBUG] XGB validation: p-rmse: 0.044415	a-peak@32: 0.983686
2025-10-11 01:43:51 [DEBUG] XGB iter   0: tr-p-rmse: 0.397599	tr-a-peak@32: 0.939405	tr-rmse: 0.466082	tr-rmse: 0.466082
2025-10-11 01:43:51 [DEBUG] XGB iter  25: tr-p-rmse: 0.050294	tr-a-peak@32: 0.975305	tr-rmse: 0.549939	tr-rmse: 0.549940
2025-10-11 01:43:51 [DEBUG] XGB iter  50: tr-p-rmse: 0.050294	tr-a-peak@32: 0.975305	tr-rmse: 0.549942	tr-rmse: 0.549942
2025-10-11 01:43:51 [DEBUG] XGB iter  75: tr-p-rmse: 0.050294	tr-a-peak@32: 0.975305	tr-rmse: 0.549942	tr-rmse: 0.549942
2025-10-11 01:43:51 [DEBUG] XGB stopped. Best iteration: [25] tr-p-rmse:0.05029	tr-a-peak@32:0.97530	tr-rmse:0.54994	tr-rmse:0.54994 
2025-10-11 01:43:51 [INFO] [task_scheduler.cc:237] [Updated] Task #0: "main"
2025-10-11 01:43:51 [INFO] [task_scheduler.cc:320] 
 ID | Name |      FLOP | Weight | Speed (GFLOPS) | Latency (us) | Weighted Latency (us) | Trials | Done 
--------------------------------------------------------------------------------------------------------
  0 | main | 115605504 |      1 |      6686.6778 |      17.2889 |               17.2889 |    896 |      
--------------------------------------------------------------------------------------------------------
Total trials: 896
Total latency (us): 17.2889

2025-10-11 01:43:51 [INFO] [task_scheduler.cc:180] TaskScheduler picks Task #0: "main"
2025-10-11 01:45:04 [INFO] [task_scheduler.cc:193] Sending 64 sample(s) to builder
2025-10-11 01:45:11 [INFO] [task_scheduler.cc:195] Sending 64 sample(s) to runner
2025-10-11 01:45:26 [DEBUG] XGB validation: p-rmse: 0.054232	a-peak@32: 0.968940
2025-10-11 01:45:26 [DEBUG] XGB iter   0: tr-p-rmse: 0.397469	tr-a-peak@32: 0.955358	tr-rmse: 0.448539	tr-rmse: 0.448539
2025-10-11 01:45:26 [DEBUG] XGB iter  25: tr-p-rmse: 0.047285	tr-a-peak@32: 0.999483	tr-rmse: 0.535464	tr-rmse: 0.535464
2025-10-11 01:45:26 [DEBUG] XGB iter  50: tr-p-rmse: 0.047285	tr-a-peak@32: 0.999483	tr-rmse: 0.535464	tr-rmse: 0.535465
2025-10-11 01:45:27 [DEBUG] XGB stopped. Best iteration: [22] tr-p-rmse:0.04729	tr-a-peak@32:0.99948	tr-rmse:0.53546	tr-rmse:0.53546 
2025-10-11 01:45:27 [INFO] [task_scheduler.cc:237] [Updated] Task #0: "main"
2025-10-11 01:45:27 [INFO] [task_scheduler.cc:320] 
 ID | Name |      FLOP | Weight | Speed (GFLOPS) | Latency (us) | Weighted Latency (us) | Trials | Done 
--------------------------------------------------------------------------------------------------------
  0 | main | 115605504 |      1 |      6910.4320 |      16.7291 |               16.7291 |    960 |      
--------------------------------------------------------------------------------------------------------
Total trials: 960
Total latency (us): 16.7291

2025-10-11 01:45:27 [INFO] [task_scheduler.cc:180] TaskScheduler picks Task #0: "main"
2025-10-11 01:46:40 [INFO] [task_scheduler.cc:193] Sending 40 sample(s) to builder
2025-10-11 01:46:44 [INFO] [task_scheduler.cc:195] Sending 40 sample(s) to runner
2025-10-11 01:46:54 [DEBUG] XGB validation: p-rmse: 0.235250	a-peak@32: 0.985842
2025-10-11 01:46:54 [DEBUG] XGB iter   0: tr-p-rmse: 0.398031	tr-a-peak@32: 0.953226	tr-rmse: 0.450933	tr-rmse: 0.450933
2025-10-11 01:46:54 [DEBUG] XGB iter  25: tr-p-rmse: 0.049771	tr-a-peak@32: 0.987646	tr-rmse: 0.537453	tr-rmse: 0.537453
2025-10-11 01:46:55 [DEBUG] XGB iter  50: tr-p-rmse: 0.049771	tr-a-peak@32: 0.987646	tr-rmse: 0.537455	tr-rmse: 0.537455
2025-10-11 01:46:55 [DEBUG] XGB iter  75: tr-p-rmse: 0.049771	tr-a-peak@32: 0.987646	tr-rmse: 0.537455	tr-rmse: 0.537455
2025-10-11 01:46:55 [DEBUG] XGB stopped. Best iteration: [25] tr-p-rmse:0.04977	tr-a-peak@32:0.98765	tr-rmse:0.53745	tr-rmse:0.53745 
2025-10-11 01:46:55 [INFO] [task_scheduler.cc:237] [Updated] Task #0: "main"
2025-10-11 01:46:55 [INFO] [task_scheduler.cc:320] 
 ID | Name |      FLOP | Weight | Speed (GFLOPS) | Latency (us) | Weighted Latency (us) | Trials | Done 
--------------------------------------------------------------------------------------------------------
  0 | main | 115605504 |      1 |      6910.4320 |      16.7291 |               16.7291 |   1000 |      
--------------------------------------------------------------------------------------------------------
Total trials: 1000
Total latency (us): 16.7291

2025-10-11 01:46:55 [INFO] [task_scheduler.cc:260] Task #0 has finished. Remaining task(s): 0
2025-10-11 01:46:55 [INFO] [task_scheduler.cc:320] 
 ID | Name |      FLOP | Weight | Speed (GFLOPS) | Latency (us) | Weighted Latency (us) | Trials | Done 
--------------------------------------------------------------------------------------------------------
  0 | main | 115605504 |      1 |      6910.4320 |      16.7291 |               16.7291 |   1000 |    Y 
--------------------------------------------------------------------------------------------------------
Total trials: 1000
Total latency (us): 16.7291

2025-10-11 01:46:55 [INFO] LocalRunner: max_workers = 1
