[info] Matmul shape: 4096x4096x4096, dtype: float16
[info] Output directory: logs/matmul_0/artifacts
[info] Stem name: matmul_4096x4096x4096
[info] Target: nvidia/geforce-rtx-4090

[Loading database from logs/matmul_0]
[info] Database loaded successfully

[Creating matmul module]
# from tvm.script import ir as I
# from tvm.script import tir as T

@I.ir_module
class Module:
    @T.prim_func
    def main(A: T.Buffer((4096, 4096), "float16"), B: T.Buffer((4096, 4096), "float16"), T_matmul_NN: T.Buffer((4096, 4096), "float16")):
        T.func_attr({"layout_free_buffers": [1], "tir.noalias": T.bool(True)})
        for i0, i1, k in T.grid(4096, 4096, 4096):
            cse_var_2: T.int32 = i0 * 4096
            cse_var_1: T.int32 = cse_var_2 + i1
            T_matmul_NN_1 = T.Buffer((16777216,), "float16", data=T_matmul_NN.data)
            if k == 0:
                T_matmul_NN_1[cse_var_1] = T.float16(0.0)
            A_1 = T.Buffer((16777216,), "float16", data=A.data)
            B_1 = T.Buffer((16777216,), "float16", data=B.data)
            T_matmul_NN_1[cse_var_1] = T_matmul_NN_1[cse_var_1] + A_1[cse_var_2 + k] * B_1[k * 4096 + i1]
[info] Module created successfully

[Compiling and dumping artifacts]
[info] Schedule compiled successfully
[info] Runtime module built successfully

[Device module source code:]
#if defined(__CUDA_ARCH__) && (__CUDA_ARCH__ >= 530)
#include <cuda_fp16.h>
__device__ half max(half a, half b)
{
  return __hgt(__half(a), __half(b)) ? a : b;
}
__device__ half min(half a, half b)
{
  return __hlt(__half(a), __half(b)) ? a : b;
}
#else

typedef unsigned short uint16_t;
typedef unsigned char uint8_t;
typedef signed char int8_t;
typedef int int32_t;
typedef unsigned long long uint64_t;
typedef unsigned int uint32_t;

#define TVM_FORCE_INLINE inline __attribute__((always_inline))
#define TVM_XINLINE TVM_FORCE_INLINE __device__ __host__
#define TVM_ALIGNED(x) __attribute__ ((aligned(x)))
#define TVM_HALF_OPERATOR(RTYPE, OP)                              \
  TVM_XINLINE RTYPE operator OP (half a, half b) {                \
    return RTYPE(float(a) OP float(b));                           \
  }                                                               \
  template<typename T>                                            \
  TVM_XINLINE RTYPE operator OP (half a, T b) {                   \
    return RTYPE(float(a) OP float(b));                           \
  }                                                               \
  template<typename T>                                            \
  TVM_XINLINE RTYPE operator OP (T a, half b) {                   \
    return RTYPE(float(a) OP float(b));                           \
  }

#define TVM_HALF_ASSIGNOP(AOP, OP)                                \
  template<typename T>                                            \
  TVM_XINLINE half operator AOP (const T& a) {                    \
    return *this = half(float(*this) OP float(a));                \
  }                                                               \
  template<typename T>                                            \
  TVM_XINLINE half operator AOP (const volatile T& a) volatile {  \
    return *this = half(float(*this) OP float(a));                \
  }

class TVM_ALIGNED(2) half {
 public:
  uint16_t half_;

  static TVM_XINLINE half Binary(uint16_t value) {
    half res;
    res.half_ = value;
    return res;
  }

  TVM_XINLINE half() {}

  TVM_XINLINE half(const float& value) { constructor(value); }
  TVM_XINLINE explicit half(const double& value) { constructor(value); }
  TVM_XINLINE explicit half(const int8_t& value) { constructor(value); }
  TVM_XINLINE explicit half(const uint8_t& value) { constructor(value); }
  TVM_XINLINE explicit half(const int32_t& value) { constructor(value); }
  TVM_XINLINE explicit half(const uint32_t& value) { constructor(value); }
  TVM_XINLINE explicit half(const long long& value) { constructor(value); }
  TVM_XINLINE explicit half(const uint64_t& value) { constructor(value); }

  TVM_XINLINE operator float() const {                          \
    return float(half2float(half_));                            \
  }                                                             \
  TVM_XINLINE operator float() const volatile {                 \
    return float(half2float(half_));                            \
  }


  TVM_HALF_ASSIGNOP(+=, +)
  TVM_HALF_ASSIGNOP(-=, -)
  TVM_HALF_ASSIGNOP(*=, *)
  TVM_HALF_ASSIGNOP(/=, /)

  TVM_XINLINE half operator+() {
    return *this;
  }

  TVM_XINLINE half operator-() {
    return half(-float(*this));
  }

  TVM_XINLINE half operator=(const half& a) {
    half_ = a.half_;
    return a;
  }

  template<typename T>
  TVM_XINLINE half operator=(const T& a) {
    return *this = half(a);
  }

  TVM_XINLINE half operator=(const half& a) volatile {
    half_ = a.half_;
    return a;
  }

  template<typename T>
  TVM_XINLINE half operator=(const T& a) volatile {
    return *this = half(a);
  }

 private:
  union Bits {
    float f;
    int32_t si;
    uint32_t ui;
  };

  static int const fp16FractionBits = 10;
  static int const fp32FractionBits = 23;
  static int32_t const fp32FractionMask = ~(~0u << fp32FractionBits);   // == 0x7fffff
  static int32_t const fp32HiddenBit = 1 << fp32FractionBits;   // == 0x800000
  static int const shift = fp32FractionBits - fp16FractionBits;   // == 13
  static int const shiftSign = 16;
  static int32_t const expAdjust = 127 - 15;   // exp32-127 = exp16-15, so exp16 = exp32 - (127-15)

  static int32_t const infN = 0x7F800000;   // flt32 infinity
  static int32_t const maxN = 0x477FFFFF;   // max flt32 that's a flt16 normal after >> by shift
  static int32_t const minN = 0x38800000;   // min flt16 normal as a flt32
  static int32_t const maxZ = 0x33000000;   // max fp32 number that's still rounded to zero in fp16
  static int32_t const signN = 0x80000000;  // flt32 sign bit

  static int32_t const infC = infN >> shift;
  static int32_t const nanN = (infC + 1) << shift;   // minimum flt16 nan as a flt32
  static int32_t const maxC = maxN >> shift;
  static int32_t const minC = minN >> shift;
  static int32_t const signC = signN >> shiftSign;  // flt16 sign bit

  static int32_t const mulN = 0x52000000;  // (1 << 23) / minN
  static int32_t const mulC = 0x33800000;  // minN / (1 << (23 - shift))

  static int32_t const subC = 0x003FF;  // max flt32 subnormal down shifted
  static int32_t const norC = 0x00400;  // min flt32 normal down shifted

  static int32_t const maxD = infC - maxC - 1;
  static int32_t const minD = minC - subC - 1;

  TVM_XINLINE uint16_t float2half(const float& value) const {
    Bits v;
    v.f = value;
    uint32_t sign = v.si & signN;    // grab sign bit
    v.si ^= sign;                    // clear sign bit from v
    sign >>= shiftSign;              // logical shift sign to fp16 position

    if (v.si <= maxZ) {
      // Handle eventual zeros here to ensure
      // vshift will not exceed 32 below.
      v.ui = 0;
    } else if (v.si < minN) {
      // Handle denorms
      uint32_t exp32 = v.ui >> fp32FractionBits;
      int32_t exp16 = exp32 - expAdjust;
      // If exp16 == 0 (just into the denorm range), then significant should be shifted right 1.
      // Smaller (so negative) exp16 values should result in greater right shifts.
      uint32_t vshift = 1 - exp16;
      uint32_t significand = fp32HiddenBit | (v.ui & fp32FractionMask);
      v.ui = significand >> vshift;
      v.ui += (v.ui & 0x3fff) != 0x1000 || (significand & 0x7ff) ? 0x1000 : 0;
    } else if (v.si <= maxN) {
      // Handle norms
      v.ui += (v.ui & 0x3fff) != 0x1000 ? 0x1000 : 0;
      v.ui -= expAdjust << fp32FractionBits;
    } else if (v.si <= infN) {
      v.si = infN;
    } else if (v.si < nanN) {
      v.si = nanN;
    }

    v.ui >>= shift;
    return sign | (v.ui & 0x7fff);
  }

  // Same as above routine, except for addition of volatile keyword
  TVM_XINLINE uint16_t float2half(
    const volatile float& value) const volatile {
    Bits v;
    v.f = value;
    uint32_t sign = v.si & signN;    // grab sign bit
    v.si ^= sign;                    // clear sign bit from v
    sign >>= shiftSign;              // logical shift sign to fp16 position

    if (v.si <= maxZ) {
      // Handle eventual zeros here to ensure
      // vshift will not exceed 32 below.
      v.ui = 0;
    } else if (v.si < minN) {
      // Handle denorms
      uint32_t exp32 = v.ui >> fp32FractionBits;
      int32_t exp16 = exp32 - expAdjust;
      // If exp16 == 0 (just into the denorm range), then significant should be shifted right 1.
      // Smaller (so negative) exp16 values should result in greater right shifts.
      uint32_t vshift = 1 - exp16;
      uint32_t significand = fp32HiddenBit | (v.ui & fp32FractionMask);
      v.ui = significand >> vshift;
      v.ui += (v.ui & 0x3fff) != 0x1000 || (significand & 0x7ff) ? 0x1000 : 0;
    } else if (v.si <= maxN) {
      // Handle norms
      v.ui += (v.ui & 0x3fff) != 0x1000 ? 0x1000 : 0;
      v.ui -= expAdjust << fp32FractionBits;
    } else if (v.si <= infN) {
      v.si = infN;
    } else if (v.si < nanN) {
      v.si = nanN;
    }

    v.ui >>= shift;
    return sign | (v.ui & 0x7fff);
  }

  TVM_XINLINE float half2float(const uint16_t& value) const {
    Bits v;
    v.ui = value;
    int32_t sign = v.si & signC;
    v.si ^= sign;
    sign <<= shiftSign;
    v.si ^= ((v.si + minD) ^ v.si) & -(v.si > subC);
    v.si ^= ((v.si + maxD) ^ v.si) & -(v.si > maxC);
    Bits s;
    s.si = mulC;
    s.f *= v.si;
    int32_t mask = -(norC > v.si);
    v.si <<= shift;
    v.si ^= (s.si ^ v.si) & mask;
    v.si |= sign;
    return v.f;
  }

  TVM_XINLINE float half2float(
    const volatile uint16_t& value) const volatile {
    Bits v;
    v.ui = value;
    int32_t sign = v.si & signC;
    v.si ^= sign;
    sign <<= shiftSign;
    v.si ^= ((v.si + minD) ^ v.si) & -(v.si > subC);
    v.si ^= ((v.si + maxD) ^ v.si) & -(v.si > maxC);
    Bits s;
    s.si = mulC;
    s.f *= v.si;
    int32_t mask = -(norC > v.si);
    v.si <<= shift;
    v.si ^= (s.si ^ v.si) & mask;
    v.si |= sign;
    return v.f;
  }

  template<typename T>
  TVM_XINLINE void constructor(const T& value) {
    half_ = float2half(float(value));
  }
};

TVM_HALF_OPERATOR(half, +)
TVM_HALF_OPERATOR(half, -)
TVM_HALF_OPERATOR(half, *)
TVM_HALF_OPERATOR(half, /)
TVM_HALF_OPERATOR(bool, >)
TVM_HALF_OPERATOR(bool, <)
TVM_HALF_OPERATOR(bool, >=)
TVM_HALF_OPERATOR(bool, <=)

TVM_XINLINE half __float2half_rn(const float a) {
  return half(a);
}
#endif


// Pack two half values.
static inline __device__ __host__ unsigned
__pack_half2(const half x, const half y) {
  unsigned v0 = *((unsigned short *)&x);
  unsigned v1 = *((unsigned short *)&y);
  return (v1 << 16) | v0;
}

#define CUDA_UNSUPPORTED_HALF_MATH_BINARY(HALF_MATH_NAME, FP32_MATH_NAME) \
static inline __device__ __host__ half HALF_MATH_NAME(half x, half y) {   \
  float tmp_x = __half2float(x);                                          \
  float tmp_y = __half2float(y);                                          \
  float result = FP32_MATH_NAME(tmp_x, tmp_y);                            \
  return __float2half(result);                                            \
}

#define CUDA_UNSUPPORTED_HALF_MATH_UNARY(HALF_MATH_NAME, FP32_MATH_NAME) \
static inline __device__ __host__ half HALF_MATH_NAME(half x) {          \
  float tmp_x = __half2float(x);                                         \
  float result = FP32_MATH_NAME(tmp_x);                                  \
  return __float2half(result);                                           \
}

// Some fp16 math functions are not supported in cuda_fp16.h,
// so we define them here to make sure the generated CUDA code
// is valid.
#if defined(__CUDA_ARCH__)
#if (__CUDA_ARCH__ >= 530)
CUDA_UNSUPPORTED_HALF_MATH_BINARY(hpow, powf)
CUDA_UNSUPPORTED_HALF_MATH_UNARY(htanh, tanhf)
CUDA_UNSUPPORTED_HALF_MATH_UNARY(htan, tanf)
CUDA_UNSUPPORTED_HALF_MATH_UNARY(hatan, atanf)
CUDA_UNSUPPORTED_HALF_MATH_UNARY(herf, erf)
#else
CUDA_UNSUPPORTED_HALF_MATH_UNARY(hexp, exp)
#endif
#endif

#undef CUDA_UNSUPPORTED_HALF_MATH_BINARY
#undef CUDA_UNSUPPORTED_HALF_MATH_UNARY

struct __align__(8) half4 {
  __half x, y, z, w;
  __host__ __device__ half4() : x(__half(0)), y(__half(0)), z(__half(0)), w(__half(0)) {}
  __host__ __device__ half4(__half x, __half y, __half z, __half w) : x(x), y(y), z(z), w(w) {}

};
__host__ __device__ half4 make_half4(__half x, __half y, __half z, __half w) {
    return half4(x, y, z, w);
}
#include <mma.h>

#if (((__CUDACC_VER_MAJOR__ == 11) && (__CUDACC_VER_MINOR__ >= 4)) || \
     (__CUDACC_VER_MAJOR__ > 11))
#define TVM_ENABLE_L2_PREFETCH 1
#else
#define TVM_ENABLE_L2_PREFETCH 0
#endif

#ifdef _WIN32
  using uint = unsigned int;
  using uchar = unsigned char;
  using ushort = unsigned short;
  using int64_t = long long;
  using uint64_t = unsigned long long;
#else
  #define uint unsigned int
  #define uchar unsigned char
  #define ushort unsigned short
  #define int64_t long long
  #define uint64_t unsigned long long
#endif
extern "C" __global__ void __launch_bounds__(256) main_kernel(half* __restrict__ A, half* __restrict__ B, half* __restrict__ T_matmul_NN);
extern "C" __global__ void __launch_bounds__(256) main_kernel(half* __restrict__ A, half* __restrict__ B, half* __restrict__ T_matmul_NN) {
  extern __shared__ uchar buf_dyn_shmem[];
  nvcuda::wmma::fragment<nvcuda::wmma::accumulator, 16, 16, 16, half> T_matmul_NN_reindex_shared_dyn_wmma_accumulator[8];
  nvcuda::wmma::fragment<nvcuda::wmma::matrix_a, 16, 16, 16, half, nvcuda::wmma::row_major> A_reindex_shared_dyn_wmma_matrix_a[1];
  nvcuda::wmma::fragment<nvcuda::wmma::matrix_b, 16, 16, 16, half, nvcuda::wmma::row_major> B_reindex_shared_dyn_wmma_matrix_b[8];
  nvcuda::wmma::fill_fragment(T_matmul_NN_reindex_shared_dyn_wmma_accumulator[0], 0.000000e+00f);
  nvcuda::wmma::fill_fragment(T_matmul_NN_reindex_shared_dyn_wmma_accumulator[1], 0.000000e+00f);
  nvcuda::wmma::fill_fragment(T_matmul_NN_reindex_shared_dyn_wmma_accumulator[2], 0.000000e+00f);
  nvcuda::wmma::fill_fragment(T_matmul_NN_reindex_shared_dyn_wmma_accumulator[3], 0.000000e+00f);
  nvcuda::wmma::fill_fragment(T_matmul_NN_reindex_shared_dyn_wmma_accumulator[4], 0.000000e+00f);
  nvcuda::wmma::fill_fragment(T_matmul_NN_reindex_shared_dyn_wmma_accumulator[5], 0.000000e+00f);
  nvcuda::wmma::fill_fragment(T_matmul_NN_reindex_shared_dyn_wmma_accumulator[6], 0.000000e+00f);
  nvcuda::wmma::fill_fragment(T_matmul_NN_reindex_shared_dyn_wmma_accumulator[7], 0.000000e+00f);
  for (int ax2_0_0 = 0; ax2_0_0 < 128; ++ax2_0_0) {
    __syncthreads();
    *(half2*)(((half*)buf_dyn_shmem) + (((((int)threadIdx.y) * 80) + ((((int)threadIdx.x) >> 4) * 40)) + ((((int)threadIdx.x) & 15) * 2))) = *(half2*)(A + (((((((((int)blockIdx.y) >> 3) * 1048576) + ((((int)blockIdx.x) >> 2) * 65536)) + (((int)threadIdx.y) * 8192)) + ((((int)threadIdx.x) >> 4) * 4096)) + (ax2_0_0 * 32)) + ((((int)threadIdx.x) & 15) * 2)));
    *(half4*)(((half*)buf_dyn_shmem) + (((((int)threadIdx.y) * 136) + (((int)threadIdx.x) * 4)) + 640)) = *(half4*)(B + (((((ax2_0_0 * 131072) + (((int)threadIdx.y) * 4096)) + ((((int)blockIdx.y) & 7) * 512)) + ((((int)blockIdx.x) & 3) * 128)) + (((int)threadIdx.x) * 4)));
    *(half4*)(((half*)buf_dyn_shmem) + (((((int)threadIdx.y) * 136) + (((int)threadIdx.x) * 4)) + 1728)) = *(half4*)(B + ((((((ax2_0_0 * 131072) + (((int)threadIdx.y) * 4096)) + ((((int)blockIdx.y) & 7) * 512)) + ((((int)blockIdx.x) & 3) * 128)) + (((int)threadIdx.x) * 4)) + 32768));
    *(half4*)(((half*)buf_dyn_shmem) + (((((int)threadIdx.y) * 136) + (((int)threadIdx.x) * 4)) + 2816)) = *(half4*)(B + ((((((ax2_0_0 * 131072) + (((int)threadIdx.y) * 4096)) + ((((int)blockIdx.y) & 7) * 512)) + ((((int)blockIdx.x) & 3) * 128)) + (((int)threadIdx.x) * 4)) + 65536));
    *(half4*)(((half*)buf_dyn_shmem) + (((((int)threadIdx.y) * 136) + (((int)threadIdx.x) * 4)) + 3904)) = *(half4*)(B + ((((((ax2_0_0 * 131072) + (((int)threadIdx.y) * 4096)) + ((((int)blockIdx.y) & 7) * 512)) + ((((int)blockIdx.x) & 3) * 128)) + (((int)threadIdx.x) * 4)) + 98304));
    __syncthreads();
    nvcuda::wmma::load_matrix_sync(A_reindex_shared_dyn_wmma_matrix_a[0], (&(((half*)buf_dyn_shmem)[0])), 40);
    nvcuda::wmma::load_matrix_sync(B_reindex_shared_dyn_wmma_matrix_b[0], (&(((half*)buf_dyn_shmem)[640])), 136);
    nvcuda::wmma::load_matrix_sync(B_reindex_shared_dyn_wmma_matrix_b[1], (&(((half*)buf_dyn_shmem)[656])), 136);
    nvcuda::wmma::load_matrix_sync(B_reindex_shared_dyn_wmma_matrix_b[2], (&(((half*)buf_dyn_shmem)[672])), 136);
    nvcuda::wmma::load_matrix_sync(B_reindex_shared_dyn_wmma_matrix_b[3], (&(((half*)buf_dyn_shmem)[688])), 136);
    nvcuda::wmma::load_matrix_sync(B_reindex_shared_dyn_wmma_matrix_b[4], (&(((half*)buf_dyn_shmem)[704])), 136);
    nvcuda::wmma::load_matrix_sync(B_reindex_shared_dyn_wmma_matrix_b[5], (&(((half*)buf_dyn_shmem)[720])), 136);
    nvcuda::wmma::load_matrix_sync(B_reindex_shared_dyn_wmma_matrix_b[6], (&(((half*)buf_dyn_shmem)[736])), 136);
    nvcuda::wmma::load_matrix_sync(B_reindex_shared_dyn_wmma_matrix_b[7], (&(((half*)buf_dyn_shmem)[752])), 136);
    nvcuda::wmma::mma_sync(T_matmul_NN_reindex_shared_dyn_wmma_accumulator[0], A_reindex_shared_dyn_wmma_matrix_a[0], B_reindex_shared_dyn_wmma_matrix_b[0], T_matmul_NN_reindex_shared_dyn_wmma_accumulator[0]);
    nvcuda::wmma::mma_sync(T_matmul_NN_reindex_shared_dyn_wmma_accumulator[1], A_reindex_shared_dyn_wmma_matrix_a[0], B_reindex_shared_dyn_wmma_matrix_b[1], T_matmul_NN_reindex_shared_dyn_wmma_accumulator[1]);
    nvcuda::wmma::mma_sync(T_matmul_NN_reindex_shared_dyn_wmma_accumulator[2], A_reindex_shared_dyn_wmma_matrix_a[0], B_reindex_shared_dyn_wmma_matrix_b[2], T_matmul_NN_reindex_shared_dyn_wmma_accumulator[2]);
    nvcuda::wmma::mma_sync(T_matmul_NN_reindex_shared_dyn_wmma_accumulator[3], A_reindex_shared_dyn_wmma_matrix_a[0], B_reindex_shared_dyn_wmma_matrix_b[3], T_matmul_NN_reindex_shared_dyn_wmma_accumulator[3]);
    nvcuda::wmma::mma_sync(T_matmul_NN_reindex_shared_dyn_wmma_accumulator[4], A_reindex_shared_dyn_wmma_matrix_a[0], B_reindex_shared_dyn_wmma_matrix_b[4], T_matmul_NN_reindex_shared_dyn_wmma_accumulator[4]);
    nvcuda::wmma::mma_sync(T_matmul_NN_reindex_shared_dyn_wmma_accumulator[5], A_reindex_shared_dyn_wmma_matrix_a[0], B_reindex_shared_dyn_wmma_matrix_b[5], T_matmul_NN_reindex_shared_dyn_wmma_accumulator[5]);
    nvcuda::wmma::mma_sync(T_matmul_NN_reindex_shared_dyn_wmma_accumulator[6], A_reindex_shared_dyn_wmma_matrix_a[0], B_reindex_shared_dyn_wmma_matrix_b[6], T_matmul_NN_reindex_shared_dyn_wmma_accumulator[6]);
    nvcuda::wmma::mma_sync(T_matmul_NN_reindex_shared_dyn_wmma_accumulator[7], A_reindex_shared_dyn_wmma_matrix_a[0], B_reindex_shared_dyn_wmma_matrix_b[7], T_matmul_NN_reindex_shared_dyn_wmma_accumulator[7]);
    nvcuda::wmma::load_matrix_sync(A_reindex_shared_dyn_wmma_matrix_a[0], (&(((half*)buf_dyn_shmem)[16])), 40);
    nvcuda::wmma::load_matrix_sync(B_reindex_shared_dyn_wmma_matrix_b[0], (&(((half*)buf_dyn_shmem)[2816])), 136);
    nvcuda::wmma::load_matrix_sync(B_reindex_shared_dyn_wmma_matrix_b[1], (&(((half*)buf_dyn_shmem)[2832])), 136);
    nvcuda::wmma::load_matrix_sync(B_reindex_shared_dyn_wmma_matrix_b[2], (&(((half*)buf_dyn_shmem)[2848])), 136);
    nvcuda::wmma::load_matrix_sync(B_reindex_shared_dyn_wmma_matrix_b[3], (&(((half*)buf_dyn_shmem)[2864])), 136);
    nvcuda::wmma::load_matrix_sync(B_reindex_shared_dyn_wmma_matrix_b[4], (&(((half*)buf_dyn_shmem)[2880])), 136);
    nvcuda::wmma::load_matrix_sync(B_reindex_shared_dyn_wmma_matrix_b[5], (&(((half*)buf_dyn_shmem)[2896])), 136);
    nvcuda::wmma::load_matrix_sync(B_reindex_shared_dyn_wmma_matrix_b[6], (&(((half*)buf_dyn_shmem)[2912])), 136);
    nvcuda::wmma::load_matrix_sync(B_reindex_shared_dyn_wmma_matrix_b[7], (&(((half*)buf_dyn_shmem)[2928])), 136);
    nvcuda::wmma::mma_sync(T_matmul_NN_reindex_shared_dyn_wmma_accumulator[0], A_reindex_shared_dyn_wmma_matrix_a[0], B_reindex_shared_dyn_wmma_matrix_b[0], T_matmul_NN_reindex_shared_dyn_wmma_accumulator[0]);
    nvcuda::wmma::mma_sync(T_matmul_NN_reindex_shared_dyn_wmma_accumulator[1], A_reindex_shared_dyn_wmma_matrix_a[0], B_reindex_shared_dyn_wmma_matrix_b[1], T_matmul_NN_reindex_shared_dyn_wmma_accumulator[1]);
    nvcuda::wmma::mma_sync(T_matmul_NN_reindex_shared_dyn_wmma_accumulator[2], A_reindex_shared_dyn_wmma_matrix_a[0], B_reindex_shared_dyn_wmma_matrix_b[2], T_matmul_NN_reindex_shared_dyn_wmma_accumulator[2]);
    nvcuda::wmma::mma_sync(T_matmul_NN_reindex_shared_dyn_wmma_accumulator[3], A_reindex_shared_dyn_wmma_matrix_a[0], B_reindex_shared_dyn_wmma_matrix_b[3], T_matmul_NN_reindex_shared_dyn_wmma_accumulator[3]);
    nvcuda::wmma::mma_sync(T_matmul_NN_reindex_shared_dyn_wmma_accumulator[4], A_reindex_shared_dyn_wmma_matrix_a[0], B_reindex_shared_dyn_wmma_matrix_b[4], T_matmul_NN_reindex_shared_dyn_wmma_accumulator[4]);
    nvcuda::wmma::mma_sync(T_matmul_NN_reindex_shared_dyn_wmma_accumulator[5], A_reindex_shared_dyn_wmma_matrix_a[0], B_reindex_shared_dyn_wmma_matrix_b[5], T_matmul_NN_reindex_shared_dyn_wmma_accumulator[5]);
    nvcuda::wmma::mma_sync(T_matmul_NN_reindex_shared_dyn_wmma_accumulator[6], A_reindex_shared_dyn_wmma_matrix_a[0], B_reindex_shared_dyn_wmma_matrix_b[6], T_matmul_NN_reindex_shared_dyn_wmma_accumulator[6]);
    nvcuda::wmma::mma_sync(T_matmul_NN_reindex_shared_dyn_wmma_accumulator[7], A_reindex_shared_dyn_wmma_matrix_a[0], B_reindex_shared_dyn_wmma_matrix_b[7], T_matmul_NN_reindex_shared_dyn_wmma_accumulator[7]);
  }
  __syncthreads();
  nvcuda::wmma::store_matrix_sync((&(((half*)buf_dyn_shmem)[640])), T_matmul_NN_reindex_shared_dyn_wmma_accumulator[0], 16, nvcuda::wmma::mem_row_major);
  nvcuda::wmma::store_matrix_sync((&(((half*)buf_dyn_shmem)[896])), T_matmul_NN_reindex_shared_dyn_wmma_accumulator[1], 16, nvcuda::wmma::mem_row_major);
  nvcuda::wmma::store_matrix_sync((&(((half*)buf_dyn_shmem)[1152])), T_matmul_NN_reindex_shared_dyn_wmma_accumulator[2], 16, nvcuda::wmma::mem_row_major);
  nvcuda::wmma::store_matrix_sync((&(((half*)buf_dyn_shmem)[1408])), T_matmul_NN_reindex_shared_dyn_wmma_accumulator[3], 16, nvcuda::wmma::mem_row_major);
  nvcuda::wmma::store_matrix_sync((&(((half*)buf_dyn_shmem)[1664])), T_matmul_NN_reindex_shared_dyn_wmma_accumulator[4], 16, nvcuda::wmma::mem_row_major);
  nvcuda::wmma::store_matrix_sync((&(((half*)buf_dyn_shmem)[1920])), T_matmul_NN_reindex_shared_dyn_wmma_accumulator[5], 16, nvcuda::wmma::mem_row_major);
  nvcuda::wmma::store_matrix_sync((&(((half*)buf_dyn_shmem)[2176])), T_matmul_NN_reindex_shared_dyn_wmma_accumulator[6], 16, nvcuda::wmma::mem_row_major);
  nvcuda::wmma::store_matrix_sync((&(((half*)buf_dyn_shmem)[2432])), T_matmul_NN_reindex_shared_dyn_wmma_accumulator[7], 16, nvcuda::wmma::mem_row_major);
  __syncthreads();
  *(uint4*)(T_matmul_NN + ((((((((((int)blockIdx.y) >> 3) * 1048576) + ((((int)blockIdx.x) >> 2) * 65536)) + ((((int)threadIdx.x) >> 1) * 4096)) + ((((int)blockIdx.y) & 7) * 512)) + ((((int)blockIdx.x) & 3) * 128)) + (((int)threadIdx.y) * 16)) + ((((int)threadIdx.x) & 1) * 8))) = *(uint4*)(((half*)buf_dyn_shmem) + (((((int)threadIdx.y) * 256) + (((int)threadIdx.x) * 8)) + 640));
}


sch.mod: # from tvm.script import ir as I
# from tvm.script import tir as T

@I.ir_module
class Module:
    @T.prim_func
    def main(A: T.Buffer((4096, 4096), "float16"), B: T.Buffer((4096, 4096), "float16"), T_matmul_NN: T.Buffer((4096, 4096), "float16")):
        T.func_attr({"layout_free_buffers": [1], "tir.noalias": T.bool(True)})
        # with T.block("root"):
        T_matmul_NN_reindex_shared_dyn = T.alloc_buffer((256, 32, 1, 8, 16, 16), "float16", scope="shared.dyn")
        T_matmul_NN_reindex_shared_dyn_wmma_accumulator = T.alloc_buffer((256, 32, 1, 8, 16, 16), "float16", scope="wmma.accumulator")
        A_reindex_shared_dyn = T.alloc_buffer((4096, 4096), "float16", scope="shared.dyn")
        B_reindex_shared_dyn = T.alloc_buffer((4096, 4096), "float16", scope="shared.dyn")
        A_reindex_shared_dyn_wmma_matrix_a = T.alloc_buffer((4096, 4096), "float16", scope="wmma.matrix_a")
        B_reindex_shared_dyn_wmma_matrix_b = T.alloc_buffer((4096, 4096), "float16", scope="wmma.matrix_b")
        for ax0_0_0_ax1_0_0_fused in T.thread_binding(128, thread="blockIdx.y", annotations={"pragma_auto_unroll_max_step": 1024, "pragma_unroll_explicit": 1}):
            for ax0_0_1_ax1_0_1_fused in T.thread_binding(64, thread="blockIdx.x"):
                for ax0_0_2_ax1_0_2_fused in T.thread_binding(1, thread="threadIdx.y"):
                    for ax0_0_3_init, ax1_0_3_init, ax0_0_4_init, ax1_0_4_init in T.grid(1, 8, 1, 1):
                        with T.block("T_matmul_NN_o_init"):
                            v0_o = T.axis.spatial(256, ax0_0_0_ax1_0_0_fused // 8 * 16 + ax0_0_1_ax1_0_1_fused // 4 + ax0_0_3_init + ax0_0_4_init)
                            v1_o = T.axis.spatial(256, ax0_0_0_ax1_0_0_fused % 8 * 32 + ax0_0_1_ax1_0_1_fused % 4 * 8 + ax1_0_3_init + ax1_0_4_init)
                            T.reads()
                            T.writes(T_matmul_NN_reindex_shared_dyn_wmma_accumulator[v0_o, v1_o // 8, 0, v1_o % 8, 0:16, 0:16])
                            T.block_attr({"meta_schedule.thread_extent_high_inclusive": 1024, "meta_schedule.thread_extent_low_inclusive": 32, "warp_execution": 1})
                            C = T.match_buffer(T_matmul_NN_reindex_shared_dyn_wmma_accumulator[v0_o, v1_o // 8, 0, v1_o % 8, 0:16, 0:16], (16, 16), "float16", strides=("C_s0", "C_s1"), scope="wmma.accumulator", offset_factor=16)
                            T.tvm_fill_fragment(C.data, 16, 16, 16, C.elem_offset // C.strides[0] // 16 * (C.strides[0] // 16) + C.elem_offset % C.strides[0] // 16, T.float32(0.0))
                    for ax2_0_0 in range(128):
                        for ax0_ax1_fused_0 in range(1):
                            for ax0_ax1_fused_1 in T.thread_binding(8, thread="threadIdx.y"):
                                for ax0_ax1_fused_2 in T.thread_binding(32, thread="threadIdx.x"):
                                    for ax0_ax1_fused_3 in T.vectorized(2):
                                        with T.block("A_reindex_shared.dyn"):
                                            v0 = T.axis.spatial(4096, ax0_0_0_ax1_0_0_fused // 8 * 256 + ax0_0_1_ax1_0_1_fused // 4 * 16 + (ax0_ax1_fused_0 * 512 + ax0_ax1_fused_1 * 64 + ax0_ax1_fused_2 * 2 + ax0_ax1_fused_3) // 32)
                                            v1 = T.axis.spatial(4096, ax2_0_0 * 32 + (ax0_ax1_fused_0 * 512 + ax0_ax1_fused_1 * 64 + ax0_ax1_fused_2 * 2 + ax0_ax1_fused_3) % 32)
                                            T.reads(A[v0, v1])
                                            T.writes(A_reindex_shared_dyn[v0, v1])
                                            T.block_attr({"buffer_dim_align": [[0, 0, 32, 8]]})
                                            A_reindex_shared_dyn[v0, v1] = A[v0, v1]
                        for ax0_ax1_fused_0 in range(4):
                            for ax0_ax1_fused_1 in T.thread_binding(8, thread="threadIdx.y"):
                                for ax0_ax1_fused_2 in T.thread_binding(32, thread="threadIdx.x"):
                                    for ax0_ax1_fused_3 in T.vectorized(4):
                                        with T.block("B_reindex_shared.dyn"):
                                            v0 = T.axis.spatial(4096, ax2_0_0 * 32 + (ax0_ax1_fused_0 * 1024 + ax0_ax1_fused_1 * 128 + ax0_ax1_fused_2 * 4 + ax0_ax1_fused_3) // 128)
                                            v1 = T.axis.spatial(4096, ax0_0_0_ax1_0_0_fused % 8 * 512 + ax0_0_1_ax1_0_1_fused % 4 * 128 + (ax0_ax1_fused_0 * 1024 + ax0_ax1_fused_1 * 128 + ax0_ax1_fused_2 * 4 + ax0_ax1_fused_3) % 128)
                                            T.reads(B[v0, v1])
                                            T.writes(B_reindex_shared_dyn[v0, v1])
                                            T.block_attr({"buffer_dim_align": [[0, 0, 32, 8]]})
                                            B_reindex_shared_dyn[v0, v1] = B[v0, v1]
                        for ax2_0_1 in range(2):
                            for ax0_0, ax1_0 in T.grid(1, 1):
                                with T.block("A_reindex_shared.dyn_wmma.matrix_a_o"):
                                    v0_o = T.axis.spatial(256, ax0_0_0_ax1_0_0_fused // 8 * 16 + ax0_0_1_ax1_0_1_fused // 4 + ax0_0)
                                    v1_o = T.axis.spatial(256, ax2_0_0 * 2 + ax2_0_1 + ax1_0)
                                    T.reads(A_reindex_shared_dyn[v0_o * 16:v0_o * 16 + 16, v1_o * 16:v1_o * 16 + 16])
                                    T.writes(A_reindex_shared_dyn_wmma_matrix_a[v0_o * 16:v0_o * 16 + 16, v1_o * 16:v1_o * 16 + 16])
                                    A_1 = T.match_buffer(A_reindex_shared_dyn[v0_o * 16:v0_o * 16 + 16, v1_o * 16:v1_o * 16 + 16], (16, 16), "float16", strides=("A_s0", "A_s1"), scope="shared.dyn", offset_factor=16)
                                    C = T.match_buffer(A_reindex_shared_dyn_wmma_matrix_a[v0_o * 16:v0_o * 16 + 16, v1_o * 16:v1_o * 16 + 16], (16, 16), "float16", strides=("C_s0", "C_s1"), scope="wmma.matrix_a", offset_factor=16)
                                    T.tvm_load_matrix_sync(C.data, 16, 16, 16, C.elem_offset // C.strides[0] // 16 * (C.strides[0] // 16) + C.elem_offset % C.strides[0] // 16, T.tvm_access_ptr(T.type_annotation("float16"), A_1.data, A_1.elem_offset, A_1.strides[0] * 16, 1), A_1.strides[0], "row_major")
                            for ax0_0, ax1_0 in T.grid(1, 8):
                                with T.block("B_reindex_shared.dyn_wmma.matrix_b_o"):
                                    v0_o = T.axis.spatial(256, ax2_0_0 * 2 + ax2_0_1 + ax0_0)
                                    v1_o = T.axis.spatial(256, ax0_0_0_ax1_0_0_fused % 8 * 32 + ax0_0_1_ax1_0_1_fused % 4 * 8 + ax1_0)
                                    T.reads(B_reindex_shared_dyn[v0_o * 16:v0_o * 16 + 16, v1_o * 16:v1_o * 16 + 16])
                                    T.writes(B_reindex_shared_dyn_wmma_matrix_b[v0_o * 16:v0_o * 16 + 16, v1_o * 16:v1_o * 16 + 16])
                                    A_1 = T.match_buffer(B_reindex_shared_dyn[v0_o * 16:v0_o * 16 + 16, v1_o * 16:v1_o * 16 + 16], (16, 16), "float16", strides=("A_s0", "A_s1"), scope="shared.dyn", offset_factor=16)
                                    C = T.match_buffer(B_reindex_shared_dyn_wmma_matrix_b[v0_o * 16:v0_o * 16 + 16, v1_o * 16:v1_o * 16 + 16], (16, 16), "float16", strides=("C_s0", "C_s1"), scope="wmma.matrix_b", offset_factor=16)
                                    T.tvm_load_matrix_sync(C.data, 16, 16, 16, C.elem_offset // C.strides[0] // 16 * (C.strides[0] // 16) + C.elem_offset % C.strides[0] // 16, T.tvm_access_ptr(T.type_annotation("float16"), A_1.data, A_1.elem_offset, A_1.strides[0] * 16, 1), A_1.strides[0], "row_major")
                            for ax0_0_3, ax1_0_3, ax2_0_2, ax0_0_4, ax1_0_4 in T.grid(1, 8, 1, 1, 1):
                                with T.block("T_matmul_NN_o_update"):
                                    v0_o = T.axis.spatial(256, ax0_0_0_ax1_0_0_fused // 8 * 16 + ax0_0_1_ax1_0_1_fused // 4 + ax0_0_3 + ax0_0_4)
                                    v1_o = T.axis.spatial(256, ax0_0_0_ax1_0_0_fused % 8 * 32 + ax0_0_1_ax1_0_1_fused % 4 * 8 + ax1_0_3 + ax1_0_4)
                                    v2_o = T.axis.reduce(256, ax2_0_0 * 2 + ax2_0_1 + ax2_0_2)
                                    T.reads(T_matmul_NN_reindex_shared_dyn_wmma_accumulator[v0_o, v1_o // 8, 0, v1_o % 8, 0:16, 0:16], A_reindex_shared_dyn_wmma_matrix_a[v0_o * 16:v0_o * 16 + 16, v2_o * 16:v2_o * 16 + 16], B_reindex_shared_dyn_wmma_matrix_b[v2_o * 16:v2_o * 16 + 16, v1_o * 16:v1_o * 16 + 16])
                                    T.writes(T_matmul_NN_reindex_shared_dyn_wmma_accumulator[v0_o, v1_o // 8, 0, v1_o % 8, 0:16, 0:16])
                                    T.block_attr({"meta_schedule.thread_extent_high_inclusive": 1024, "meta_schedule.thread_extent_low_inclusive": 32, "warp_execution": 1})
                                    A_1 = T.match_buffer(A_reindex_shared_dyn_wmma_matrix_a[v0_o * 16:v0_o * 16 + 16, v2_o * 16:v2_o * 16 + 16], (16, 16), "float16", strides=("A_s0", "A_s1"), scope="wmma.matrix_a", offset_factor=16)
                                    B_1 = T.match_buffer(B_reindex_shared_dyn_wmma_matrix_b[v2_o * 16:v2_o * 16 + 16, v1_o * 16:v1_o * 16 + 16], (16, 16), "float16", strides=("B_s0", "B_s1"), scope="wmma.matrix_b", offset_factor=16)
                                    C = T.match_buffer(T_matmul_NN_reindex_shared_dyn_wmma_accumulator[v0_o, v1_o // 8, 0, v1_o % 8, 0:16, 0:16], (16, 16), "float16", strides=("C_s0", "C_s1"), scope="wmma.accumulator", offset_factor=16)
                                    T.tvm_mma_sync(C.data, C.elem_offset // C.strides[0] // 16 * (C.strides[0] // 16) + C.elem_offset % C.strides[0] // 16, A_1.data, A_1.elem_offset // A_1.strides[0] // 16 * (A_1.strides[0] // 16) + A_1.elem_offset % A_1.strides[0] // 16, B_1.data, B_1.elem_offset // B_1.strides[0] // 16 * (B_1.strides[0] // 16) + B_1.elem_offset % B_1.strides[0] // 16, C.data, C.elem_offset // C.strides[0] // 16 * (C.strides[0] // 16) + C.elem_offset % C.strides[0] // 16)
                for ax2 in range(1):
                    for ax0_ax1_fused in T.thread_binding(1, thread="threadIdx.y"):
                        for ax2_1, ax3 in T.grid(1, 8):
                            with T.block("T_matmul_NN_reindex_shared.dyn_wmma.accumulator_o"):
                                v0_o = T.axis.spatial(256, ax0_0_0_ax1_0_0_fused // 8 * 16 + ax0_0_1_ax1_0_1_fused // 4)
                                v1_o = T.axis.spatial(32, ax0_0_0_ax1_0_0_fused % 8 * 4 + ax0_0_1_ax1_0_1_fused % 4)
                                v2_o, v3_o = T.axis.remap("SS", [ax2_1, ax3])
                                v4_o = T.axis.spatial(1, 0)
                                v5_o = T.axis.spatial(1, 0)
                                T.reads(T_matmul_NN_reindex_shared_dyn_wmma_accumulator[v0_o, v1_o, v2_o, v3_o, 0:16, 0:16])
                                T.writes(T_matmul_NN_reindex_shared_dyn[v0_o, v1_o, v2_o, v3_o, 0:16, 0:16])
                                A_1 = T.match_buffer(T_matmul_NN_reindex_shared_dyn_wmma_accumulator[v0_o, v1_o, v2_o, v3_o, 0:16, 0:16], (16, 16), "float16", strides=("A_s0", "A_s1"), scope="wmma.accumulator", offset_factor=16)
                                C = T.match_buffer(T_matmul_NN_reindex_shared_dyn[v0_o, v1_o, v2_o, v3_o, 0:16, 0:16], (16, 16), "float16", strides=("C_s0", "C_s1"), scope="shared.dyn", offset_factor=16)
                                T.tvm_store_matrix_sync(A_1.data, 16, 16, 16, A_1.elem_offset // A_1.strides[0] // 16 * (A_1.strides[0] // 16) + A_1.elem_offset % A_1.strides[0] // 16, T.tvm_access_ptr(T.type_annotation("float16"), C.data, C.elem_offset, C.strides[0] * 16, 2), C.strides[0], "row_major")
                    for ax0_ax1_ax3_ax4_ax5_fused_0 in range(1):
                        for ax0_ax1_ax3_ax4_ax5_fused_1 in T.thread_binding(8, thread="threadIdx.y"):
                            for ax0_ax1_ax3_ax4_ax5_fused_2 in T.thread_binding(32, thread="threadIdx.x"):
                                for ax0_ax1_ax3_ax4_ax5_fused_3 in T.vectorized(8):
                                    with T.block("T_matmul_NN_reindex_shared.dyn"):
                                        v0 = T.axis.spatial(256, ax0_0_0_ax1_0_0_fused // 8 * 16 + ax0_0_1_ax1_0_1_fused // 4)
                                        v1 = T.axis.spatial(32, ax0_0_0_ax1_0_0_fused % 8 * 4 + ax0_0_1_ax1_0_1_fused % 4)
                                        v2 = T.axis.spatial(1, ax2)
                                        v3 = T.axis.spatial(8, (ax0_ax1_ax3_ax4_ax5_fused_0 * 2048 + ax0_ax1_ax3_ax4_ax5_fused_1 * 256 + ax0_ax1_ax3_ax4_ax5_fused_2 * 8 + ax0_ax1_ax3_ax4_ax5_fused_3) // 256)
                                        v4 = T.axis.spatial(16, (ax0_ax1_ax3_ax4_ax5_fused_0 * 2048 + ax0_ax1_ax3_ax4_ax5_fused_1 * 256 + ax0_ax1_ax3_ax4_ax5_fused_2 * 8 + ax0_ax1_ax3_ax4_ax5_fused_3) % 256 // 16)
                                        v5 = T.axis.spatial(16, (ax0_ax1_ax3_ax4_ax5_fused_0 * 2048 + ax0_ax1_ax3_ax4_ax5_fused_1 * 256 + ax0_ax1_ax3_ax4_ax5_fused_2 * 8 + ax0_ax1_ax3_ax4_ax5_fused_3) % 16)
                                        T.reads(T_matmul_NN_reindex_shared_dyn[v0, v1, v2, v3, v4, v5])
                                        T.writes(T_matmul_NN[v4 + v0 * 16, v5 + v3 * 16 + v1 * 128])
                                        T_matmul_NN[v4 + v0 * 16, v5 + v3 * 16 + v1 * 128] = T_matmul_NN_reindex_shared_dyn[v0, v1, v2, v3, v4, v5]

[Lowered TIR:]
# from tvm.script import ir as I
# from tvm.script import tir as T

@I.ir_module
class Module:
    @T.prim_func
    def main(A: T.Buffer((4096, 4096), "float16"), B: T.Buffer((4096, 4096), "float16"), T_matmul_NN: T.Buffer((4096, 4096), "float16")):
        T.func_attr({"layout_free_buffers": [1], "tir.noalias": T.bool(True)})
        blockIdx_y = T.launch_thread("blockIdx.y", 128)
        T_matmul_NN_reindex_shared_dyn_wmma_accumulator = T.allocate([2048], "float16", "wmma.accumulator")
        A_reindex_shared_dyn = T.allocate([640], "float16", "shared.dyn")
        B_reindex_shared_dyn = T.allocate([4352], "float16", "shared.dyn")
        A_reindex_shared_dyn_wmma_matrix_a = T.allocate([256], "float16", "wmma.matrix_a")
        B_reindex_shared_dyn_wmma_matrix_b = T.allocate([2048], "float16", "wmma.matrix_b")
        blockIdx_x = T.launch_thread("blockIdx.x", 64)
        threadIdx_x = T.launch_thread("threadIdx.x", 32)
        threadIdx_y = T.launch_thread("threadIdx.y", 8)
        T.tvm_fill_fragment(T_matmul_NN_reindex_shared_dyn_wmma_accumulator, 16, 16, 16, 0, T.float32(0.0))
        T.tvm_fill_fragment(T_matmul_NN_reindex_shared_dyn_wmma_accumulator, 16, 16, 16, 1, T.float32(0.0))
        T.tvm_fill_fragment(T_matmul_NN_reindex_shared_dyn_wmma_accumulator, 16, 16, 16, 2, T.float32(0.0))
        T.tvm_fill_fragment(T_matmul_NN_reindex_shared_dyn_wmma_accumulator, 16, 16, 16, 3, T.float32(0.0))
        T.tvm_fill_fragment(T_matmul_NN_reindex_shared_dyn_wmma_accumulator, 16, 16, 16, 4, T.float32(0.0))
        T.tvm_fill_fragment(T_matmul_NN_reindex_shared_dyn_wmma_accumulator, 16, 16, 16, 5, T.float32(0.0))
        T.tvm_fill_fragment(T_matmul_NN_reindex_shared_dyn_wmma_accumulator, 16, 16, 16, 6, T.float32(0.0))
        T.tvm_fill_fragment(T_matmul_NN_reindex_shared_dyn_wmma_accumulator, 16, 16, 16, 7, T.float32(0.0))
        for ax2_0_0 in range(128):
            A_reindex_shared_dyn_1 = T.Buffer((640,), "float16", data=A_reindex_shared_dyn, scope="shared.dyn")
            A_1 = T.Buffer((16777216,), "float16", data=A.data)
            A_reindex_shared_dyn_1[threadIdx_y * 80 + threadIdx_x // 16 * 40 + threadIdx_x % 16 * 2:threadIdx_y * 80 + threadIdx_x // 16 * 40 + threadIdx_x % 16 * 2 + 2] = A_1[blockIdx_y // 8 * 1048576 + blockIdx_x // 4 * 65536 + threadIdx_y * 8192 + threadIdx_x // 16 * 4096 + ax2_0_0 * 32 + threadIdx_x % 16 * 2:blockIdx_y // 8 * 1048576 + blockIdx_x // 4 * 65536 + threadIdx_y * 8192 + threadIdx_x // 16 * 4096 + ax2_0_0 * 32 + threadIdx_x % 16 * 2 + 2]
            B_reindex_shared_dyn_1 = T.Buffer((4352,), "float16", data=B_reindex_shared_dyn, scope="shared.dyn")
            B_1 = T.Buffer((16777216,), "float16", data=B.data)
            B_reindex_shared_dyn_1[threadIdx_y * 136 + threadIdx_x * 4:threadIdx_y * 136 + threadIdx_x * 4 + 4] = B_1[ax2_0_0 * 131072 + threadIdx_y * 4096 + blockIdx_y % 8 * 512 + blockIdx_x % 4 * 128 + threadIdx_x * 4:ax2_0_0 * 131072 + threadIdx_y * 4096 + blockIdx_y % 8 * 512 + blockIdx_x % 4 * 128 + threadIdx_x * 4 + 4]
            B_reindex_shared_dyn_1[threadIdx_y * 136 + threadIdx_x * 4 + 1088:threadIdx_y * 136 + threadIdx_x * 4 + 1088 + 4] = B_1[ax2_0_0 * 131072 + threadIdx_y * 4096 + blockIdx_y % 8 * 512 + blockIdx_x % 4 * 128 + threadIdx_x * 4 + 32768:ax2_0_0 * 131072 + threadIdx_y * 4096 + blockIdx_y % 8 * 512 + blockIdx_x % 4 * 128 + threadIdx_x * 4 + 32768 + 4]
            B_reindex_shared_dyn_1[threadIdx_y * 136 + threadIdx_x * 4 + 2176:threadIdx_y * 136 + threadIdx_x * 4 + 2176 + 4] = B_1[ax2_0_0 * 131072 + threadIdx_y * 4096 + blockIdx_y % 8 * 512 + blockIdx_x % 4 * 128 + threadIdx_x * 4 + 65536:ax2_0_0 * 131072 + threadIdx_y * 4096 + blockIdx_y % 8 * 512 + blockIdx_x % 4 * 128 + threadIdx_x * 4 + 65536 + 4]
            B_reindex_shared_dyn_1[threadIdx_y * 136 + threadIdx_x * 4 + 3264:threadIdx_y * 136 + threadIdx_x * 4 + 3264 + 4] = B_1[ax2_0_0 * 131072 + threadIdx_y * 4096 + blockIdx_y % 8 * 512 + blockIdx_x % 4 * 128 + threadIdx_x * 4 + 98304:ax2_0_0 * 131072 + threadIdx_y * 4096 + blockIdx_y % 8 * 512 + blockIdx_x % 4 * 128 + threadIdx_x * 4 + 98304 + 4]
            T.tvm_load_matrix_sync(A_reindex_shared_dyn_wmma_matrix_a, 16, 16, 16, 0, T.tvm_access_ptr(T.type_annotation("float16"), A_reindex_shared_dyn, 0, 640, 1), 40, "row_major")
            T.tvm_load_matrix_sync(B_reindex_shared_dyn_wmma_matrix_b, 16, 16, 16, 0, T.tvm_access_ptr(T.type_annotation("float16"), B_reindex_shared_dyn, 0, 2176, 1), 136, "row_major")
            T.tvm_load_matrix_sync(B_reindex_shared_dyn_wmma_matrix_b, 16, 16, 16, 1, T.tvm_access_ptr(T.type_annotation("float16"), B_reindex_shared_dyn, 16, 2176, 1), 136, "row_major")
            T.tvm_load_matrix_sync(B_reindex_shared_dyn_wmma_matrix_b, 16, 16, 16, 2, T.tvm_access_ptr(T.type_annotation("float16"), B_reindex_shared_dyn, 32, 2176, 1), 136, "row_major")
            T.tvm_load_matrix_sync(B_reindex_shared_dyn_wmma_matrix_b, 16, 16, 16, 3, T.tvm_access_ptr(T.type_annotation("float16"), B_reindex_shared_dyn, 48, 2176, 1), 136, "row_major")
            T.tvm_load_matrix_sync(B_reindex_shared_dyn_wmma_matrix_b, 16, 16, 16, 4, T.tvm_access_ptr(T.type_annotation("float16"), B_reindex_shared_dyn, 64, 2176, 1), 136, "row_major")
            T.tvm_load_matrix_sync(B_reindex_shared_dyn_wmma_matrix_b, 16, 16, 16, 5, T.tvm_access_ptr(T.type_annotation("float16"), B_reindex_shared_dyn, 80, 2176, 1), 136, "row_major")
            T.tvm_load_matrix_sync(B_reindex_shared_dyn_wmma_matrix_b, 16, 16, 16, 6, T.tvm_access_ptr(T.type_annotation("float16"), B_reindex_shared_dyn, 96, 2176, 1), 136, "row_major")
            T.tvm_load_matrix_sync(B_reindex_shared_dyn_wmma_matrix_b, 16, 16, 16, 7, T.tvm_access_ptr(T.type_annotation("float16"), B_reindex_shared_dyn, 112, 2176, 1), 136, "row_major")
            T.tvm_mma_sync(T_matmul_NN_reindex_shared_dyn_wmma_accumulator, 0, A_reindex_shared_dyn_wmma_matrix_a, 0, B_reindex_shared_dyn_wmma_matrix_b, 0, T_matmul_NN_reindex_shared_dyn_wmma_accumulator, 0)
            T.tvm_mma_sync(T_matmul_NN_reindex_shared_dyn_wmma_accumulator, 1, A_reindex_shared_dyn_wmma_matrix_a, 0, B_reindex_shared_dyn_wmma_matrix_b, 1, T_matmul_NN_reindex_shared_dyn_wmma_accumulator, 1)
            T.tvm_mma_sync(T_matmul_NN_reindex_shared_dyn_wmma_accumulator, 2, A_reindex_shared_dyn_wmma_matrix_a, 0, B_reindex_shared_dyn_wmma_matrix_b, 2, T_matmul_NN_reindex_shared_dyn_wmma_accumulator, 2)
            T.tvm_mma_sync(T_matmul_NN_reindex_shared_dyn_wmma_accumulator, 3, A_reindex_shared_dyn_wmma_matrix_a, 0, B_reindex_shared_dyn_wmma_matrix_b, 3, T_matmul_NN_reindex_shared_dyn_wmma_accumulator, 3)
            T.tvm_mma_sync(T_matmul_NN_reindex_shared_dyn_wmma_accumulator, 4, A_reindex_shared_dyn_wmma_matrix_a, 0, B_reindex_shared_dyn_wmma_matrix_b, 4, T_matmul_NN_reindex_shared_dyn_wmma_accumulator, 4)
            T.tvm_mma_sync(T_matmul_NN_reindex_shared_dyn_wmma_accumulator, 5, A_reindex_shared_dyn_wmma_matrix_a, 0, B_reindex_shared_dyn_wmma_matrix_b, 5, T_matmul_NN_reindex_shared_dyn_wmma_accumulator, 5)
            T.tvm_mma_sync(T_matmul_NN_reindex_shared_dyn_wmma_accumulator, 6, A_reindex_shared_dyn_wmma_matrix_a, 0, B_reindex_shared_dyn_wmma_matrix_b, 6, T_matmul_NN_reindex_shared_dyn_wmma_accumulator, 6)
            T.tvm_mma_sync(T_matmul_NN_reindex_shared_dyn_wmma_accumulator, 7, A_reindex_shared_dyn_wmma_matrix_a, 0, B_reindex_shared_dyn_wmma_matrix_b, 7, T_matmul_NN_reindex_shared_dyn_wmma_accumulator, 7)
            T.tvm_load_matrix_sync(A_reindex_shared_dyn_wmma_matrix_a, 16, 16, 16, 0, T.tvm_access_ptr(T.type_annotation("float16"), A_reindex_shared_dyn, 16, 640, 1), 40, "row_major")
            T.tvm_load_matrix_sync(B_reindex_shared_dyn_wmma_matrix_b, 16, 16, 16, 0, T.tvm_access_ptr(T.type_annotation("float16"), B_reindex_shared_dyn, 2176, 2176, 1), 136, "row_major")
            T.tvm_load_matrix_sync(B_reindex_shared_dyn_wmma_matrix_b, 16, 16, 16, 1, T.tvm_access_ptr(T.type_annotation("float16"), B_reindex_shared_dyn, 2192, 2176, 1), 136, "row_major")
            T.tvm_load_matrix_sync(B_reindex_shared_dyn_wmma_matrix_b, 16, 16, 16, 2, T.tvm_access_ptr(T.type_annotation("float16"), B_reindex_shared_dyn, 2208, 2176, 1), 136, "row_major")
            T.tvm_load_matrix_sync(B_reindex_shared_dyn_wmma_matrix_b, 16, 16, 16, 3, T.tvm_access_ptr(T.type_annotation("float16"), B_reindex_shared_dyn, 2224, 2176, 1), 136, "row_major")
            T.tvm_load_matrix_sync(B_reindex_shared_dyn_wmma_matrix_b, 16, 16, 16, 4, T.tvm_access_ptr(T.type_annotation("float16"), B_reindex_shared_dyn, 2240, 2176, 1), 136, "row_major")
            T.tvm_load_matrix_sync(B_reindex_shared_dyn_wmma_matrix_b, 16, 16, 16, 5, T.tvm_access_ptr(T.type_annotation("float16"), B_reindex_shared_dyn, 2256, 2176, 1), 136, "row_major")
            T.tvm_load_matrix_sync(B_reindex_shared_dyn_wmma_matrix_b, 16, 16, 16, 6, T.tvm_access_ptr(T.type_annotation("float16"), B_reindex_shared_dyn, 2272, 2176, 1), 136, "row_major")
            T.tvm_load_matrix_sync(B_reindex_shared_dyn_wmma_matrix_b, 16, 16, 16, 7, T.tvm_access_ptr(T.type_annotation("float16"), B_reindex_shared_dyn, 2288, 2176, 1), 136, "row_major")
            T.tvm_mma_sync(T_matmul_NN_reindex_shared_dyn_wmma_accumulator, 0, A_reindex_shared_dyn_wmma_matrix_a, 0, B_reindex_shared_dyn_wmma_matrix_b, 0, T_matmul_NN_reindex_shared_dyn_wmma_accumulator, 0)
            T.tvm_mma_sync(T_matmul_NN_reindex_shared_dyn_wmma_accumulator, 1, A_reindex_shared_dyn_wmma_matrix_a, 0, B_reindex_shared_dyn_wmma_matrix_b, 1, T_matmul_NN_reindex_shared_dyn_wmma_accumulator, 1)
            T.tvm_mma_sync(T_matmul_NN_reindex_shared_dyn_wmma_accumulator, 2, A_reindex_shared_dyn_wmma_matrix_a, 0, B_reindex_shared_dyn_wmma_matrix_b, 2, T_matmul_NN_reindex_shared_dyn_wmma_accumulator, 2)
            T.tvm_mma_sync(T_matmul_NN_reindex_shared_dyn_wmma_accumulator, 3, A_reindex_shared_dyn_wmma_matrix_a, 0, B_reindex_shared_dyn_wmma_matrix_b, 3, T_matmul_NN_reindex_shared_dyn_wmma_accumulator, 3)
            T.tvm_mma_sync(T_matmul_NN_reindex_shared_dyn_wmma_accumulator, 4, A_reindex_shared_dyn_wmma_matrix_a, 0, B_reindex_shared_dyn_wmma_matrix_b, 4, T_matmul_NN_reindex_shared_dyn_wmma_accumulator, 4)
            T.tvm_mma_sync(T_matmul_NN_reindex_shared_dyn_wmma_accumulator, 5, A_reindex_shared_dyn_wmma_matrix_a, 0, B_reindex_shared_dyn_wmma_matrix_b, 5, T_matmul_NN_reindex_shared_dyn_wmma_accumulator, 5)
            T.tvm_mma_sync(T_matmul_NN_reindex_shared_dyn_wmma_accumulator, 6, A_reindex_shared_dyn_wmma_matrix_a, 0, B_reindex_shared_dyn_wmma_matrix_b, 6, T_matmul_NN_reindex_shared_dyn_wmma_accumulator, 6)
            T.tvm_mma_sync(T_matmul_NN_reindex_shared_dyn_wmma_accumulator, 7, A_reindex_shared_dyn_wmma_matrix_a, 0, B_reindex_shared_dyn_wmma_matrix_b, 7, T_matmul_NN_reindex_shared_dyn_wmma_accumulator, 7)
        T.tvm_store_matrix_sync(T_matmul_NN_reindex_shared_dyn_wmma_accumulator, 16, 16, 16, 0, T.tvm_access_ptr(T.type_annotation("float16"), B_reindex_shared_dyn, 0, 256, 2), 16, "row_major")
        T.tvm_store_matrix_sync(T_matmul_NN_reindex_shared_dyn_wmma_accumulator, 16, 16, 16, 1, T.tvm_access_ptr(T.type_annotation("float16"), B_reindex_shared_dyn, 256, 256, 2), 16, "row_major")
        T.tvm_store_matrix_sync(T_matmul_NN_reindex_shared_dyn_wmma_accumulator, 16, 16, 16, 2, T.tvm_access_ptr(T.type_annotation("float16"), B_reindex_shared_dyn, 512, 256, 2), 16, "row_major")
        T.tvm_store_matrix_sync(T_matmul_NN_reindex_shared_dyn_wmma_accumulator, 16, 16, 16, 3, T.tvm_access_ptr(T.type_annotation("float16"), B_reindex_shared_dyn, 768, 256, 2), 16, "row_major")
        T.tvm_store_matrix_sync(T_matmul_NN_reindex_shared_dyn_wmma_accumulator, 16, 16, 16, 4, T.tvm_access_ptr(T.type_annotation("float16"), B_reindex_shared_dyn, 1024, 256, 2), 16, "row_major")
        T.tvm_store_matrix_sync(T_matmul_NN_reindex_shared_dyn_wmma_accumulator, 16, 16, 16, 5, T.tvm_access_ptr(T.type_annotation("float16"), B_reindex_shared_dyn, 1280, 256, 2), 16, "row_major")
        T.tvm_store_matrix_sync(T_matmul_NN_reindex_shared_dyn_wmma_accumulator, 16, 16, 16, 6, T.tvm_access_ptr(T.type_annotation("float16"), B_reindex_shared_dyn, 1536, 256, 2), 16, "row_major")
        T.tvm_store_matrix_sync(T_matmul_NN_reindex_shared_dyn_wmma_accumulator, 16, 16, 16, 7, T.tvm_access_ptr(T.type_annotation("float16"), B_reindex_shared_dyn, 1792, 256, 2), 16, "row_major")
        T_matmul_NN_1 = T.Buffer((16777216,), "float16", data=T_matmul_NN.data)
        B_reindex_shared_dyn_1 = T.Buffer((2048,), "float16", data=B_reindex_shared_dyn, scope="shared.dyn")
        T_matmul_NN_1[blockIdx_y // 8 * 1048576 + blockIdx_x // 4 * 65536 + threadIdx_x // 2 * 4096 + blockIdx_y % 8 * 512 + blockIdx_x % 4 * 128 + threadIdx_y * 16 + threadIdx_x % 2 * 8:blockIdx_y // 8 * 1048576 + blockIdx_x // 4 * 65536 + threadIdx_x // 2 * 4096 + blockIdx_y % 8 * 512 + blockIdx_x % 4 * 128 + threadIdx_y * 16 + threadIdx_x % 2 * 8 + 8] = B_reindex_shared_dyn_1[threadIdx_y * 256 + threadIdx_x * 8:threadIdx_y * 256 + threadIdx_x * 8 + 8]
[info] Runtime module built successfully
[saved] logs/matmul_0/artifacts/matmul_4096x4096x4096.cu
gemm with tensor core: 3.578197 ms

[success] All artifacts dumped to logs/matmul_0/artifacts/
