2025-10-07 09:25:00 [INFO] Logging directory: ./layer_4/logs
2025-10-07 09:25:00 [INFO] LocalBuilder: max_workers = 32
2025-10-07 09:25:01 [INFO] [task_scheduler.cc:159] Initializing Task #0: "main"
2025-10-07 09:25:01 [INFO] [task_scheduler.cc:320] 
 ID | Name |     FLOP | Weight | Speed (GFLOPS) | Latency (us) | Weighted Latency (us) | Trials | Done 
-------------------------------------------------------------------------------------------------------
  0 | main | 12845056 |      1 |            N/A |          N/A |                   N/A |      0 |      
-------------------------------------------------------------------------------------------------------
Total trials: 0
Total latency (us): 0

2025-10-07 09:25:01 [INFO] [task_scheduler.cc:180] TaskScheduler picks Task #0: "main"
2025-10-07 09:25:30 [INFO] [task_scheduler.cc:193] Sending 64 sample(s) to builder
2025-10-07 09:25:34 [INFO] [task_scheduler.cc:195] Sending 64 sample(s) to runner
2025-10-07 09:25:52 [DEBUG] XGB iter   0: tr-p-rmse: 0.445915	tr-a-peak@32: 0.969445	tr-rmse: 0.396589	tr-rmse: 0.396589
2025-10-07 09:25:52 [DEBUG] XGB iter  25: tr-p-rmse: 0.016322	tr-a-peak@32: 1.000000	tr-rmse: 0.477397	tr-rmse: 0.477397
2025-10-07 09:25:52 [DEBUG] XGB iter  50: tr-p-rmse: 0.016322	tr-a-peak@32: 1.000000	tr-rmse: 0.477397	tr-rmse: 0.477397
2025-10-07 09:25:52 [DEBUG] XGB stopped. Best iteration: [17] tr-p-rmse:0.01632	tr-a-peak@32:1.00000	tr-rmse:0.47740	tr-rmse:0.47740 
2025-10-07 09:25:52 [INFO] [task_scheduler.cc:237] [Updated] Task #0: "main"
2025-10-07 09:25:52 [INFO] [task_scheduler.cc:320] 
 ID | Name |     FLOP | Weight | Speed (GFLOPS) | Latency (us) | Weighted Latency (us) | Trials | Done 
-------------------------------------------------------------------------------------------------------
  0 | main | 12845056 |      1 |      4383.0433 |       2.9306 |                2.9306 |     64 |      
-------------------------------------------------------------------------------------------------------
Total trials: 64
Total latency (us): 2.93062

2025-10-07 09:25:52 [INFO] [task_scheduler.cc:180] TaskScheduler picks Task #0: "main"
2025-10-07 09:26:21 [INFO] [task_scheduler.cc:193] Sending 64 sample(s) to builder
2025-10-07 09:26:25 [INFO] [task_scheduler.cc:195] Sending 64 sample(s) to runner
2025-10-07 09:26:42 [DEBUG] XGB validation: p-rmse: 0.157639	a-peak@32: 0.994296
2025-10-07 09:26:42 [DEBUG] XGB iter   0: tr-p-rmse: 0.429544	tr-a-peak@32: 0.969027	tr-rmse: 0.410343	tr-rmse: 0.410344
2025-10-07 09:26:43 [DEBUG] XGB iter  25: tr-p-rmse: 0.020864	tr-a-peak@32: 1.000000	tr-rmse: 0.491118	tr-rmse: 0.491118
2025-10-07 09:26:43 [DEBUG] XGB iter  50: tr-p-rmse: 0.020864	tr-a-peak@32: 1.000000	tr-rmse: 0.491118	tr-rmse: 0.491118
2025-10-07 09:26:43 [DEBUG] XGB stopped. Best iteration: [17] tr-p-rmse:0.02086	tr-a-peak@32:1.00000	tr-rmse:0.49112	tr-rmse:0.49112 
2025-10-07 09:26:43 [INFO] [task_scheduler.cc:237] [Updated] Task #0: "main"
2025-10-07 09:26:43 [INFO] [task_scheduler.cc:320] 
 ID | Name |     FLOP | Weight | Speed (GFLOPS) | Latency (us) | Weighted Latency (us) | Trials | Done 
-------------------------------------------------------------------------------------------------------
  0 | main | 12845056 |      1 |      4383.0433 |       2.9306 |                2.9306 |    128 |      
-------------------------------------------------------------------------------------------------------
Total trials: 128
Total latency (us): 2.93062

2025-10-07 09:26:43 [INFO] [task_scheduler.cc:180] TaskScheduler picks Task #0: "main"
2025-10-07 09:27:17 [INFO] [task_scheduler.cc:193] Sending 64 sample(s) to builder
2025-10-07 09:27:22 [INFO] [task_scheduler.cc:195] Sending 64 sample(s) to runner
2025-10-07 09:27:43 [DEBUG] XGB validation: p-rmse: 0.131946	a-peak@32: 0.961254
2025-10-07 09:27:43 [DEBUG] XGB iter   0: tr-p-rmse: 0.389311	tr-a-peak@32: 0.972603	tr-rmse: 0.443233	tr-rmse: 0.443233
2025-10-07 09:27:43 [DEBUG] XGB iter  25: tr-p-rmse: 0.025047	tr-a-peak@32: 0.998740	tr-rmse: 0.524649	tr-rmse: 0.524649
2025-10-07 09:27:43 [DEBUG] XGB iter  50: tr-p-rmse: 0.025047	tr-a-peak@32: 0.998740	tr-rmse: 0.524649	tr-rmse: 0.524649
2025-10-07 09:27:43 [DEBUG] XGB stopped. Best iteration: [17] tr-p-rmse:0.02505	tr-a-peak@32:0.99874	tr-rmse:0.52465	tr-rmse:0.52465 
2025-10-07 09:27:43 [INFO] [task_scheduler.cc:237] [Updated] Task #0: "main"
2025-10-07 09:27:43 [INFO] [task_scheduler.cc:320] 
 ID | Name |     FLOP | Weight | Speed (GFLOPS) | Latency (us) | Weighted Latency (us) | Trials | Done 
-------------------------------------------------------------------------------------------------------
  0 | main | 12845056 |      1 |      4455.7212 |       2.8828 |                2.8828 |    192 |      
-------------------------------------------------------------------------------------------------------
Total trials: 192
Total latency (us): 2.88282

2025-10-07 09:27:43 [INFO] [task_scheduler.cc:180] TaskScheduler picks Task #0: "main"
2025-10-07 09:28:18 [INFO] [task_scheduler.cc:193] Sending 64 sample(s) to builder
2025-10-07 09:28:21 [INFO] [task_scheduler.cc:195] Sending 64 sample(s) to runner
2025-10-07 09:28:43 [DEBUG] XGB validation: p-rmse: 0.092883	a-peak@32: 0.963790
2025-10-07 09:28:43 [DEBUG] XGB iter   0: tr-p-rmse: 0.361629	tr-a-peak@32: 0.991643	tr-rmse: 0.465416	tr-rmse: 0.465417
2025-10-07 09:28:43 [DEBUG] XGB iter  25: tr-p-rmse: 0.030537	tr-a-peak@32: 0.999595	tr-rmse: 0.546071	tr-rmse: 0.546071
2025-10-07 09:28:43 [DEBUG] XGB iter  50: tr-p-rmse: 0.030537	tr-a-peak@32: 0.999595	tr-rmse: 0.546071	tr-rmse: 0.546071
2025-10-07 09:28:43 [DEBUG] XGB stopped. Best iteration: [19] tr-p-rmse:0.03054	tr-a-peak@32:0.99960	tr-rmse:0.54607	tr-rmse:0.54607 
2025-10-07 09:28:43 [INFO] [task_scheduler.cc:237] [Updated] Task #0: "main"
2025-10-07 09:28:43 [INFO] [task_scheduler.cc:320] 
 ID | Name |     FLOP | Weight | Speed (GFLOPS) | Latency (us) | Weighted Latency (us) | Trials | Done 
-------------------------------------------------------------------------------------------------------
  0 | main | 12845056 |      1 |      4474.9498 |       2.8704 |                2.8704 |    256 |      
-------------------------------------------------------------------------------------------------------
Total trials: 256
Total latency (us): 2.87044

2025-10-07 09:28:43 [INFO] [task_scheduler.cc:180] TaskScheduler picks Task #0: "main"
2025-10-07 09:29:17 [INFO] [task_scheduler.cc:193] Sending 64 sample(s) to builder
2025-10-07 09:29:23 [INFO] [task_scheduler.cc:195] Sending 64 sample(s) to runner
2025-10-07 09:29:43 [DEBUG] XGB validation: p-rmse: 0.098065	a-peak@32: 0.943108
2025-10-07 09:29:43 [DEBUG] XGB iter   0: tr-p-rmse: 0.346817	tr-a-peak@32: 0.954170	tr-rmse: 0.474899	tr-rmse: 0.474899
2025-10-07 09:29:43 [DEBUG] XGB iter  25: tr-p-rmse: 0.033305	tr-a-peak@32: 1.000000	tr-rmse: 0.555479	tr-rmse: 0.555479
2025-10-07 09:29:43 [DEBUG] XGB iter  50: tr-p-rmse: 0.033305	tr-a-peak@32: 1.000000	tr-rmse: 0.555481	tr-rmse: 0.555481
2025-10-07 09:29:43 [DEBUG] XGB iter  75: tr-p-rmse: 0.033305	tr-a-peak@32: 1.000000	tr-rmse: 0.555481	tr-rmse: 0.555481
2025-10-07 09:29:43 [DEBUG] XGB stopped. Best iteration: [25] tr-p-rmse:0.03331	tr-a-peak@32:1.00000	tr-rmse:0.55548	tr-rmse:0.55548 
2025-10-07 09:29:43 [INFO] [task_scheduler.cc:237] [Updated] Task #0: "main"
2025-10-07 09:29:43 [INFO] [task_scheduler.cc:320] 
 ID | Name |     FLOP | Weight | Speed (GFLOPS) | Latency (us) | Weighted Latency (us) | Trials | Done 
-------------------------------------------------------------------------------------------------------
  0 | main | 12845056 |      1 |      4493.1228 |       2.8588 |                2.8588 |    320 |      
-------------------------------------------------------------------------------------------------------
Total trials: 320
Total latency (us): 2.85883

2025-10-07 09:29:43 [INFO] [task_scheduler.cc:180] TaskScheduler picks Task #0: "main"
2025-10-07 09:30:17 [INFO] [task_scheduler.cc:193] Sending 64 sample(s) to builder
2025-10-07 09:30:23 [INFO] [task_scheduler.cc:195] Sending 64 sample(s) to runner
2025-10-07 09:30:44 [DEBUG] XGB validation: p-rmse: 0.078644	a-peak@32: 0.954154
2025-10-07 09:30:44 [DEBUG] XGB iter   0: tr-p-rmse: 0.335557	tr-a-peak@32: 0.954159	tr-rmse: 0.482889	tr-rmse: 0.482889
2025-10-07 09:30:44 [DEBUG] XGB iter  25: tr-p-rmse: 0.036773	tr-a-peak@32: 0.995749	tr-rmse: 0.563182	tr-rmse: 0.563182
2025-10-07 09:30:44 [DEBUG] XGB iter  50: tr-p-rmse: 0.036771	tr-a-peak@32: 0.995749	tr-rmse: 0.563193	tr-rmse: 0.563193
2025-10-07 09:30:44 [DEBUG] XGB iter  75: tr-p-rmse: 0.036771	tr-a-peak@32: 0.995749	tr-rmse: 0.563193	tr-rmse: 0.563193
2025-10-07 09:30:44 [DEBUG] XGB stopped. Best iteration: [27] tr-p-rmse:0.03677	tr-a-peak@32:0.99575	tr-rmse:0.56319	tr-rmse:0.56319 
2025-10-07 09:30:44 [INFO] [task_scheduler.cc:237] [Updated] Task #0: "main"
2025-10-07 09:30:44 [INFO] [task_scheduler.cc:320] 
 ID | Name |     FLOP | Weight | Speed (GFLOPS) | Latency (us) | Weighted Latency (us) | Trials | Done 
-------------------------------------------------------------------------------------------------------
  0 | main | 12845056 |      1 |      4493.1228 |       2.8588 |                2.8588 |    384 |      
-------------------------------------------------------------------------------------------------------
Total trials: 384
Total latency (us): 2.85883

2025-10-07 09:30:44 [INFO] [task_scheduler.cc:180] TaskScheduler picks Task #0: "main"
2025-10-07 09:31:18 [INFO] [task_scheduler.cc:193] Sending 64 sample(s) to builder
2025-10-07 09:31:23 [INFO] [task_scheduler.cc:195] Sending 64 sample(s) to runner
2025-10-07 09:31:44 [DEBUG] XGB validation: p-rmse: 0.071834	a-peak@32: 0.980442
2025-10-07 09:31:44 [DEBUG] XGB iter   0: tr-p-rmse: 0.325077	tr-a-peak@32: 0.945160	tr-rmse: 0.490201	tr-rmse: 0.490201
2025-10-07 09:31:44 [DEBUG] XGB iter  25: tr-p-rmse: 0.038429	tr-a-peak@32: 0.988488	tr-rmse: 0.570160	tr-rmse: 0.570160
2025-10-07 09:31:44 [DEBUG] XGB iter  50: tr-p-rmse: 0.036726	tr-a-peak@32: 0.988748	tr-rmse: 0.570139	tr-rmse: 0.570139
2025-10-07 09:31:44 [DEBUG] XGB iter  75: tr-p-rmse: 0.036726	tr-a-peak@32: 0.988748	tr-rmse: 0.570139	tr-rmse: 0.570139
2025-10-07 09:31:44 [DEBUG] XGB stopped. Best iteration: [37] tr-p-rmse:0.03673	tr-a-peak@32:0.98875	tr-rmse:0.57013	tr-rmse:0.57013 
2025-10-07 09:31:44 [INFO] [task_scheduler.cc:237] [Updated] Task #0: "main"
2025-10-07 09:31:44 [INFO] [task_scheduler.cc:320] 
 ID | Name |     FLOP | Weight | Speed (GFLOPS) | Latency (us) | Weighted Latency (us) | Trials | Done 
-------------------------------------------------------------------------------------------------------
  0 | main | 12845056 |      1 |      4493.1228 |       2.8588 |                2.8588 |    448 |      
-------------------------------------------------------------------------------------------------------
Total trials: 448
Total latency (us): 2.85883

2025-10-07 09:31:44 [INFO] [task_scheduler.cc:180] TaskScheduler picks Task #0: "main"
2025-10-07 09:32:17 [INFO] [task_scheduler.cc:193] Sending 64 sample(s) to builder
2025-10-07 09:32:23 [INFO] [task_scheduler.cc:195] Sending 64 sample(s) to runner
2025-10-07 09:32:44 [DEBUG] XGB validation: p-rmse: 0.083874	a-peak@32: 0.952190
2025-10-07 09:32:44 [DEBUG] XGB iter   0: tr-p-rmse: 0.318965	tr-a-peak@32: 0.964779	tr-rmse: 0.492537	tr-rmse: 0.492537
2025-10-07 09:32:44 [DEBUG] XGB iter  25: tr-p-rmse: 0.039412	tr-a-peak@32: 0.986154	tr-rmse: 0.572602	tr-rmse: 0.572602
2025-10-07 09:32:44 [DEBUG] XGB iter  50: tr-p-rmse: 0.039320	tr-a-peak@32: 0.986154	tr-rmse: 0.572625	tr-rmse: 0.572625
2025-10-07 09:32:44 [DEBUG] XGB iter  75: tr-p-rmse: 0.039320	tr-a-peak@32: 0.986154	tr-rmse: 0.572625	tr-rmse: 0.572625
2025-10-07 09:32:44 [DEBUG] XGB stopped. Best iteration: [29] tr-p-rmse:0.03932	tr-a-peak@32:0.98615	tr-rmse:0.57262	tr-rmse:0.57262 
2025-10-07 09:32:44 [INFO] [task_scheduler.cc:237] [Updated] Task #0: "main"
2025-10-07 09:32:44 [INFO] [task_scheduler.cc:320] 
 ID | Name |     FLOP | Weight | Speed (GFLOPS) | Latency (us) | Weighted Latency (us) | Trials | Done 
-------------------------------------------------------------------------------------------------------
  0 | main | 12845056 |      1 |      4493.1228 |       2.8588 |                2.8588 |    512 |      
-------------------------------------------------------------------------------------------------------
Total trials: 512
Total latency (us): 2.85883

2025-10-07 09:32:44 [INFO] [task_scheduler.cc:180] TaskScheduler picks Task #0: "main"
2025-10-07 09:33:17 [INFO] [task_scheduler.cc:193] Sending 64 sample(s) to builder
2025-10-07 09:33:23 [INFO] [task_scheduler.cc:195] Sending 64 sample(s) to runner
2025-10-07 09:33:44 [DEBUG] XGB validation: p-rmse: 0.098021	a-peak@32: 0.971494
2025-10-07 09:33:44 [DEBUG] XGB iter   0: tr-p-rmse: 0.316569	tr-a-peak@32: 0.958554	tr-rmse: 0.492043	tr-rmse: 0.492044
2025-10-07 09:33:44 [DEBUG] XGB iter  25: tr-p-rmse: 0.043511	tr-a-peak@32: 0.997553	tr-rmse: 0.572588	tr-rmse: 0.572588
2025-10-07 09:33:45 [DEBUG] XGB iter  50: tr-p-rmse: 0.043511	tr-a-peak@32: 0.997553	tr-rmse: 0.572591	tr-rmse: 0.572591
2025-10-07 09:33:45 [DEBUG] XGB iter  75: tr-p-rmse: 0.043511	tr-a-peak@32: 0.997553	tr-rmse: 0.572591	tr-rmse: 0.572591
2025-10-07 09:33:45 [DEBUG] XGB stopped. Best iteration: [25] tr-p-rmse:0.04351	tr-a-peak@32:0.99755	tr-rmse:0.57259	tr-rmse:0.57259 
2025-10-07 09:33:45 [INFO] [task_scheduler.cc:237] [Updated] Task #0: "main"
2025-10-07 09:33:45 [INFO] [task_scheduler.cc:320] 
 ID | Name |     FLOP | Weight | Speed (GFLOPS) | Latency (us) | Weighted Latency (us) | Trials | Done 
-------------------------------------------------------------------------------------------------------
  0 | main | 12845056 |      1 |      4506.9340 |       2.8501 |                2.8501 |    576 |      
-------------------------------------------------------------------------------------------------------
Total trials: 576
Total latency (us): 2.85007

2025-10-07 09:33:45 [INFO] [task_scheduler.cc:180] TaskScheduler picks Task #0: "main"
2025-10-07 09:34:19 [INFO] [task_scheduler.cc:193] Sending 64 sample(s) to builder
2025-10-07 09:34:24 [INFO] [task_scheduler.cc:195] Sending 64 sample(s) to runner
2025-10-07 09:34:46 [DEBUG] XGB validation: p-rmse: 0.081896	a-peak@32: 0.975873
2025-10-07 09:34:46 [DEBUG] XGB iter   0: tr-p-rmse: 0.311149	tr-a-peak@32: 0.954043	tr-rmse: 0.494539	tr-rmse: 0.494539
2025-10-07 09:34:46 [DEBUG] XGB iter  25: tr-p-rmse: 0.044998	tr-a-peak@32: 0.999303	tr-rmse: 0.575056	tr-rmse: 0.575056
2025-10-07 09:34:46 [DEBUG] XGB iter  50: tr-p-rmse: 0.044122	tr-a-peak@32: 0.999303	tr-rmse: 0.575053	tr-rmse: 0.575053
2025-10-07 09:34:46 [DEBUG] XGB iter  75: tr-p-rmse: 0.044122	tr-a-peak@32: 0.999303	tr-rmse: 0.575053	tr-rmse: 0.575053
2025-10-07 09:34:46 [DEBUG] XGB stopped. Best iteration: [36] tr-p-rmse:0.04412	tr-a-peak@32:0.99930	tr-rmse:0.57505	tr-rmse:0.57505 
2025-10-07 09:34:46 [INFO] [task_scheduler.cc:237] [Updated] Task #0: "main"
2025-10-07 09:34:46 [INFO] [task_scheduler.cc:320] 
 ID | Name |     FLOP | Weight | Speed (GFLOPS) | Latency (us) | Weighted Latency (us) | Trials | Done 
-------------------------------------------------------------------------------------------------------
  0 | main | 12845056 |      1 |      4506.9340 |       2.8501 |                2.8501 |    640 |      
-------------------------------------------------------------------------------------------------------
Total trials: 640
Total latency (us): 2.85007

2025-10-07 09:34:46 [INFO] [task_scheduler.cc:180] TaskScheduler picks Task #0: "main"
2025-10-07 09:35:19 [INFO] [task_scheduler.cc:193] Sending 64 sample(s) to builder
2025-10-07 09:35:25 [INFO] [task_scheduler.cc:195] Sending 64 sample(s) to runner
2025-10-07 09:35:47 [DEBUG] XGB validation: p-rmse: 0.100499	a-peak@32: 0.994669
2025-10-07 09:35:47 [DEBUG] XGB iter   0: tr-p-rmse: 0.308767	tr-a-peak@32: 0.971110	tr-rmse: 0.494432	tr-rmse: 0.494432
2025-10-07 09:35:47 [DEBUG] XGB iter  25: tr-p-rmse: 0.048382	tr-a-peak@32: 0.995497	tr-rmse: 0.575262	tr-rmse: 0.575262
2025-10-07 09:35:47 [DEBUG] XGB iter  50: tr-p-rmse: 0.048258	tr-a-peak@32: 0.995617	tr-rmse: 0.575274	tr-rmse: 0.575274
2025-10-07 09:35:47 [DEBUG] XGB iter  75: tr-p-rmse: 0.048258	tr-a-peak@32: 0.995617	tr-rmse: 0.575274	tr-rmse: 0.575274
2025-10-07 09:35:47 [DEBUG] XGB stopped. Best iteration: [30] tr-p-rmse:0.04826	tr-a-peak@32:0.99562	tr-rmse:0.57527	tr-rmse:0.57527 
2025-10-07 09:35:47 [INFO] [task_scheduler.cc:237] [Updated] Task #0: "main"
2025-10-07 09:35:47 [INFO] [task_scheduler.cc:320] 
 ID | Name |     FLOP | Weight | Speed (GFLOPS) | Latency (us) | Weighted Latency (us) | Trials | Done 
-------------------------------------------------------------------------------------------------------
  0 | main | 12845056 |      1 |      4506.9340 |       2.8501 |                2.8501 |    704 |      
-------------------------------------------------------------------------------------------------------
Total trials: 704
Total latency (us): 2.85007

2025-10-07 09:35:47 [INFO] [task_scheduler.cc:180] TaskScheduler picks Task #0: "main"
2025-10-07 09:36:21 [INFO] [task_scheduler.cc:193] Sending 64 sample(s) to builder
2025-10-07 09:36:26 [INFO] [task_scheduler.cc:195] Sending 64 sample(s) to runner
2025-10-07 09:36:48 [DEBUG] XGB validation: p-rmse: 0.085224	a-peak@32: 0.984465
2025-10-07 09:36:48 [DEBUG] XGB iter   0: tr-p-rmse: 0.306380	tr-a-peak@32: 0.982211	tr-rmse: 0.495679	tr-rmse: 0.495679
2025-10-07 09:36:48 [DEBUG] XGB iter  25: tr-p-rmse: 0.051403	tr-a-peak@32: 0.992710	tr-rmse: 0.576681	tr-rmse: 0.576681
2025-10-07 09:36:48 [DEBUG] XGB iter  50: tr-p-rmse: 0.049938	tr-a-peak@32: 0.993955	tr-rmse: 0.576654	tr-rmse: 0.576654
2025-10-07 09:36:48 [DEBUG] XGB iter  75: tr-p-rmse: 0.049938	tr-a-peak@32: 0.993955	tr-rmse: 0.576654	tr-rmse: 0.576654
2025-10-07 09:36:48 [DEBUG] XGB stopped. Best iteration: [36] tr-p-rmse:0.04994	tr-a-peak@32:0.99396	tr-rmse:0.57665	tr-rmse:0.57665 
2025-10-07 09:36:48 [INFO] [task_scheduler.cc:237] [Updated] Task #0: "main"
2025-10-07 09:36:48 [INFO] [task_scheduler.cc:320] 
 ID | Name |     FLOP | Weight | Speed (GFLOPS) | Latency (us) | Weighted Latency (us) | Trials | Done 
-------------------------------------------------------------------------------------------------------
  0 | main | 12845056 |      1 |      4506.9340 |       2.8501 |                2.8501 |    768 |      
-------------------------------------------------------------------------------------------------------
Total trials: 768
Total latency (us): 2.85007

2025-10-07 09:36:48 [INFO] [task_scheduler.cc:180] TaskScheduler picks Task #0: "main"
2025-10-07 09:37:21 [INFO] [task_scheduler.cc:193] Sending 64 sample(s) to builder
2025-10-07 09:37:26 [INFO] [task_scheduler.cc:195] Sending 64 sample(s) to runner
2025-10-07 09:37:48 [DEBUG] XGB validation: p-rmse: 0.080952	a-peak@32: 0.964786
2025-10-07 09:37:48 [DEBUG] XGB iter   0: tr-p-rmse: 0.304222	tr-a-peak@32: 0.991713	tr-rmse: 0.496763	tr-rmse: 0.496763
2025-10-07 09:37:48 [DEBUG] XGB iter  25: tr-p-rmse: 0.051057	tr-a-peak@32: 0.995402	tr-rmse: 0.577667	tr-rmse: 0.577667
2025-10-07 09:37:48 [DEBUG] XGB iter  50: tr-p-rmse: 0.051023	tr-a-peak@32: 0.995402	tr-rmse: 0.577709	tr-rmse: 0.577709
2025-10-07 09:37:48 [DEBUG] XGB iter  75: tr-p-rmse: 0.051023	tr-a-peak@32: 0.995402	tr-rmse: 0.577709	tr-rmse: 0.577709
2025-10-07 09:37:48 [DEBUG] XGB stopped. Best iteration: [28] tr-p-rmse:0.05102	tr-a-peak@32:0.99540	tr-rmse:0.57771	tr-rmse:0.57771 
2025-10-07 09:37:48 [INFO] [task_scheduler.cc:237] [Updated] Task #0: "main"
2025-10-07 09:37:48 [INFO] [task_scheduler.cc:320] 
 ID | Name |     FLOP | Weight | Speed (GFLOPS) | Latency (us) | Weighted Latency (us) | Trials | Done 
-------------------------------------------------------------------------------------------------------
  0 | main | 12845056 |      1 |      4506.9340 |       2.8501 |                2.8501 |    832 |      
-------------------------------------------------------------------------------------------------------
Total trials: 832
Total latency (us): 2.85007

2025-10-07 09:37:48 [INFO] [task_scheduler.cc:180] TaskScheduler picks Task #0: "main"
2025-10-07 09:38:21 [INFO] [task_scheduler.cc:193] Sending 64 sample(s) to builder
2025-10-07 09:38:27 [INFO] [task_scheduler.cc:195] Sending 64 sample(s) to runner
2025-10-07 09:38:48 [DEBUG] XGB validation: p-rmse: 0.083140	a-peak@32: 0.949658
2025-10-07 09:38:48 [DEBUG] XGB iter   0: tr-p-rmse: 0.303963	tr-a-peak@32: 0.960751	tr-rmse: 0.490468	tr-rmse: 0.490468
2025-10-07 09:38:49 [DEBUG] XGB iter  25: tr-p-rmse: 0.051708	tr-a-peak@32: 1.000000	tr-rmse: 0.572564	tr-rmse: 0.572564
2025-10-07 09:38:49 [DEBUG] XGB iter  50: tr-p-rmse: 0.050321	tr-a-peak@32: 1.000000	tr-rmse: 0.572543	tr-rmse: 0.572543
2025-10-07 09:38:49 [DEBUG] XGB iter  75: tr-p-rmse: 0.050321	tr-a-peak@32: 1.000000	tr-rmse: 0.572543	tr-rmse: 0.572543
2025-10-07 09:38:49 [DEBUG] XGB stopped. Best iteration: [32] tr-p-rmse:0.05032	tr-a-peak@32:1.00000	tr-rmse:0.57254	tr-rmse:0.57254 
2025-10-07 09:38:49 [INFO] [task_scheduler.cc:237] [Updated] Task #0: "main"
2025-10-07 09:38:49 [INFO] [task_scheduler.cc:320] 
 ID | Name |     FLOP | Weight | Speed (GFLOPS) | Latency (us) | Weighted Latency (us) | Trials | Done 
-------------------------------------------------------------------------------------------------------
  0 | main | 12845056 |      1 |      4557.8659 |       2.8182 |                2.8182 |    896 |      
-------------------------------------------------------------------------------------------------------
Total trials: 896
Total latency (us): 2.81822

2025-10-07 09:38:49 [INFO] [task_scheduler.cc:180] TaskScheduler picks Task #0: "main"
2025-10-07 09:39:22 [INFO] [task_scheduler.cc:193] Sending 64 sample(s) to builder
2025-10-07 09:39:28 [INFO] [task_scheduler.cc:195] Sending 64 sample(s) to runner
2025-10-07 09:39:49 [DEBUG] XGB validation: p-rmse: 0.103233	a-peak@32: 0.969030
2025-10-07 09:39:49 [DEBUG] XGB iter   0: tr-p-rmse: 0.302902	tr-a-peak@32: 0.943887	tr-rmse: 0.490577	tr-rmse: 0.490577
2025-10-07 09:39:49 [DEBUG] XGB iter  25: tr-p-rmse: 0.054747	tr-a-peak@32: 1.000000	tr-rmse: 0.572849	tr-rmse: 0.572849
2025-10-07 09:39:49 [DEBUG] XGB iter  50: tr-p-rmse: 0.054747	tr-a-peak@32: 1.000000	tr-rmse: 0.572850	tr-rmse: 0.572850
2025-10-07 09:39:49 [DEBUG] XGB stopped. Best iteration: [24] tr-p-rmse:0.05475	tr-a-peak@32:1.00000	tr-rmse:0.57285	tr-rmse:0.57285 
2025-10-07 09:39:49 [INFO] [task_scheduler.cc:237] [Updated] Task #0: "main"
2025-10-07 09:39:49 [INFO] [task_scheduler.cc:320] 
 ID | Name |     FLOP | Weight | Speed (GFLOPS) | Latency (us) | Weighted Latency (us) | Trials | Done 
-------------------------------------------------------------------------------------------------------
  0 | main | 12845056 |      1 |      4557.8659 |       2.8182 |                2.8182 |    960 |      
-------------------------------------------------------------------------------------------------------
Total trials: 960
Total latency (us): 2.81822

2025-10-07 09:39:49 [INFO] [task_scheduler.cc:180] TaskScheduler picks Task #0: "main"
2025-10-07 09:40:23 [INFO] [task_scheduler.cc:193] Sending 40 sample(s) to builder
2025-10-07 09:40:28 [INFO] [task_scheduler.cc:195] Sending 40 sample(s) to runner
2025-10-07 09:40:41 [DEBUG] XGB validation: p-rmse: 0.072489	a-peak@32: 0.986926
2025-10-07 09:40:41 [DEBUG] XGB iter   0: tr-p-rmse: 0.301587	tr-a-peak@32: 0.948948	tr-rmse: 0.490793	tr-rmse: 0.490793
2025-10-07 09:40:41 [DEBUG] XGB iter  25: tr-p-rmse: 0.052887	tr-a-peak@32: 1.000000	tr-rmse: 0.573036	tr-rmse: 0.573036
2025-10-07 09:40:41 [DEBUG] XGB iter  50: tr-p-rmse: 0.052028	tr-a-peak@32: 1.000000	tr-rmse: 0.573022	tr-rmse: 0.573022
2025-10-07 09:40:42 [DEBUG] XGB iter  75: tr-p-rmse: 0.052028	tr-a-peak@32: 1.000000	tr-rmse: 0.573022	tr-rmse: 0.573022
2025-10-07 09:40:42 [DEBUG] XGB stopped. Best iteration: [36] tr-p-rmse:0.05203	tr-a-peak@32:1.00000	tr-rmse:0.57302	tr-rmse:0.57302 
2025-10-07 09:40:42 [INFO] [task_scheduler.cc:237] [Updated] Task #0: "main"
2025-10-07 09:40:42 [INFO] [task_scheduler.cc:320] 
 ID | Name |     FLOP | Weight | Speed (GFLOPS) | Latency (us) | Weighted Latency (us) | Trials | Done 
-------------------------------------------------------------------------------------------------------
  0 | main | 12845056 |      1 |      4557.8659 |       2.8182 |                2.8182 |   1000 |      
-------------------------------------------------------------------------------------------------------
Total trials: 1000
Total latency (us): 2.81822

2025-10-07 09:40:42 [INFO] [task_scheduler.cc:260] Task #0 has finished. Remaining task(s): 0
2025-10-07 09:40:42 [INFO] [task_scheduler.cc:320] 
 ID | Name |     FLOP | Weight | Speed (GFLOPS) | Latency (us) | Weighted Latency (us) | Trials | Done 
-------------------------------------------------------------------------------------------------------
  0 | main | 12845056 |      1 |      4557.8659 |       2.8182 |                2.8182 |   1000 |    Y 
-------------------------------------------------------------------------------------------------------
Total trials: 1000
Total latency (us): 2.81822

2025-10-07 09:40:42 [INFO] LocalRunner: max_workers = 1
