2025-10-11 02:04:44 [INFO] Logging directory: ./layer_11/logs
2025-10-11 02:04:44 [INFO] LocalBuilder: max_workers = 32
2025-10-11 02:04:46 [INFO] [task_scheduler.cc:159] Initializing Task #0: "main"
2025-10-11 02:04:46 [INFO] [task_scheduler.cc:320] 
 ID | Name |      FLOP | Weight | Speed (GFLOPS) | Latency (us) | Weighted Latency (us) | Trials | Done 
--------------------------------------------------------------------------------------------------------
  0 | main | 231211008 |      1 |            N/A |          N/A |                   N/A |      0 |      
--------------------------------------------------------------------------------------------------------
Total trials: 0
Total latency (us): 0

2025-10-11 02:04:46 [INFO] [task_scheduler.cc:180] TaskScheduler picks Task #0: "main"
2025-10-11 02:05:46 [INFO] [task_scheduler.cc:193] Sending 64 sample(s) to builder
2025-10-11 02:06:03 [INFO] [task_scheduler.cc:195] Sending 64 sample(s) to runner
2025-10-11 02:06:24 [DEBUG] XGB iter   0: tr-p-rmse: 0.655382	tr-a-peak@32: 0.966206	tr-rmse: 0.259377	tr-rmse: 0.259377
2025-10-11 02:06:24 [DEBUG] XGB iter  25: tr-p-rmse: 0.066789	tr-a-peak@32: 1.000000	tr-rmse: 0.294397	tr-rmse: 0.294397
2025-10-11 02:06:24 [DEBUG] XGB iter  50: tr-p-rmse: 0.066789	tr-a-peak@32: 1.000000	tr-rmse: 0.294397	tr-rmse: 0.294397
2025-10-11 02:06:24 [DEBUG] XGB stopped. Best iteration: [19] tr-p-rmse:0.06679	tr-a-peak@32:1.00000	tr-rmse:0.29440	tr-rmse:0.29440 
2025-10-11 02:06:24 [INFO] [task_scheduler.cc:237] [Updated] Task #0: "main"
2025-10-11 02:06:24 [INFO] [task_scheduler.cc:320] 
 ID | Name |      FLOP | Weight | Speed (GFLOPS) | Latency (us) | Weighted Latency (us) | Trials | Done 
--------------------------------------------------------------------------------------------------------
  0 | main | 231211008 |      1 |      6927.6642 |      33.3750 |               33.3750 |     64 |      
--------------------------------------------------------------------------------------------------------
Total trials: 64
Total latency (us): 33.375

2025-10-11 02:06:24 [INFO] [task_scheduler.cc:180] TaskScheduler picks Task #0: "main"
2025-10-11 02:07:24 [INFO] [task_scheduler.cc:193] Sending 64 sample(s) to builder
2025-10-11 02:07:38 [INFO] [task_scheduler.cc:195] Sending 64 sample(s) to runner
2025-10-11 02:07:57 [DEBUG] XGB validation: p-rmse: 0.180753	a-peak@32: 0.815287
2025-10-11 02:07:57 [DEBUG] XGB iter   0: tr-p-rmse: 0.635749	tr-a-peak@32: 0.720249	tr-rmse: 0.228907	tr-rmse: 0.228907
2025-10-11 02:07:57 [DEBUG] XGB iter  25: tr-p-rmse: 0.048458	tr-a-peak@32: 1.000000	tr-rmse: 0.250500	tr-rmse: 0.250500
2025-10-11 02:07:57 [DEBUG] XGB iter  50: tr-p-rmse: 0.048458	tr-a-peak@32: 1.000000	tr-rmse: 0.250500	tr-rmse: 0.250500
2025-10-11 02:07:57 [DEBUG] XGB stopped. Best iteration: [21] tr-p-rmse:0.04846	tr-a-peak@32:1.00000	tr-rmse:0.25050	tr-rmse:0.25050 
2025-10-11 02:07:57 [INFO] [task_scheduler.cc:237] [Updated] Task #0: "main"
2025-10-11 02:07:57 [INFO] [task_scheduler.cc:320] 
 ID | Name |      FLOP | Weight | Speed (GFLOPS) | Latency (us) | Weighted Latency (us) | Trials | Done 
--------------------------------------------------------------------------------------------------------
  0 | main | 231211008 |      1 |      6927.6642 |      33.3750 |               33.3750 |    128 |      
--------------------------------------------------------------------------------------------------------
Total trials: 128
Total latency (us): 33.375

2025-10-11 02:07:57 [INFO] [task_scheduler.cc:180] TaskScheduler picks Task #0: "main"
2025-10-11 02:09:21 [INFO] [task_scheduler.cc:193] Sending 64 sample(s) to builder
2025-10-11 02:09:29 [INFO] [task_scheduler.cc:195] Sending 64 sample(s) to runner
2025-10-11 02:09:53 [DEBUG] XGB validation: p-rmse: 0.348450	a-peak@32: 0.906817
2025-10-11 02:09:53 [DEBUG] XGB iter   0: tr-p-rmse: 0.575168	tr-a-peak@32: 0.997199	tr-rmse: 0.353579	tr-rmse: 0.353579
2025-10-11 02:09:53 [DEBUG] XGB iter  25: tr-p-rmse: 0.042293	tr-a-peak@32: 1.000000	tr-rmse: 0.429543	tr-rmse: 0.429543
2025-10-11 02:09:53 [DEBUG] XGB iter  50: tr-p-rmse: 0.042292	tr-a-peak@32: 1.000000	tr-rmse: 0.429544	tr-rmse: 0.429544
2025-10-11 02:09:53 [DEBUG] XGB iter  75: tr-p-rmse: 0.042292	tr-a-peak@32: 1.000000	tr-rmse: 0.429544	tr-rmse: 0.429544
2025-10-11 02:09:53 [DEBUG] XGB stopped. Best iteration: [27] tr-p-rmse:0.04229	tr-a-peak@32:1.00000	tr-rmse:0.42954	tr-rmse:0.42954 
2025-10-11 02:09:53 [INFO] [task_scheduler.cc:237] [Updated] Task #0: "main"
2025-10-11 02:09:53 [INFO] [task_scheduler.cc:320] 
 ID | Name |      FLOP | Weight | Speed (GFLOPS) | Latency (us) | Weighted Latency (us) | Trials | Done 
--------------------------------------------------------------------------------------------------------
  0 | main | 231211008 |      1 |      7607.0930 |      30.3941 |               30.3941 |    192 |      
--------------------------------------------------------------------------------------------------------
Total trials: 192
Total latency (us): 30.3941

2025-10-11 02:09:53 [INFO] [task_scheduler.cc:180] TaskScheduler picks Task #0: "main"
2025-10-11 02:11:24 [INFO] [task_scheduler.cc:193] Sending 64 sample(s) to builder
2025-10-11 02:11:30 [INFO] [task_scheduler.cc:195] Sending 64 sample(s) to runner
2025-10-11 02:11:52 [DEBUG] XGB validation: p-rmse: 0.112464	a-peak@32: 0.909663
2025-10-11 02:11:52 [DEBUG] XGB iter   0: tr-p-rmse: 0.535585	tr-a-peak@32: 0.999999	tr-rmse: 0.371797	tr-rmse: 0.371797
2025-10-11 02:11:52 [DEBUG] XGB iter  25: tr-p-rmse: 0.050397	tr-a-peak@32: 0.999999	tr-rmse: 0.457653	tr-rmse: 0.457653
2025-10-11 02:11:52 [DEBUG] XGB iter  50: tr-p-rmse: 0.050397	tr-a-peak@32: 0.999999	tr-rmse: 0.457653	tr-rmse: 0.457653
2025-10-11 02:11:52 [DEBUG] XGB stopped. Best iteration: [23] tr-p-rmse:0.05040	tr-a-peak@32:1.00000	tr-rmse:0.45765	tr-rmse:0.45765 
2025-10-11 02:11:52 [INFO] [task_scheduler.cc:237] [Updated] Task #0: "main"
2025-10-11 02:11:52 [INFO] [task_scheduler.cc:320] 
 ID | Name |      FLOP | Weight | Speed (GFLOPS) | Latency (us) | Weighted Latency (us) | Trials | Done 
--------------------------------------------------------------------------------------------------------
  0 | main | 231211008 |      1 |      8866.5941 |      26.0766 |               26.0766 |    256 |      
--------------------------------------------------------------------------------------------------------
Total trials: 256
Total latency (us): 26.0766

2025-10-11 02:11:52 [INFO] [task_scheduler.cc:180] TaskScheduler picks Task #0: "main"
2025-10-11 02:13:24 [INFO] [task_scheduler.cc:193] Sending 64 sample(s) to builder
2025-10-11 02:13:35 [INFO] [task_scheduler.cc:195] Sending 64 sample(s) to runner
2025-10-11 02:13:55 [DEBUG] XGB validation: p-rmse: 0.120738	a-peak@32: 0.940605
2025-10-11 02:13:55 [DEBUG] XGB iter   0: tr-p-rmse: 0.515456	tr-a-peak@32: 0.984968	tr-rmse: 0.372356	tr-rmse: 0.372356
2025-10-11 02:13:55 [DEBUG] XGB iter  25: tr-p-rmse: 0.045153	tr-a-peak@32: 0.998582	tr-rmse: 0.461069	tr-rmse: 0.461069
2025-10-11 02:13:55 [DEBUG] XGB iter  50: tr-p-rmse: 0.045153	tr-a-peak@32: 0.998582	tr-rmse: 0.461070	tr-rmse: 0.461070
2025-10-11 02:13:55 [DEBUG] XGB iter  75: tr-p-rmse: 0.045153	tr-a-peak@32: 0.998582	tr-rmse: 0.461070	tr-rmse: 0.461070
2025-10-11 02:13:55 [DEBUG] XGB stopped. Best iteration: [25] tr-p-rmse:0.04515	tr-a-peak@32:0.99858	tr-rmse:0.46107	tr-rmse:0.46107 
2025-10-11 02:13:55 [INFO] [task_scheduler.cc:237] [Updated] Task #0: "main"
2025-10-11 02:13:55 [INFO] [task_scheduler.cc:320] 
 ID | Name |      FLOP | Weight | Speed (GFLOPS) | Latency (us) | Weighted Latency (us) | Trials | Done 
--------------------------------------------------------------------------------------------------------
  0 | main | 231211008 |      1 |      9600.7102 |      24.0827 |               24.0827 |    320 |      
--------------------------------------------------------------------------------------------------------
Total trials: 320
Total latency (us): 24.0827

2025-10-11 02:13:55 [INFO] [task_scheduler.cc:180] TaskScheduler picks Task #0: "main"
2025-10-11 02:15:24 [INFO] [task_scheduler.cc:193] Sending 64 sample(s) to builder
2025-10-11 02:15:30 [INFO] [task_scheduler.cc:195] Sending 64 sample(s) to runner
2025-10-11 02:15:52 [DEBUG] XGB validation: p-rmse: 0.091799	a-peak@32: 0.982505
2025-10-11 02:15:52 [DEBUG] XGB iter   0: tr-p-rmse: 0.500752	tr-a-peak@32: 0.985126	tr-rmse: 0.421747	tr-rmse: 0.421747
2025-10-11 02:15:52 [DEBUG] XGB iter  25: tr-p-rmse: 0.042985	tr-a-peak@32: 1.000000	tr-rmse: 0.504845	tr-rmse: 0.504845
2025-10-11 02:15:52 [DEBUG] XGB iter  50: tr-p-rmse: 0.042623	tr-a-peak@32: 1.000000	tr-rmse: 0.504891	tr-rmse: 0.504891
2025-10-11 02:15:52 [DEBUG] XGB iter  75: tr-p-rmse: 0.042623	tr-a-peak@32: 1.000000	tr-rmse: 0.504891	tr-rmse: 0.504891
2025-10-11 02:15:52 [DEBUG] XGB stopped. Best iteration: [30] tr-p-rmse:0.04262	tr-a-peak@32:1.00000	tr-rmse:0.50489	tr-rmse:0.50489 
2025-10-11 02:15:52 [INFO] [task_scheduler.cc:237] [Updated] Task #0: "main"
2025-10-11 02:15:52 [INFO] [task_scheduler.cc:320] 
 ID | Name |      FLOP | Weight | Speed (GFLOPS) | Latency (us) | Weighted Latency (us) | Trials | Done 
--------------------------------------------------------------------------------------------------------
  0 | main | 231211008 |      1 |      9631.4304 |      24.0059 |               24.0059 |    384 |      
--------------------------------------------------------------------------------------------------------
Total trials: 384
Total latency (us): 24.0059

2025-10-11 02:15:52 [INFO] [task_scheduler.cc:180] TaskScheduler picks Task #0: "main"
2025-10-11 02:17:19 [INFO] [task_scheduler.cc:193] Sending 64 sample(s) to builder
2025-10-11 02:17:27 [INFO] [task_scheduler.cc:195] Sending 64 sample(s) to runner
2025-10-11 02:17:47 [DEBUG] XGB validation: p-rmse: 0.060088	a-peak@32: 0.990764
2025-10-11 02:17:47 [DEBUG] XGB iter   0: tr-p-rmse: 0.476482	tr-a-peak@32: 0.996090	tr-rmse: 0.447198	tr-rmse: 0.447198
2025-10-11 02:17:48 [DEBUG] XGB iter  25: tr-p-rmse: 0.044677	tr-a-peak@32: 1.000000	tr-rmse: 0.528268	tr-rmse: 0.528268
2025-10-11 02:17:48 [DEBUG] XGB iter  50: tr-p-rmse: 0.044677	tr-a-peak@32: 1.000000	tr-rmse: 0.528268	tr-rmse: 0.528268
2025-10-11 02:17:48 [DEBUG] XGB stopped. Best iteration: [24] tr-p-rmse:0.04468	tr-a-peak@32:1.00000	tr-rmse:0.52827	tr-rmse:0.52827 
2025-10-11 02:17:48 [INFO] [task_scheduler.cc:237] [Updated] Task #0: "main"
2025-10-11 02:17:48 [INFO] [task_scheduler.cc:320] 
 ID | Name |      FLOP | Weight | Speed (GFLOPS) | Latency (us) | Weighted Latency (us) | Trials | Done 
--------------------------------------------------------------------------------------------------------
  0 | main | 231211008 |      1 |      9738.7704 |      23.7413 |               23.7413 |    448 |      
--------------------------------------------------------------------------------------------------------
Total trials: 448
Total latency (us): 23.7413

2025-10-11 02:17:48 [INFO] [task_scheduler.cc:180] TaskScheduler picks Task #0: "main"
2025-10-11 02:19:14 [INFO] [task_scheduler.cc:193] Sending 64 sample(s) to builder
2025-10-11 02:19:20 [INFO] [task_scheduler.cc:195] Sending 64 sample(s) to runner
2025-10-11 02:19:40 [DEBUG] XGB validation: p-rmse: 0.052654	a-peak@32: 0.998303
2025-10-11 02:19:42 [DEBUG] XGB iter   0: tr-p-rmse: 0.462879	tr-a-peak@32: 0.989668	tr-rmse: 0.466140	tr-rmse: 0.466140
2025-10-11 02:19:42 [DEBUG] XGB iter  25: tr-p-rmse: 0.041260	tr-a-peak@32: 0.992693	tr-rmse: 0.545641	tr-rmse: 0.545641
2025-10-11 02:19:42 [DEBUG] XGB iter  50: tr-p-rmse: 0.041260	tr-a-peak@32: 0.992693	tr-rmse: 0.545643	tr-rmse: 0.545643
2025-10-11 02:19:42 [DEBUG] XGB iter  75: tr-p-rmse: 0.041260	tr-a-peak@32: 0.992693	tr-rmse: 0.545643	tr-rmse: 0.545643
2025-10-11 02:19:42 [DEBUG] XGB stopped. Best iteration: [25] tr-p-rmse:0.04126	tr-a-peak@32:0.99269	tr-rmse:0.54564	tr-rmse:0.54564 
2025-10-11 02:19:42 [INFO] [task_scheduler.cc:237] [Updated] Task #0: "main"
2025-10-11 02:19:42 [INFO] [task_scheduler.cc:320] 
 ID | Name |      FLOP | Weight | Speed (GFLOPS) | Latency (us) | Weighted Latency (us) | Trials | Done 
--------------------------------------------------------------------------------------------------------
  0 | main | 231211008 |      1 |      9780.4339 |      23.6402 |               23.6402 |    512 |      
--------------------------------------------------------------------------------------------------------
Total trials: 512
Total latency (us): 23.6402

2025-10-11 02:19:42 [INFO] [task_scheduler.cc:180] TaskScheduler picks Task #0: "main"
2025-10-11 02:21:07 [INFO] [task_scheduler.cc:193] Sending 64 sample(s) to builder
2025-10-11 02:21:22 [INFO] [task_scheduler.cc:195] Sending 64 sample(s) to runner
2025-10-11 02:21:40 [DEBUG] XGB validation: p-rmse: 0.034412	a-peak@32: 0.993539
2025-10-11 02:21:40 [DEBUG] XGB iter   0: tr-p-rmse: 0.445675	tr-a-peak@32: 0.988776	tr-rmse: 0.481770	tr-rmse: 0.481770
2025-10-11 02:21:41 [DEBUG] XGB iter  25: tr-p-rmse: 0.037748	tr-a-peak@32: 0.992160	tr-rmse: 0.559783	tr-rmse: 0.559783
2025-10-11 02:21:41 [DEBUG] XGB iter  50: tr-p-rmse: 0.037747	tr-a-peak@32: 0.992160	tr-rmse: 0.559785	tr-rmse: 0.559785
2025-10-11 02:21:41 [DEBUG] XGB iter  75: tr-p-rmse: 0.037747	tr-a-peak@32: 0.992160	tr-rmse: 0.559785	tr-rmse: 0.559785
2025-10-11 02:21:41 [DEBUG] XGB stopped. Best iteration: [27] tr-p-rmse:0.03775	tr-a-peak@32:0.99216	tr-rmse:0.55978	tr-rmse:0.55978 
2025-10-11 02:21:41 [INFO] [task_scheduler.cc:237] [Updated] Task #0: "main"
2025-10-11 02:21:41 [INFO] [task_scheduler.cc:320] 
 ID | Name |      FLOP | Weight | Speed (GFLOPS) | Latency (us) | Weighted Latency (us) | Trials | Done 
--------------------------------------------------------------------------------------------------------
  0 | main | 231211008 |      1 |      9780.4339 |      23.6402 |               23.6402 |    576 |      
--------------------------------------------------------------------------------------------------------
Total trials: 576
Total latency (us): 23.6402

2025-10-11 02:21:41 [INFO] [task_scheduler.cc:180] TaskScheduler picks Task #0: "main"
2025-10-11 02:23:05 [INFO] [task_scheduler.cc:193] Sending 64 sample(s) to builder
2025-10-11 02:23:11 [INFO] [task_scheduler.cc:195] Sending 64 sample(s) to runner
2025-10-11 02:23:29 [DEBUG] XGB validation: p-rmse: 0.022173	a-peak@32: 0.996499
2025-10-11 02:23:29 [DEBUG] XGB iter   0: tr-p-rmse: 0.427036	tr-a-peak@32: 0.994456	tr-rmse: 0.493099	tr-rmse: 0.493099
2025-10-11 02:23:29 [DEBUG] XGB iter  25: tr-p-rmse: 0.037043	tr-a-peak@32: 0.988853	tr-rmse: 0.570515	tr-rmse: 0.570515
2025-10-11 02:23:29 [DEBUG] XGB iter  50: tr-p-rmse: 0.037042	tr-a-peak@32: 0.988853	tr-rmse: 0.570515	tr-rmse: 0.570515
2025-10-11 02:23:29 [DEBUG] XGB iter  75: tr-p-rmse: 0.037042	tr-a-peak@32: 0.988853	tr-rmse: 0.570515	tr-rmse: 0.570515
2025-10-11 02:23:29 [DEBUG] XGB stopped. Best iteration: [26] tr-p-rmse:0.03704	tr-a-peak@32:0.98885	tr-rmse:0.57051	tr-rmse:0.57051 
2025-10-11 02:23:29 [INFO] [task_scheduler.cc:237] [Updated] Task #0: "main"
2025-10-11 02:23:29 [INFO] [task_scheduler.cc:320] 
 ID | Name |      FLOP | Weight | Speed (GFLOPS) | Latency (us) | Weighted Latency (us) | Trials | Done 
--------------------------------------------------------------------------------------------------------
  0 | main | 231211008 |      1 |      9780.4339 |      23.6402 |               23.6402 |    640 |      
--------------------------------------------------------------------------------------------------------
Total trials: 640
Total latency (us): 23.6402

2025-10-11 02:23:29 [INFO] [task_scheduler.cc:180] TaskScheduler picks Task #0: "main"
2025-10-11 02:24:54 [INFO] [task_scheduler.cc:193] Sending 64 sample(s) to builder
2025-10-11 02:24:59 [INFO] [task_scheduler.cc:195] Sending 64 sample(s) to runner
2025-10-11 02:25:16 [DEBUG] XGB validation: p-rmse: 0.062478	a-peak@32: 0.997138
2025-10-11 02:25:16 [DEBUG] XGB iter   0: tr-p-rmse: 0.418463	tr-a-peak@32: 0.993407	tr-rmse: 0.499267	tr-rmse: 0.499268
2025-10-11 02:25:16 [DEBUG] XGB iter  25: tr-p-rmse: 0.034139	tr-a-peak@32: 0.992159	tr-rmse: 0.576152	tr-rmse: 0.576152
2025-10-11 02:25:16 [DEBUG] XGB iter  50: tr-p-rmse: 0.033852	tr-a-peak@32: 0.993738	tr-rmse: 0.576155	tr-rmse: 0.576155
2025-10-11 02:25:16 [DEBUG] XGB iter  75: tr-p-rmse: 0.033852	tr-a-peak@32: 0.993738	tr-rmse: 0.576155	tr-rmse: 0.576155
2025-10-11 02:25:16 [DEBUG] XGB stopped. Best iteration: [30] tr-p-rmse:0.03385	tr-a-peak@32:0.99374	tr-rmse:0.57615	tr-rmse:0.57615 
2025-10-11 02:25:16 [INFO] [task_scheduler.cc:237] [Updated] Task #0: "main"
2025-10-11 02:25:16 [INFO] [task_scheduler.cc:320] 
 ID | Name |      FLOP | Weight | Speed (GFLOPS) | Latency (us) | Weighted Latency (us) | Trials | Done 
--------------------------------------------------------------------------------------------------------
  0 | main | 231211008 |      1 |      9780.4339 |      23.6402 |               23.6402 |    704 |      
--------------------------------------------------------------------------------------------------------
Total trials: 704
Total latency (us): 23.6402

2025-10-11 02:25:16 [INFO] [task_scheduler.cc:180] TaskScheduler picks Task #0: "main"
2025-10-11 02:26:41 [INFO] [task_scheduler.cc:193] Sending 64 sample(s) to builder
2025-10-11 02:26:46 [INFO] [task_scheduler.cc:195] Sending 64 sample(s) to runner
2025-10-11 02:27:03 [DEBUG] XGB validation: p-rmse: 0.053777	a-peak@32: 0.996862
2025-10-11 02:27:03 [DEBUG] XGB iter   0: tr-p-rmse: 0.413954	tr-a-peak@32: 0.986261	tr-rmse: 0.504246	tr-rmse: 0.504246
2025-10-11 02:27:03 [DEBUG] XGB iter  25: tr-p-rmse: 0.033588	tr-a-peak@32: 0.995412	tr-rmse: 0.580437	tr-rmse: 0.580437
2025-10-11 02:27:03 [DEBUG] XGB iter  50: tr-p-rmse: 0.033588	tr-a-peak@32: 0.995412	tr-rmse: 0.580437	tr-rmse: 0.580437
2025-10-11 02:27:03 [DEBUG] XGB stopped. Best iteration: [21] tr-p-rmse:0.03359	tr-a-peak@32:0.99541	tr-rmse:0.58044	tr-rmse:0.58044 
2025-10-11 02:27:03 [INFO] [task_scheduler.cc:237] [Updated] Task #0: "main"
2025-10-11 02:27:03 [INFO] [task_scheduler.cc:320] 
 ID | Name |      FLOP | Weight | Speed (GFLOPS) | Latency (us) | Weighted Latency (us) | Trials | Done 
--------------------------------------------------------------------------------------------------------
  0 | main | 231211008 |      1 |      9780.4339 |      23.6402 |               23.6402 |    768 |      
--------------------------------------------------------------------------------------------------------
Total trials: 768
Total latency (us): 23.6402

2025-10-11 02:27:03 [INFO] [task_scheduler.cc:180] TaskScheduler picks Task #0: "main"
2025-10-11 02:28:27 [INFO] [task_scheduler.cc:193] Sending 64 sample(s) to builder
2025-10-11 02:28:38 [INFO] [task_scheduler.cc:195] Sending 64 sample(s) to runner
2025-10-11 02:28:57 [DEBUG] XGB validation: p-rmse: 0.066737	a-peak@32: 0.998556
2025-10-11 02:28:57 [DEBUG] XGB iter   0: tr-p-rmse: 0.401443	tr-a-peak@32: 0.982327	tr-rmse: 0.504674	tr-rmse: 0.504674
2025-10-11 02:28:58 [DEBUG] XGB iter  25: tr-p-rmse: 0.032663	tr-a-peak@32: 0.995623	tr-rmse: 0.581731	tr-rmse: 0.581731
2025-10-11 02:28:58 [DEBUG] XGB iter  50: tr-p-rmse: 0.032380	tr-a-peak@32: 0.995708	tr-rmse: 0.581732	tr-rmse: 0.581732
2025-10-11 02:28:58 [DEBUG] XGB iter  75: tr-p-rmse: 0.032380	tr-a-peak@32: 0.995708	tr-rmse: 0.581732	tr-rmse: 0.581732
2025-10-11 02:28:58 [DEBUG] XGB stopped. Best iteration: [29] tr-p-rmse:0.03238	tr-a-peak@32:0.99571	tr-rmse:0.58173	tr-rmse:0.58173 
2025-10-11 02:28:58 [INFO] [task_scheduler.cc:237] [Updated] Task #0: "main"
2025-10-11 02:28:58 [INFO] [task_scheduler.cc:320] 
 ID | Name |      FLOP | Weight | Speed (GFLOPS) | Latency (us) | Weighted Latency (us) | Trials | Done 
--------------------------------------------------------------------------------------------------------
  0 | main | 231211008 |      1 |      9780.4339 |      23.6402 |               23.6402 |    832 |      
--------------------------------------------------------------------------------------------------------
Total trials: 832
Total latency (us): 23.6402

2025-10-11 02:28:58 [INFO] [task_scheduler.cc:180] TaskScheduler picks Task #0: "main"
2025-10-11 02:30:21 [INFO] [task_scheduler.cc:193] Sending 64 sample(s) to builder
2025-10-11 02:30:27 [INFO] [task_scheduler.cc:195] Sending 64 sample(s) to runner
2025-10-11 02:30:46 [DEBUG] XGB validation: p-rmse: 0.045505	a-peak@32: 0.998148
2025-10-11 02:30:46 [DEBUG] XGB iter   0: tr-p-rmse: 0.389514	tr-a-peak@32: 0.985171	tr-rmse: 0.503298	tr-rmse: 0.503298
2025-10-11 02:30:46 [DEBUG] XGB iter  25: tr-p-rmse: 0.032630	tr-a-peak@32: 0.991950	tr-rmse: 0.581194	tr-rmse: 0.581194
2025-10-11 02:30:46 [DEBUG] XGB iter  50: tr-p-rmse: 0.032629	tr-a-peak@32: 0.991950	tr-rmse: 0.581198	tr-rmse: 0.581198
2025-10-11 02:30:46 [DEBUG] XGB iter  75: tr-p-rmse: 0.032629	tr-a-peak@32: 0.991950	tr-rmse: 0.581198	tr-rmse: 0.581198
2025-10-11 02:30:46 [DEBUG] XGB stopped. Best iteration: [26] tr-p-rmse:0.03263	tr-a-peak@32:0.99195	tr-rmse:0.58120	tr-rmse:0.58120 
2025-10-11 02:30:46 [INFO] [task_scheduler.cc:237] [Updated] Task #0: "main"
2025-10-11 02:30:46 [INFO] [task_scheduler.cc:320] 
 ID | Name |      FLOP | Weight | Speed (GFLOPS) | Latency (us) | Weighted Latency (us) | Trials | Done 
--------------------------------------------------------------------------------------------------------
  0 | main | 231211008 |      1 |      9780.4339 |      23.6402 |               23.6402 |    896 |      
--------------------------------------------------------------------------------------------------------
Total trials: 896
Total latency (us): 23.6402

2025-10-11 02:30:46 [INFO] [task_scheduler.cc:180] TaskScheduler picks Task #0: "main"
2025-10-11 02:32:10 [INFO] [task_scheduler.cc:193] Sending 64 sample(s) to builder
2025-10-11 02:32:16 [INFO] [task_scheduler.cc:195] Sending 64 sample(s) to runner
2025-10-11 02:32:37 [DEBUG] XGB validation: p-rmse: 0.035332	a-peak@32: 0.996634
2025-10-11 02:32:37 [DEBUG] XGB iter   0: tr-p-rmse: 0.383787	tr-a-peak@32: 0.995562	tr-rmse: 0.501039	tr-rmse: 0.501039
2025-10-11 02:32:37 [DEBUG] XGB iter  25: tr-p-rmse: 0.031921	tr-a-peak@32: 0.990588	tr-rmse: 0.579644	tr-rmse: 0.579644
2025-10-11 02:32:38 [DEBUG] XGB iter  50: tr-p-rmse: 0.031919	tr-a-peak@32: 0.990588	tr-rmse: 0.579649	tr-rmse: 0.579649
2025-10-11 02:32:38 [DEBUG] XGB iter  75: tr-p-rmse: 0.031919	tr-a-peak@32: 0.990588	tr-rmse: 0.579649	tr-rmse: 0.579649
2025-10-11 02:32:38 [DEBUG] XGB stopped. Best iteration: [29] tr-p-rmse:0.03192	tr-a-peak@32:0.99059	tr-rmse:0.57965	tr-rmse:0.57965 
2025-10-11 02:32:38 [INFO] [task_scheduler.cc:237] [Updated] Task #0: "main"
2025-10-11 02:32:38 [INFO] [task_scheduler.cc:320] 
 ID | Name |      FLOP | Weight | Speed (GFLOPS) | Latency (us) | Weighted Latency (us) | Trials | Done 
--------------------------------------------------------------------------------------------------------
  0 | main | 231211008 |      1 |      9780.4339 |      23.6402 |               23.6402 |    960 |      
--------------------------------------------------------------------------------------------------------
Total trials: 960
Total latency (us): 23.6402

2025-10-11 02:32:38 [INFO] [task_scheduler.cc:180] TaskScheduler picks Task #0: "main"
2025-10-11 02:34:02 [INFO] [task_scheduler.cc:193] Sending 40 sample(s) to builder
2025-10-11 02:34:07 [INFO] [task_scheduler.cc:195] Sending 40 sample(s) to runner
2025-10-11 02:34:18 [DEBUG] XGB validation: p-rmse: 0.038649	a-peak@32: 0.999037
2025-10-11 02:34:18 [DEBUG] XGB iter   0: tr-p-rmse: 0.381198	tr-a-peak@32: 0.993637	tr-rmse: 0.500215	tr-rmse: 0.500215
2025-10-11 02:34:18 [DEBUG] XGB iter  25: tr-p-rmse: 0.031815	tr-a-peak@32: 0.993983	tr-rmse: 0.579102	tr-rmse: 0.579102
2025-10-11 02:34:18 [DEBUG] XGB iter  50: tr-p-rmse: 0.031814	tr-a-peak@32: 0.993983	tr-rmse: 0.579103	tr-rmse: 0.579103
2025-10-11 02:34:18 [DEBUG] XGB iter  75: tr-p-rmse: 0.031814	tr-a-peak@32: 0.993983	tr-rmse: 0.579103	tr-rmse: 0.579103
2025-10-11 02:34:18 [DEBUG] XGB stopped. Best iteration: [26] tr-p-rmse:0.03181	tr-a-peak@32:0.99398	tr-rmse:0.57910	tr-rmse:0.57910 
2025-10-11 02:34:18 [INFO] [task_scheduler.cc:237] [Updated] Task #0: "main"
2025-10-11 02:34:18 [INFO] [task_scheduler.cc:320] 
 ID | Name |      FLOP | Weight | Speed (GFLOPS) | Latency (us) | Weighted Latency (us) | Trials | Done 
--------------------------------------------------------------------------------------------------------
  0 | main | 231211008 |      1 |      9780.4339 |      23.6402 |               23.6402 |   1000 |      
--------------------------------------------------------------------------------------------------------
Total trials: 1000
Total latency (us): 23.6402

2025-10-11 02:34:18 [INFO] [task_scheduler.cc:260] Task #0 has finished. Remaining task(s): 0
2025-10-11 02:34:18 [INFO] [task_scheduler.cc:320] 
 ID | Name |      FLOP | Weight | Speed (GFLOPS) | Latency (us) | Weighted Latency (us) | Trials | Done 
--------------------------------------------------------------------------------------------------------
  0 | main | 231211008 |      1 |      9780.4339 |      23.6402 |               23.6402 |   1000 |    Y 
--------------------------------------------------------------------------------------------------------
Total trials: 1000
Total latency (us): 23.6402

