2025-10-07 10:07:26 [INFO] Logging directory: ./layer_6/logs
2025-10-07 10:07:26 [INFO] LocalBuilder: max_workers = 32
2025-10-07 10:07:27 [INFO] [task_scheduler.cc:159] Initializing Task #0: "main"
2025-10-07 10:07:27 [INFO] [task_scheduler.cc:320] 
 ID | Name |      FLOP | Weight | Speed (GFLOPS) | Latency (us) | Weighted Latency (us) | Trials | Done 
--------------------------------------------------------------------------------------------------------
  0 | main | 115605504 |      1 |            N/A |          N/A |                   N/A |      0 |      
--------------------------------------------------------------------------------------------------------
Total trials: 0
Total latency (us): 0

2025-10-07 10:07:27 [INFO] [task_scheduler.cc:180] TaskScheduler picks Task #0: "main"
2025-10-07 10:08:19 [INFO] [task_scheduler.cc:193] Sending 64 sample(s) to builder
2025-10-07 10:08:39 [INFO] [task_scheduler.cc:195] Sending 64 sample(s) to runner
2025-10-07 10:08:58 [DEBUG] XGB iter   0: tr-p-rmse: 0.602506	tr-a-peak@32: 1.000000	tr-rmse: 0.281290	tr-rmse: 0.281290
2025-10-07 10:08:58 [DEBUG] XGB iter  25: tr-p-rmse: 0.051534	tr-a-peak@32: 1.000000	tr-rmse: 0.349364	tr-rmse: 0.349364
2025-10-07 10:08:59 [DEBUG] XGB iter  50: tr-p-rmse: 0.051534	tr-a-peak@32: 1.000000	tr-rmse: 0.349364	tr-rmse: 0.349364
2025-10-07 10:08:59 [DEBUG] XGB stopped. Best iteration: [23] tr-p-rmse:0.05153	tr-a-peak@32:1.00000	tr-rmse:0.34936	tr-rmse:0.34936 
2025-10-07 10:08:59 [INFO] [task_scheduler.cc:237] [Updated] Task #0: "main"
2025-10-07 10:08:59 [INFO] [task_scheduler.cc:320] 
 ID | Name |      FLOP | Weight | Speed (GFLOPS) | Latency (us) | Weighted Latency (us) | Trials | Done 
--------------------------------------------------------------------------------------------------------
  0 | main | 115605504 |      1 |      6610.7619 |      17.4875 |               17.4875 |     64 |      
--------------------------------------------------------------------------------------------------------
Total trials: 64
Total latency (us): 17.4875

2025-10-07 10:08:59 [INFO] [task_scheduler.cc:180] TaskScheduler picks Task #0: "main"
2025-10-07 10:09:50 [INFO] [task_scheduler.cc:193] Sending 64 sample(s) to builder
2025-10-07 10:10:18 [INFO] [task_scheduler.cc:195] Sending 64 sample(s) to runner
2025-10-07 10:10:35 [DEBUG] XGB validation: p-rmse: 0.307583	a-peak@32: 0.895413
2025-10-07 10:10:35 [DEBUG] XGB iter   0: tr-p-rmse: 0.606618	tr-a-peak@32: 0.993247	tr-rmse: 0.289103	tr-rmse: 0.289103
2025-10-07 10:10:35 [DEBUG] XGB iter  25: tr-p-rmse: 0.051184	tr-a-peak@32: 1.000000	tr-rmse: 0.349681	tr-rmse: 0.349681
2025-10-07 10:10:35 [DEBUG] XGB iter  50: tr-p-rmse: 0.051184	tr-a-peak@32: 1.000000	tr-rmse: 0.349681	tr-rmse: 0.349681
2025-10-07 10:10:35 [DEBUG] XGB stopped. Best iteration: [19] tr-p-rmse:0.05118	tr-a-peak@32:1.00000	tr-rmse:0.34968	tr-rmse:0.34968 
2025-10-07 10:10:35 [INFO] [task_scheduler.cc:237] [Updated] Task #0: "main"
2025-10-07 10:10:35 [INFO] [task_scheduler.cc:320] 
 ID | Name |      FLOP | Weight | Speed (GFLOPS) | Latency (us) | Weighted Latency (us) | Trials | Done 
--------------------------------------------------------------------------------------------------------
  0 | main | 115605504 |      1 |      7905.2860 |      14.6238 |               14.6238 |    128 |      
--------------------------------------------------------------------------------------------------------
Total trials: 128
Total latency (us): 14.6238

2025-10-07 10:10:35 [INFO] [task_scheduler.cc:180] TaskScheduler picks Task #0: "main"
2025-10-07 10:11:44 [INFO] [task_scheduler.cc:193] Sending 64 sample(s) to builder
2025-10-07 10:12:10 [INFO] [task_scheduler.cc:195] Sending 64 sample(s) to runner
2025-10-07 10:12:30 [DEBUG] XGB validation: p-rmse: 0.543593	a-peak@32: 0.823438
2025-10-07 10:12:30 [DEBUG] XGB iter   0: tr-p-rmse: 0.641764	tr-a-peak@32: 0.836780	tr-rmse: 0.297348	tr-rmse: 0.297348
2025-10-07 10:12:30 [DEBUG] XGB iter  25: tr-p-rmse: 0.051671	tr-a-peak@32: 1.000000	tr-rmse: 0.351053	tr-rmse: 0.351053
2025-10-07 10:12:30 [DEBUG] XGB iter  50: tr-p-rmse: 0.051669	tr-a-peak@32: 1.000000	tr-rmse: 0.351056	tr-rmse: 0.351056
2025-10-07 10:12:31 [DEBUG] XGB iter  75: tr-p-rmse: 0.051669	tr-a-peak@32: 1.000000	tr-rmse: 0.351056	tr-rmse: 0.351056
2025-10-07 10:12:31 [DEBUG] XGB stopped. Best iteration: [28] tr-p-rmse:0.05167	tr-a-peak@32:1.00000	tr-rmse:0.35106	tr-rmse:0.35106 
2025-10-07 10:12:31 [INFO] [task_scheduler.cc:237] [Updated] Task #0: "main"
2025-10-07 10:12:31 [INFO] [task_scheduler.cc:320] 
 ID | Name |      FLOP | Weight | Speed (GFLOPS) | Latency (us) | Weighted Latency (us) | Trials | Done 
--------------------------------------------------------------------------------------------------------
  0 | main | 115605504 |      1 |     10413.1697 |      11.1019 |               11.1019 |    192 |      
--------------------------------------------------------------------------------------------------------
Total trials: 192
Total latency (us): 11.1019

2025-10-07 10:12:31 [INFO] [task_scheduler.cc:180] TaskScheduler picks Task #0: "main"
2025-10-07 10:13:40 [INFO] [task_scheduler.cc:193] Sending 64 sample(s) to builder
2025-10-07 10:14:15 [INFO] [task_scheduler.cc:195] Sending 64 sample(s) to runner
2025-10-07 10:14:34 [DEBUG] XGB validation: p-rmse: 0.285594	a-peak@32: 0.989897
2025-10-07 10:14:34 [DEBUG] XGB iter   0: tr-p-rmse: 0.610286	tr-a-peak@32: 0.985326	tr-rmse: 0.378329	tr-rmse: 0.378329
2025-10-07 10:14:34 [DEBUG] XGB iter  25: tr-p-rmse: 0.047559	tr-a-peak@32: 0.999772	tr-rmse: 0.443934	tr-rmse: 0.443934
2025-10-07 10:14:34 [DEBUG] XGB iter  50: tr-p-rmse: 0.047506	tr-a-peak@32: 0.999772	tr-rmse: 0.444007	tr-rmse: 0.444007
2025-10-07 10:14:34 [DEBUG] XGB iter  75: tr-p-rmse: 0.047506	tr-a-peak@32: 0.999772	tr-rmse: 0.444007	tr-rmse: 0.444007
2025-10-07 10:14:34 [DEBUG] XGB stopped. Best iteration: [32] tr-p-rmse:0.04751	tr-a-peak@32:0.99977	tr-rmse:0.44401	tr-rmse:0.44401 
2025-10-07 10:14:34 [INFO] [task_scheduler.cc:237] [Updated] Task #0: "main"
2025-10-07 10:14:34 [INFO] [task_scheduler.cc:320] 
 ID | Name |      FLOP | Weight | Speed (GFLOPS) | Latency (us) | Weighted Latency (us) | Trials | Done 
--------------------------------------------------------------------------------------------------------
  0 | main | 115605504 |      1 |     10779.5679 |      10.7245 |               10.7245 |    256 |      
--------------------------------------------------------------------------------------------------------
Total trials: 256
Total latency (us): 10.7245

2025-10-07 10:14:34 [INFO] [task_scheduler.cc:180] TaskScheduler picks Task #0: "main"
2025-10-07 10:15:45 [INFO] [task_scheduler.cc:193] Sending 64 sample(s) to builder
2025-10-07 10:16:12 [INFO] [task_scheduler.cc:195] Sending 64 sample(s) to runner
2025-10-07 10:16:30 [DEBUG] XGB validation: p-rmse: 0.268317	a-peak@32: 0.997812
2025-10-07 10:16:30 [DEBUG] XGB iter   0: tr-p-rmse: 0.559636	tr-a-peak@32: 0.948604	tr-rmse: 0.411833	tr-rmse: 0.411833
2025-10-07 10:16:30 [DEBUG] XGB iter  25: tr-p-rmse: 0.052765	tr-a-peak@32: 0.998043	tr-rmse: 0.485309	tr-rmse: 0.485309
2025-10-07 10:16:30 [DEBUG] XGB iter  50: tr-p-rmse: 0.052640	tr-a-peak@32: 0.998043	tr-rmse: 0.485355	tr-rmse: 0.485355
2025-10-07 10:16:30 [DEBUG] XGB iter  75: tr-p-rmse: 0.052640	tr-a-peak@32: 0.998043	tr-rmse: 0.485355	tr-rmse: 0.485355
2025-10-07 10:16:30 [DEBUG] XGB stopped. Best iteration: [32] tr-p-rmse:0.05264	tr-a-peak@32:0.99804	tr-rmse:0.48535	tr-rmse:0.48535 
2025-10-07 10:16:30 [INFO] [task_scheduler.cc:237] [Updated] Task #0: "main"
2025-10-07 10:16:30 [INFO] [task_scheduler.cc:320] 
 ID | Name |      FLOP | Weight | Speed (GFLOPS) | Latency (us) | Weighted Latency (us) | Trials | Done 
--------------------------------------------------------------------------------------------------------
  0 | main | 115605504 |      1 |     10839.7022 |      10.6650 |               10.6650 |    320 |      
--------------------------------------------------------------------------------------------------------
Total trials: 320
Total latency (us): 10.665

2025-10-07 10:16:30 [INFO] [task_scheduler.cc:180] TaskScheduler picks Task #0: "main"
2025-10-07 10:17:40 [INFO] [task_scheduler.cc:193] Sending 64 sample(s) to builder
2025-10-07 10:17:49 [INFO] [task_scheduler.cc:195] Sending 64 sample(s) to runner
2025-10-07 10:18:08 [DEBUG] XGB validation: p-rmse: 0.082234	a-peak@32: 0.945989
2025-10-07 10:18:09 [DEBUG] XGB iter   0: tr-p-rmse: 0.526952	tr-a-peak@32: 0.987999	tr-rmse: 0.420452	tr-rmse: 0.420452
2025-10-07 10:18:09 [DEBUG] XGB iter  25: tr-p-rmse: 0.052256	tr-a-peak@32: 1.000000	tr-rmse: 0.499689	tr-rmse: 0.499689
2025-10-07 10:18:09 [DEBUG] XGB iter  50: tr-p-rmse: 0.052255	tr-a-peak@32: 1.000000	tr-rmse: 0.499690	tr-rmse: 0.499690
2025-10-07 10:18:09 [DEBUG] XGB iter  75: tr-p-rmse: 0.052255	tr-a-peak@32: 1.000000	tr-rmse: 0.499690	tr-rmse: 0.499690
2025-10-07 10:18:09 [DEBUG] XGB stopped. Best iteration: [26] tr-p-rmse:0.05226	tr-a-peak@32:1.00000	tr-rmse:0.49969	tr-rmse:0.49969 
2025-10-07 10:18:09 [INFO] [task_scheduler.cc:237] [Updated] Task #0: "main"
2025-10-07 10:18:09 [INFO] [task_scheduler.cc:320] 
 ID | Name |      FLOP | Weight | Speed (GFLOPS) | Latency (us) | Weighted Latency (us) | Trials | Done 
--------------------------------------------------------------------------------------------------------
  0 | main | 115605504 |      1 |     11366.9301 |      10.1703 |               10.1703 |    384 |      
--------------------------------------------------------------------------------------------------------
Total trials: 384
Total latency (us): 10.1703

2025-10-07 10:18:09 [INFO] [task_scheduler.cc:180] TaskScheduler picks Task #0: "main"
2025-10-07 10:19:18 [INFO] [task_scheduler.cc:193] Sending 64 sample(s) to builder
2025-10-07 10:19:29 [INFO] [task_scheduler.cc:195] Sending 64 sample(s) to runner
2025-10-07 10:19:46 [DEBUG] XGB validation: p-rmse: 0.058126	a-peak@32: 0.996727
2025-10-07 10:19:46 [DEBUG] XGB iter   0: tr-p-rmse: 0.505815	tr-a-peak@32: 0.951293	tr-rmse: 0.446464	tr-rmse: 0.446464
2025-10-07 10:19:46 [DEBUG] XGB iter  25: tr-p-rmse: 0.045844	tr-a-peak@32: 0.998715	tr-rmse: 0.524196	tr-rmse: 0.524196
2025-10-07 10:19:46 [DEBUG] XGB iter  50: tr-p-rmse: 0.044073	tr-a-peak@32: 0.999675	tr-rmse: 0.524209	tr-rmse: 0.524209
2025-10-07 10:19:46 [DEBUG] XGB iter  75: tr-p-rmse: 0.044073	tr-a-peak@32: 0.999675	tr-rmse: 0.524209	tr-rmse: 0.524209
2025-10-07 10:19:46 [DEBUG] XGB stopped. Best iteration: [31] tr-p-rmse:0.04407	tr-a-peak@32:0.99967	tr-rmse:0.52421	tr-rmse:0.52421 
2025-10-07 10:19:46 [INFO] [task_scheduler.cc:237] [Updated] Task #0: "main"
2025-10-07 10:19:46 [INFO] [task_scheduler.cc:320] 
 ID | Name |      FLOP | Weight | Speed (GFLOPS) | Latency (us) | Weighted Latency (us) | Trials | Done 
--------------------------------------------------------------------------------------------------------
  0 | main | 115605504 |      1 |     11366.9301 |      10.1703 |               10.1703 |    448 |      
--------------------------------------------------------------------------------------------------------
Total trials: 448
Total latency (us): 10.1703

2025-10-07 10:19:46 [INFO] [task_scheduler.cc:180] TaskScheduler picks Task #0: "main"
2025-10-07 10:20:54 [INFO] [task_scheduler.cc:193] Sending 64 sample(s) to builder
2025-10-07 10:21:17 [INFO] [task_scheduler.cc:195] Sending 64 sample(s) to runner
2025-10-07 10:21:34 [DEBUG] XGB validation: p-rmse: 0.042916	a-peak@32: 0.989569
2025-10-07 10:21:34 [DEBUG] XGB iter   0: tr-p-rmse: 0.477015	tr-a-peak@32: 0.973804	tr-rmse: 0.451619	tr-rmse: 0.451618
2025-10-07 10:21:34 [DEBUG] XGB iter  25: tr-p-rmse: 0.046133	tr-a-peak@32: 0.997949	tr-rmse: 0.532136	tr-rmse: 0.532136
2025-10-07 10:21:34 [DEBUG] XGB iter  50: tr-p-rmse: 0.046009	tr-a-peak@32: 0.997949	tr-rmse: 0.532174	tr-rmse: 0.532174
2025-10-07 10:21:34 [DEBUG] XGB iter  75: tr-p-rmse: 0.046009	tr-a-peak@32: 0.997949	tr-rmse: 0.532174	tr-rmse: 0.532174
2025-10-07 10:21:34 [DEBUG] XGB stopped. Best iteration: [29] tr-p-rmse:0.04601	tr-a-peak@32:0.99795	tr-rmse:0.53217	tr-rmse:0.53217 
2025-10-07 10:21:34 [INFO] [task_scheduler.cc:237] [Updated] Task #0: "main"
2025-10-07 10:21:34 [INFO] [task_scheduler.cc:320] 
 ID | Name |      FLOP | Weight | Speed (GFLOPS) | Latency (us) | Weighted Latency (us) | Trials | Done 
--------------------------------------------------------------------------------------------------------
  0 | main | 115605504 |      1 |     11417.6832 |      10.1251 |               10.1251 |    512 |      
--------------------------------------------------------------------------------------------------------
Total trials: 512
Total latency (us): 10.1251

2025-10-07 10:21:34 [INFO] [task_scheduler.cc:180] TaskScheduler picks Task #0: "main"
2025-10-07 10:22:42 [INFO] [task_scheduler.cc:193] Sending 64 sample(s) to builder
2025-10-07 10:22:53 [INFO] [task_scheduler.cc:195] Sending 64 sample(s) to runner
2025-10-07 10:23:10 [DEBUG] XGB validation: p-rmse: 0.040818	a-peak@32: 0.997443
2025-10-07 10:23:10 [DEBUG] XGB iter   0: tr-p-rmse: 0.460957	tr-a-peak@32: 0.937262	tr-rmse: 0.449698	tr-rmse: 0.449698
2025-10-07 10:23:10 [DEBUG] XGB iter  25: tr-p-rmse: 0.044374	tr-a-peak@32: 0.998765	tr-rmse: 0.531940	tr-rmse: 0.531940
2025-10-07 10:23:10 [DEBUG] XGB iter  50: tr-p-rmse: 0.042904	tr-a-peak@32: 0.998765	tr-rmse: 0.531961	tr-rmse: 0.531961
2025-10-07 10:23:10 [DEBUG] XGB iter  75: tr-p-rmse: 0.042904	tr-a-peak@32: 0.998765	tr-rmse: 0.531961	tr-rmse: 0.531961
2025-10-07 10:23:10 [DEBUG] XGB stopped. Best iteration: [33] tr-p-rmse:0.04290	tr-a-peak@32:0.99877	tr-rmse:0.53196	tr-rmse:0.53196 
2025-10-07 10:23:11 [INFO] [task_scheduler.cc:237] [Updated] Task #0: "main"
2025-10-07 10:23:11 [INFO] [task_scheduler.cc:320] 
 ID | Name |      FLOP | Weight | Speed (GFLOPS) | Latency (us) | Weighted Latency (us) | Trials | Done 
--------------------------------------------------------------------------------------------------------
  0 | main | 115605504 |      1 |     11417.6832 |      10.1251 |               10.1251 |    576 |      
--------------------------------------------------------------------------------------------------------
Total trials: 576
Total latency (us): 10.1251

2025-10-07 10:23:11 [INFO] [task_scheduler.cc:180] TaskScheduler picks Task #0: "main"
2025-10-07 10:24:20 [INFO] [task_scheduler.cc:193] Sending 64 sample(s) to builder
2025-10-07 10:24:31 [INFO] [task_scheduler.cc:195] Sending 64 sample(s) to runner
2025-10-07 10:24:48 [DEBUG] XGB validation: p-rmse: 0.081487	a-peak@32: 0.983509
2025-10-07 10:24:48 [DEBUG] XGB iter   0: tr-p-rmse: 0.451051	tr-a-peak@32: 0.976738	tr-rmse: 0.452284	tr-rmse: 0.452284
2025-10-07 10:24:48 [DEBUG] XGB iter  25: tr-p-rmse: 0.042508	tr-a-peak@32: 0.997047	tr-rmse: 0.534292	tr-rmse: 0.534292
2025-10-07 10:24:48 [DEBUG] XGB iter  50: tr-p-rmse: 0.042505	tr-a-peak@32: 0.997047	tr-rmse: 0.534298	tr-rmse: 0.534298
2025-10-07 10:24:48 [DEBUG] XGB iter  75: tr-p-rmse: 0.042505	tr-a-peak@32: 0.997047	tr-rmse: 0.534298	tr-rmse: 0.534298
2025-10-07 10:24:48 [DEBUG] XGB stopped. Best iteration: [27] tr-p-rmse:0.04251	tr-a-peak@32:0.99705	tr-rmse:0.53430	tr-rmse:0.53430 
2025-10-07 10:24:49 [INFO] [task_scheduler.cc:237] [Updated] Task #0: "main"
2025-10-07 10:24:49 [INFO] [task_scheduler.cc:320] 
 ID | Name |      FLOP | Weight | Speed (GFLOPS) | Latency (us) | Weighted Latency (us) | Trials | Done 
--------------------------------------------------------------------------------------------------------
  0 | main | 115605504 |      1 |     11417.6832 |      10.1251 |               10.1251 |    640 |      
--------------------------------------------------------------------------------------------------------
Total trials: 640
Total latency (us): 10.1251

2025-10-07 10:24:49 [INFO] [task_scheduler.cc:180] TaskScheduler picks Task #0: "main"
2025-10-07 10:25:58 [INFO] [task_scheduler.cc:193] Sending 64 sample(s) to builder
2025-10-07 10:26:21 [INFO] [task_scheduler.cc:195] Sending 64 sample(s) to runner
2025-10-07 10:26:39 [DEBUG] XGB validation: p-rmse: 0.276234	a-peak@32: 0.996382
2025-10-07 10:26:39 [DEBUG] XGB iter   0: tr-p-rmse: 0.457065	tr-a-peak@32: 0.973375	tr-rmse: 0.450516	tr-rmse: 0.450516
2025-10-07 10:26:39 [DEBUG] XGB iter  25: tr-p-rmse: 0.041466	tr-a-peak@32: 0.999506	tr-rmse: 0.533950	tr-rmse: 0.533950
2025-10-07 10:26:39 [DEBUG] XGB iter  50: tr-p-rmse: 0.041118	tr-a-peak@32: 0.999506	tr-rmse: 0.533970	tr-rmse: 0.533969
2025-10-07 10:26:39 [DEBUG] XGB iter  75: tr-p-rmse: 0.041118	tr-a-peak@32: 0.999506	tr-rmse: 0.533969	tr-rmse: 0.533969
2025-10-07 10:26:39 [DEBUG] XGB stopped. Best iteration: [30] tr-p-rmse:0.04112	tr-a-peak@32:0.99951	tr-rmse:0.53397	tr-rmse:0.53397 
2025-10-07 10:26:39 [INFO] [task_scheduler.cc:237] [Updated] Task #0: "main"
2025-10-07 10:26:39 [INFO] [task_scheduler.cc:320] 
 ID | Name |      FLOP | Weight | Speed (GFLOPS) | Latency (us) | Weighted Latency (us) | Trials | Done 
--------------------------------------------------------------------------------------------------------
  0 | main | 115605504 |      1 |     11417.6832 |      10.1251 |               10.1251 |    704 |      
--------------------------------------------------------------------------------------------------------
Total trials: 704
Total latency (us): 10.1251

2025-10-07 10:26:39 [INFO] [task_scheduler.cc:180] TaskScheduler picks Task #0: "main"
2025-10-07 10:27:49 [INFO] [task_scheduler.cc:193] Sending 64 sample(s) to builder
2025-10-07 10:28:01 [INFO] [task_scheduler.cc:195] Sending 64 sample(s) to runner
2025-10-07 10:28:19 [DEBUG] XGB validation: p-rmse: 0.186513	a-peak@32: 0.996805
2025-10-07 10:28:19 [DEBUG] XGB iter   0: tr-p-rmse: 0.453727	tr-a-peak@32: 0.965766	tr-rmse: 0.445542	tr-rmse: 0.445542
2025-10-07 10:28:19 [DEBUG] XGB iter  25: tr-p-rmse: 0.042466	tr-a-peak@32: 0.998365	tr-rmse: 0.529711	tr-rmse: 0.529711
2025-10-07 10:28:19 [DEBUG] XGB iter  50: tr-p-rmse: 0.039590	tr-a-peak@32: 0.998414	tr-rmse: 0.529781	tr-rmse: 0.529781
2025-10-07 10:28:19 [DEBUG] XGB iter  75: tr-p-rmse: 0.039590	tr-a-peak@32: 0.998414	tr-rmse: 0.529781	tr-rmse: 0.529781
2025-10-07 10:28:19 [DEBUG] XGB stopped. Best iteration: [39] tr-p-rmse:0.03959	tr-a-peak@32:0.99841	tr-rmse:0.52978	tr-rmse:0.52978 
2025-10-07 10:28:19 [INFO] [task_scheduler.cc:237] [Updated] Task #0: "main"
2025-10-07 10:28:19 [INFO] [task_scheduler.cc:320] 
 ID | Name |      FLOP | Weight | Speed (GFLOPS) | Latency (us) | Weighted Latency (us) | Trials | Done 
--------------------------------------------------------------------------------------------------------
  0 | main | 115605504 |      1 |     11417.6832 |      10.1251 |               10.1251 |    768 |      
--------------------------------------------------------------------------------------------------------
Total trials: 768
Total latency (us): 10.1251

2025-10-07 10:28:19 [INFO] [task_scheduler.cc:180] TaskScheduler picks Task #0: "main"
2025-10-07 10:29:27 [INFO] [task_scheduler.cc:193] Sending 64 sample(s) to builder
2025-10-07 10:29:42 [INFO] [task_scheduler.cc:195] Sending 64 sample(s) to runner
2025-10-07 10:29:59 [DEBUG] XGB validation: p-rmse: 0.148613	a-peak@32: 0.996538
2025-10-07 10:29:59 [DEBUG] XGB iter   0: tr-p-rmse: 0.452053	tr-a-peak@32: 0.931205	tr-rmse: 0.443385	tr-rmse: 0.443385
2025-10-07 10:29:59 [DEBUG] XGB iter  25: tr-p-rmse: 0.047171	tr-a-peak@32: 1.000000	tr-rmse: 0.527362	tr-rmse: 0.527362
2025-10-07 10:29:59 [DEBUG] XGB iter  50: tr-p-rmse: 0.044325	tr-a-peak@32: 0.998414	tr-rmse: 0.527434	tr-rmse: 0.527434
2025-10-07 10:29:59 [DEBUG] XGB iter  75: tr-p-rmse: 0.044325	tr-a-peak@32: 0.998414	tr-rmse: 0.527434	tr-rmse: 0.527434
2025-10-07 10:29:59 [DEBUG] XGB stopped. Best iteration: [39] tr-p-rmse:0.04433	tr-a-peak@32:0.99841	tr-rmse:0.52743	tr-rmse:0.52743 
2025-10-07 10:30:00 [INFO] [task_scheduler.cc:237] [Updated] Task #0: "main"
2025-10-07 10:30:00 [INFO] [task_scheduler.cc:320] 
 ID | Name |      FLOP | Weight | Speed (GFLOPS) | Latency (us) | Weighted Latency (us) | Trials | Done 
--------------------------------------------------------------------------------------------------------
  0 | main | 115605504 |      1 |     11417.6832 |      10.1251 |               10.1251 |    832 |      
--------------------------------------------------------------------------------------------------------
Total trials: 832
Total latency (us): 10.1251

2025-10-07 10:30:00 [INFO] [task_scheduler.cc:180] TaskScheduler picks Task #0: "main"
2025-10-07 10:31:09 [INFO] [task_scheduler.cc:193] Sending 64 sample(s) to builder
2025-10-07 10:31:21 [INFO] [task_scheduler.cc:195] Sending 64 sample(s) to runner
2025-10-07 10:31:38 [DEBUG] XGB validation: p-rmse: 0.208852	a-peak@32: 0.920795
2025-10-07 10:31:38 [DEBUG] XGB iter   0: tr-p-rmse: 0.446810	tr-a-peak@32: 0.987424	tr-rmse: 0.444326	tr-rmse: 0.444326
2025-10-07 10:31:38 [DEBUG] XGB iter  25: tr-p-rmse: 0.048285	tr-a-peak@32: 0.998126	tr-rmse: 0.528797	tr-rmse: 0.528797
2025-10-07 10:31:39 [DEBUG] XGB iter  50: tr-p-rmse: 0.045168	tr-a-peak@32: 0.997095	tr-rmse: 0.528850	tr-rmse: 0.528850
2025-10-07 10:31:39 [DEBUG] XGB iter  75: tr-p-rmse: 0.045168	tr-a-peak@32: 0.997095	tr-rmse: 0.528850	tr-rmse: 0.528850
2025-10-07 10:31:39 [DEBUG] XGB stopped. Best iteration: [43] tr-p-rmse:0.04517	tr-a-peak@32:0.99709	tr-rmse:0.52885	tr-rmse:0.52885 
2025-10-07 10:31:39 [INFO] [task_scheduler.cc:237] [Updated] Task #0: "main"
2025-10-07 10:31:39 [INFO] [task_scheduler.cc:320] 
 ID | Name |      FLOP | Weight | Speed (GFLOPS) | Latency (us) | Weighted Latency (us) | Trials | Done 
--------------------------------------------------------------------------------------------------------
  0 | main | 115605504 |      1 |     11417.6832 |      10.1251 |               10.1251 |    896 |      
--------------------------------------------------------------------------------------------------------
Total trials: 896
Total latency (us): 10.1251

2025-10-07 10:31:39 [INFO] [task_scheduler.cc:180] TaskScheduler picks Task #0: "main"
2025-10-07 10:32:48 [INFO] [task_scheduler.cc:193] Sending 64 sample(s) to builder
2025-10-07 10:32:58 [INFO] [task_scheduler.cc:195] Sending 64 sample(s) to runner
2025-10-07 10:33:15 [DEBUG] XGB validation: p-rmse: 0.065775	a-peak@32: 0.994406
2025-10-07 10:33:15 [DEBUG] XGB iter   0: tr-p-rmse: 0.438399	tr-a-peak@32: 0.973827	tr-rmse: 0.452954	tr-rmse: 0.452953
2025-10-07 10:33:15 [DEBUG] XGB iter  25: tr-p-rmse: 0.046693	tr-a-peak@32: 0.994845	tr-rmse: 0.536557	tr-rmse: 0.536557
2025-10-07 10:33:15 [DEBUG] XGB iter  50: tr-p-rmse: 0.043470	tr-a-peak@32: 0.994628	tr-rmse: 0.536614	tr-rmse: 0.536614
2025-10-07 10:33:15 [DEBUG] XGB iter  75: tr-p-rmse: 0.043470	tr-a-peak@32: 0.994628	tr-rmse: 0.536614	tr-rmse: 0.536613
2025-10-07 10:33:15 [DEBUG] XGB stopped. Best iteration: [38] tr-p-rmse:0.04347	tr-a-peak@32:0.99463	tr-rmse:0.53661	tr-rmse:0.53661 
2025-10-07 10:33:15 [INFO] [task_scheduler.cc:237] [Updated] Task #0: "main"
2025-10-07 10:33:15 [INFO] [task_scheduler.cc:320] 
 ID | Name |      FLOP | Weight | Speed (GFLOPS) | Latency (us) | Weighted Latency (us) | Trials | Done 
--------------------------------------------------------------------------------------------------------
  0 | main | 115605504 |      1 |     11417.6832 |      10.1251 |               10.1251 |    960 |      
--------------------------------------------------------------------------------------------------------
Total trials: 960
Total latency (us): 10.1251

2025-10-07 10:33:15 [INFO] [task_scheduler.cc:180] TaskScheduler picks Task #0: "main"
2025-10-07 10:34:25 [INFO] [task_scheduler.cc:193] Sending 40 sample(s) to builder
2025-10-07 10:34:33 [INFO] [task_scheduler.cc:195] Sending 40 sample(s) to runner
2025-10-07 10:34:44 [DEBUG] XGB validation: p-rmse: 0.081114	a-peak@32: 0.998344
2025-10-07 10:34:44 [DEBUG] XGB iter   0: tr-p-rmse: 0.433475	tr-a-peak@32: 0.970342	tr-rmse: 0.455947	tr-rmse: 0.455947
2025-10-07 10:34:44 [DEBUG] XGB iter  25: tr-p-rmse: 0.045752	tr-a-peak@32: 0.990539	tr-rmse: 0.539420	tr-rmse: 0.539420
2025-10-07 10:34:44 [DEBUG] XGB iter  50: tr-p-rmse: 0.043616	tr-a-peak@32: 0.990844	tr-rmse: 0.539455	tr-rmse: 0.539455
2025-10-07 10:34:44 [DEBUG] XGB iter  75: tr-p-rmse: 0.043616	tr-a-peak@32: 0.990844	tr-rmse: 0.539455	tr-rmse: 0.539455
2025-10-07 10:34:44 [DEBUG] XGB stopped. Best iteration: [34] tr-p-rmse:0.04362	tr-a-peak@32:0.99084	tr-rmse:0.53945	tr-rmse:0.53945 
2025-10-07 10:34:45 [INFO] [task_scheduler.cc:237] [Updated] Task #0: "main"
2025-10-07 10:34:45 [INFO] [task_scheduler.cc:320] 
 ID | Name |      FLOP | Weight | Speed (GFLOPS) | Latency (us) | Weighted Latency (us) | Trials | Done 
--------------------------------------------------------------------------------------------------------
  0 | main | 115605504 |      1 |     11417.6832 |      10.1251 |               10.1251 |   1000 |      
--------------------------------------------------------------------------------------------------------
Total trials: 1000
Total latency (us): 10.1251

2025-10-07 10:34:45 [INFO] [task_scheduler.cc:260] Task #0 has finished. Remaining task(s): 0
2025-10-07 10:34:45 [INFO] [task_scheduler.cc:320] 
 ID | Name |      FLOP | Weight | Speed (GFLOPS) | Latency (us) | Weighted Latency (us) | Trials | Done 
--------------------------------------------------------------------------------------------------------
  0 | main | 115605504 |      1 |     11417.6832 |      10.1251 |               10.1251 |   1000 |    Y 
--------------------------------------------------------------------------------------------------------
Total trials: 1000
Total latency (us): 10.1251

2025-10-07 10:34:45 [INFO] LocalRunner: max_workers = 1
